{"phase": "checkpoint equivalence", "id": "line_endings-coding", "tokens": 113}
{"device_memory": {"interface": "cudaMemGetInfo", "free_bytes": 10630332416, "total_bytes": 33647230976, "device_used_bytes": 23016898560, "measurement": "point sample; device-wide, not peak", "elapsed_s": 11.967256976000499}}
{"loss": 0.11026418954133987, "global_l2": 174.66448305429756, "finite": true, "arrays": 396, "bytes": 1518206976, "mode": "unwrapped", "repeat": 0, "warmup": true}
{"device_memory": {"interface": "cudaMemGetInfo", "free_bytes": 10456268800, "total_bytes": 33647230976, "device_used_bytes": 23190962176, "measurement": "point sample; device-wide, not peak", "elapsed_s": 12.329841806000331}}
{"loss": 0.11029624193906784, "global_l2": 174.49464421401305, "finite": true, "arrays": 396, "bytes": 1518206976, "mode": "unwrapped", "repeat": 1, "warmup": false}
{"device_memory": {"interface": "cudaMemGetInfo", "free_bytes": 8812101632, "total_bytes": 33647230976, "device_used_bytes": 24835129344, "measurement": "point sample; device-wide, not peak", "elapsed_s": 12.68461912299972}}
{"loss": 0.11029624193906784, "global_l2": 174.6564093531211, "finite": true, "arrays": 396, "bytes": 1518206976, "mode": "unwrapped", "repeat": 2, "warmup": false}
{"device_memory": {"interface": "cudaMemGetInfo", "free_bytes": 8757575680, "total_bytes": 33647230976, "device_used_bytes": 24889655296, "measurement": "point sample; device-wide, not peak", "elapsed_s": 13.04901535398676}}
{"loss": 0.11029624193906784, "global_l2": 174.34535478289922, "finite": true, "arrays": 396, "bytes": 1518206976, "mode": "unwrapped", "repeat": 3, "warmup": false}
{"device_memory": {"interface": "cudaMemGetInfo", "free_bytes": 8757575680, "total_bytes": 33647230976, "device_used_bytes": 24889655296, "measurement": "point sample; device-wide, not peak", "elapsed_s": 13.413901141000679}}
{"loss": 0.10774289071559906, "global_l2": 168.8191872055721, "finite": true, "arrays": 396, "bytes": 1518206976, "mode": "unwrapped", "repeat": 4, "warmup": false}
{"device_memory": {"interface": "cudaMemGetInfo", "free_bytes": 8791130112, "total_bytes": 33647230976, "device_used_bytes": 24856100864, "measurement": "point sample; device-wide, not peak", "elapsed_s": 13.77202287898399}}
{"loss": 0.10960368067026138, "global_l2": 173.76605141684033, "finite": true, "arrays": 396, "bytes": 1518206976, "mode": "unwrapped", "repeat": 5, "warmup": false}
{"device_memory": {"interface": "cudaMemGetInfo", "free_bytes": 10538057728, "total_bytes": 33647230976, "device_used_bytes": 23109173248, "measurement": "point sample; device-wide, not peak", "elapsed_s": 14.21428033200209}}
{"loss": 0.11029624193906784, "global_l2": 174.57548958115513, "finite": true, "arrays": 396, "bytes": 1518206976, "mode": "checkpointed", "repeat": 0, "warmup": true}
{"device_memory": {"interface": "cudaMemGetInfo", "free_bytes": 10101850112, "total_bytes": 33647230976, "device_used_bytes": 23545380864, "measurement": "point sample; device-wide, not peak", "elapsed_s": 14.628212280978914}}
{"loss": 0.11029624193906784, "global_l2": 174.3008634964985, "finite": true, "arrays": 396, "bytes": 1518206976, "mode": "checkpointed", "repeat": 1, "warmup": false}
{"device_memory": {"interface": "cudaMemGetInfo", "free_bytes": 8491237376, "total_bytes": 33647230976, "device_used_bytes": 25155993600, "measurement": "point sample; device-wide, not peak", "elapsed_s": 15.03724371897988}}
{"loss": 0.1097031980752945, "global_l2": 175.12491077799297, "finite": true, "arrays": 396, "bytes": 1518206976, "mode": "checkpointed", "repeat": 2, "warmup": false}
{"device_memory": {"interface": "cudaMemGetInfo", "free_bytes": 8424128512, "total_bytes": 33647230976, "device_used_bytes": 25223102464, "measurement": "point sample; device-wide, not peak", "elapsed_s": 15.451185498997802}}
{"loss": 0.11029624193906784, "global_l2": 174.15302291555264, "finite": true, "arrays": 396, "bytes": 1518206976, "mode": "checkpointed", "repeat": 3, "warmup": false}
{"device_memory": {"interface": "cudaMemGetInfo", "free_bytes": 8524791808, "total_bytes": 33647230976, "device_used_bytes": 25122439168, "measurement": "point sample; device-wide, not peak", "elapsed_s": 15.866856788983569}}
{"loss": 0.11029624193906784, "global_l2": 174.61602965506918, "finite": true, "arrays": 396, "bytes": 1518206976, "mode": "checkpointed", "repeat": 4, "warmup": false}
{"device_memory": {"interface": "cudaMemGetInfo", "free_bytes": 8424128512, "total_bytes": 33647230976, "device_used_bytes": 25223102464, "measurement": "point sample; device-wide, not peak", "elapsed_s": 16.278523592976853}}
{"loss": 0.11045726388692856, "global_l2": 175.04621041670683, "finite": true, "arrays": 396, "bytes": 1518206976, "mode": "checkpointed", "repeat": 5, "warmup": false}
{"phase": "full backward", "arm": "U", "id": "decimal_octets-conversation", "tokens": 1319}
{"device_memory": {"interface": "cudaMemGetInfo", "free_bytes": 9202171904, "total_bytes": 33647230976, "device_used_bytes": 24445059072, "measurement": "point sample; device-wide, not peak", "elapsed_s": 18.68676488698111}}
{"loss": 0.105771504342556, "global_l2": 113.27044776082374, "finite": true, "arrays": 396, "bytes": 1518206976, "arm": "U", "id": "decimal_octets-conversation", "tokens": 1319, "scored_tokens": 1318, "mlx_peak_bytes": 21445533176, "full_context": true, "detached_cache": false, "optimizer_updates": 0}
{"phase": "full backward", "arm": "S", "id": "decimal_octets-conversation", "tokens": 1319}
{"device_memory": {"interface": "cudaMemGetInfo", "free_bytes": 3363700736, "total_bytes": 33647230976, "device_used_bytes": 30283530240, "measurement": "point sample; device-wide, not peak", "elapsed_s": 20.998522468988085}}
{"loss": 0.0681162178516388, "global_l2": 70.34690477710267, "finite": true, "arrays": 396, "bytes": 1518206976, "arm": "S", "id": "decimal_octets-conversation", "tokens": 1319, "scored_tokens": 512, "mlx_peak_bytes": 26542796584, "full_context": true, "detached_cache": false, "optimizer_updates": 0}
