{"phase": "checkpoint equivalence", "id": "line_endings-coding", "tokens": 113}
{"loss": 0.11029624193906784, "global_l2": 174.42915825629612, "finite": true, "arrays": 396, "bytes": 1518206976, "mode": "unwrapped", "repeat": 0, "warmup": true}
{"loss": 0.11029624193906784, "global_l2": 174.54409923605266, "finite": true, "arrays": 396, "bytes": 1518206976, "mode": "unwrapped", "repeat": 1, "warmup": false}
{"loss": 0.11029624193906784, "global_l2": 174.49653023054643, "finite": true, "arrays": 396, "bytes": 1518206976, "mode": "unwrapped", "repeat": 2, "warmup": false}
{"loss": 0.11029624193906784, "global_l2": 174.46224296033225, "finite": true, "arrays": 396, "bytes": 1518206976, "mode": "unwrapped", "repeat": 3, "warmup": false}
{"loss": 0.11029624193906784, "global_l2": 174.3912794820171, "finite": true, "arrays": 396, "bytes": 1518206976, "mode": "unwrapped", "repeat": 4, "warmup": false}
{"loss": 0.11029624193906784, "global_l2": 174.59724860017124, "finite": true, "arrays": 396, "bytes": 1518206976, "mode": "unwrapped", "repeat": 5, "warmup": false}
{"loss": 0.10990185290575027, "global_l2": 173.48084480894425, "finite": true, "arrays": 396, "bytes": 1518206976, "mode": "checkpointed", "repeat": 0, "warmup": true}
{"loss": 0.10987669229507446, "global_l2": 174.04755882911715, "finite": true, "arrays": 396, "bytes": 1518206976, "mode": "checkpointed", "repeat": 1, "warmup": false}
{"loss": 0.11029624193906784, "global_l2": 174.58161482348305, "finite": true, "arrays": 396, "bytes": 1518206976, "mode": "checkpointed", "repeat": 2, "warmup": false}
{"loss": 0.11029624193906784, "global_l2": 174.39554090486374, "finite": true, "arrays": 396, "bytes": 1518206976, "mode": "checkpointed", "repeat": 3, "warmup": false}
{"loss": 0.10978590697050095, "global_l2": 172.30123852391486, "finite": true, "arrays": 396, "bytes": 1518206976, "mode": "checkpointed", "repeat": 4, "warmup": false}
{"loss": 0.11029624193906784, "global_l2": 174.55453347378293, "finite": true, "arrays": 396, "bytes": 1518206976, "mode": "checkpointed", "repeat": 5, "warmup": false}
{"phase": "full backward", "arm": "U", "id": "decimal_octets-conversation", "tokens": 1319}
Traceback (most recent call last):
  File "/home/imad/GitHub/personal/mellum-mlx/scripts/calibration_v2_runtime.py", line 298, in <module>
    if __name__=='__main__':main()
                            ^^^^^^
  File "/home/imad/GitHub/personal/mellum-mlx/scripts/calibration_v2_runtime.py", line 287, in main
    started=time.monotonic();base.preflight(argparse.Namespace(output=args.output/'detail'))
                             ^^^^^^^^^^^^^^^^^^^^^^^^^^^^^^^^^^^^^^^^^^^^^^^^^^^^^^^^^^^^^^^
  File "/home/imad/GitHub/personal/mellum-mlx/scripts/calibration_v2_objective.py", line 271, in preflight
    result=gradient_receipt(loss,grads)
           ^^^^^^^^^^^^^^^^^^^^^^^^^^^^
  File "/home/imad/GitHub/personal/mellum-mlx/scripts/calibration_v2_objective.py", line 197, in gradient_receipt
    flat = dict(tree_flatten(grads)); mx.eval(loss,flat)
                                      ^^^^^^^^^^^^^^^^^^
RuntimeError: cudaMallocAsync(&data, size, stream) failed: out of memory
