/home/imad/GitHub/personal/mellum-mlx/.venv/lib/python3.12/site-packages/mlx_lm/server.py:1745: UserWarning: mlx_lm.server is not recommended for production as it only implements basic security checks.
  warnings.warn(
2026-10-09 22:53:24,294 - INFO - Starting httpd at 127.0.0.1 on port 50049...
127.0.0.1 - - [09/Oct/2026 22:53:24] "GET /v1/models HTTP/1.1" 200 -
127.0.0.1 - - [09/Oct/2026 22:53:25] "POST /v1/chat/completions HTTP/1.1" 200 -
2026-10-09 22:53:25,790 - INFO - Prompt Cache: 0 sequences, 0.00 GB
2026-10-09 22:53:25,790 - INFO - - assistant: 0 sequences, 0.00 GB
2026-10-09 22:53:25,790 - INFO - - user: 0 sequences, 0.00 GB
2026-10-09 22:53:25,790 - INFO - - system: 0 sequences, 0.00 GB
2026-10-09 22:53:25,792 - INFO - Prompt processing progress: 0/64
2026-10-09 22:53:26,150 - INFO - Prompt processing progress: 63/64
2026-10-09 22:53:26,170 - INFO - Prompt processing progress: 64/64
127.0.0.1 - - [09/Oct/2026 22:53:41] "POST /v1/chat/completions HTTP/1.1" 200 -
2026-10-09 22:53:41,869 - INFO - Prompt Cache: 1 sequences, 0.10 GB
2026-10-09 22:53:41,869 - INFO - - assistant: 1 sequences, 0.10 GB
2026-10-09 22:53:41,869 - INFO - - user: 0 sequences, 0.00 GB
2026-10-09 22:53:41,869 - INFO - - system: 0 sequences, 0.00 GB
2026-10-09 22:53:41,875 - INFO - Prompt processing progress: 0/67
2026-10-09 22:53:41,947 - INFO - Prompt processing progress: 66/67
2026-10-09 22:53:41,952 - INFO - Prompt processing progress: 67/67
127.0.0.1 - - [09/Oct/2026 22:54:09] "POST /v1/chat/completions HTTP/1.1" 200 -
2026-10-09 22:54:09,302 - INFO - Prompt Cache: 2 sequences, 0.23 GB
2026-10-09 22:54:09,302 - INFO - - assistant: 2 sequences, 0.23 GB
2026-10-09 22:54:09,302 - INFO - - user: 0 sequences, 0.00 GB
2026-10-09 22:54:09,302 - INFO - - system: 0 sequences, 0.00 GB
2026-10-09 22:54:09,321 - INFO - Prompt processing progress: 0/94
2026-10-09 22:54:09,403 - INFO - Prompt processing progress: 93/94
2026-10-09 22:54:09,409 - INFO - Prompt processing progress: 94/94
127.0.0.1 - - [09/Oct/2026 22:54:46] "POST /v1/chat/completions HTTP/1.1" 200 -
2026-10-09 22:54:46,819 - INFO - Prompt Cache: 3 sequences, 0.39 GB
2026-10-09 22:54:46,819 - INFO - - assistant: 3 sequences, 0.39 GB
2026-10-09 22:54:46,819 - INFO - - user: 0 sequences, 0.00 GB
2026-10-09 22:54:46,819 - INFO - - system: 0 sequences, 0.00 GB
2026-10-09 22:54:46,864 - INFO - Prompt processing progress: 0/87
2026-10-09 22:54:46,942 - INFO - Prompt processing progress: 86/87
2026-10-09 22:54:46,947 - INFO - Prompt processing progress: 87/87
127.0.0.1 - - [09/Oct/2026 22:55:05] "POST /v1/chat/completions HTTP/1.1" 200 -
2026-10-09 22:55:05,596 - INFO - Prompt Cache: 4 sequences, 0.50 GB
2026-10-09 22:55:05,596 - INFO - - assistant: 4 sequences, 0.50 GB
2026-10-09 22:55:05,596 - INFO - - user: 0 sequences, 0.00 GB
2026-10-09 22:55:05,596 - INFO - - system: 0 sequences, 0.00 GB
2026-10-09 22:55:05,622 - INFO - Prompt processing progress: 0/63
2026-10-09 22:55:05,691 - INFO - Prompt processing progress: 62/63
2026-10-09 22:55:05,696 - INFO - Prompt processing progress: 63/63
127.0.0.1 - - [09/Oct/2026 22:55:16] "POST /v1/chat/completions HTTP/1.1" 200 -
2026-10-09 22:55:16,520 - INFO - Prompt Cache: 5 sequences, 0.58 GB
2026-10-09 22:55:16,520 - INFO - - assistant: 5 sequences, 0.58 GB
2026-10-09 22:55:16,520 - INFO - - user: 0 sequences, 0.00 GB
2026-10-09 22:55:16,520 - INFO - - system: 0 sequences, 0.00 GB
2026-10-09 22:55:16,533 - INFO - Prompt processing progress: 0/82
2026-10-09 22:55:16,610 - INFO - Prompt processing progress: 81/82
2026-10-09 22:55:16,615 - INFO - Prompt processing progress: 82/82
127.0.0.1 - - [09/Oct/2026 22:55:53] "POST /v1/chat/completions HTTP/1.1" 200 -
2026-10-09 22:55:53,912 - INFO - Prompt Cache: 6 sequences, 0.75 GB
2026-10-09 22:55:53,912 - INFO - - assistant: 6 sequences, 0.75 GB
2026-10-09 22:55:53,912 - INFO - - user: 0 sequences, 0.00 GB
2026-10-09 22:55:53,912 - INFO - - system: 0 sequences, 0.00 GB
2026-10-09 22:55:53,950 - INFO - Prompt processing progress: 0/73
2026-10-09 22:55:54,024 - INFO - Prompt processing progress: 72/73
2026-10-09 22:55:54,029 - INFO - Prompt processing progress: 73/73
127.0.0.1 - - [09/Oct/2026 22:56:06] "POST /v1/chat/completions HTTP/1.1" 200 -
2026-10-09 22:56:06,763 - INFO - Prompt Cache: 7 sequences, 0.83 GB
2026-10-09 22:56:06,763 - INFO - - assistant: 7 sequences, 0.83 GB
2026-10-09 22:56:06,763 - INFO - - user: 0 sequences, 0.00 GB
2026-10-09 22:56:06,763 - INFO - - system: 0 sequences, 0.00 GB
2026-10-09 22:56:06,783 - INFO - Prompt processing progress: 0/78
2026-10-09 22:56:06,858 - INFO - Prompt processing progress: 77/78
2026-10-09 22:56:06,863 - INFO - Prompt processing progress: 78/78
127.0.0.1 - - [09/Oct/2026 22:56:27] "POST /v1/chat/completions HTTP/1.1" 200 -
2026-10-09 22:56:27,059 - INFO - Prompt Cache: 8 sequences, 0.94 GB
2026-10-09 22:56:27,059 - INFO - - assistant: 8 sequences, 0.94 GB
2026-10-09 22:56:27,059 - INFO - - user: 0 sequences, 0.00 GB
2026-10-09 22:56:27,059 - INFO - - system: 0 sequences, 0.00 GB
2026-10-09 22:56:27,084 - INFO - Prompt processing progress: 0/68
2026-10-09 22:56:27,156 - INFO - Prompt processing progress: 67/68
2026-10-09 22:56:27,161 - INFO - Prompt processing progress: 68/68
127.0.0.1 - - [09/Oct/2026 22:57:04] "POST /v1/chat/completions HTTP/1.1" 200 -
2026-10-09 22:57:04,450 - INFO - Prompt Cache: 9 sequences, 1.10 GB
2026-10-09 22:57:04,450 - INFO - - assistant: 9 sequences, 1.10 GB
2026-10-09 22:57:04,450 - INFO - - user: 0 sequences, 0.00 GB
2026-10-09 22:57:04,450 - INFO - - system: 0 sequences, 0.00 GB
2026-10-09 22:57:04,502 - INFO - Prompt processing progress: 0/73
2026-10-09 22:57:04,543 - INFO - Prompt processing progress: 72/73
2026-10-09 22:57:04,548 - INFO - Prompt processing progress: 73/73
127.0.0.1 - - [09/Oct/2026 22:57:41] "POST /v1/chat/completions HTTP/1.1" 200 -
2026-10-09 22:57:41,811 - INFO - Prompt Cache: 10 sequences, 1.27 GB
2026-10-09 22:57:41,811 - INFO - - assistant: 10 sequences, 1.27 GB
2026-10-09 22:57:41,811 - INFO - - user: 0 sequences, 0.00 GB
2026-10-09 22:57:41,811 - INFO - - system: 0 sequences, 0.00 GB
2026-10-09 22:57:41,883 - INFO - Prompt processing progress: 0/95
2026-10-09 22:57:41,967 - INFO - Prompt processing progress: 94/95
2026-10-09 22:57:41,972 - INFO - Prompt processing progress: 95/95
127.0.0.1 - - [09/Oct/2026 22:58:04] "POST /v1/chat/completions HTTP/1.1" 200 -
2026-10-09 22:58:04,915 - INFO - Prompt Cache: 10 sequences, 1.29 GB
2026-10-09 22:58:04,915 - INFO - - assistant: 10 sequences, 1.29 GB
2026-10-09 22:58:04,915 - INFO - - user: 0 sequences, 0.00 GB
2026-10-09 22:58:04,915 - INFO - - system: 0 sequences, 0.00 GB
2026-10-09 22:58:04,966 - INFO - Prompt processing progress: 0/102
2026-10-09 22:58:05,053 - INFO - Prompt processing progress: 101/102
2026-10-09 22:58:05,058 - INFO - Prompt processing progress: 102/102
127.0.0.1 - - [09/Oct/2026 22:58:41] "POST /v1/chat/completions HTTP/1.1" 200 -
2026-10-09 22:58:41,784 - INFO - Prompt Cache: 10 sequences, 1.32 GB
2026-10-09 22:58:41,784 - INFO - - assistant: 10 sequences, 1.32 GB
2026-10-09 22:58:41,784 - INFO - - user: 0 sequences, 0.00 GB
2026-10-09 22:58:41,784 - INFO - - system: 0 sequences, 0.00 GB
2026-10-09 22:58:41,862 - INFO - Prompt processing progress: 0/72
2026-10-09 22:58:41,935 - INFO - Prompt processing progress: 71/72
2026-10-09 22:58:41,940 - INFO - Prompt processing progress: 72/72
127.0.0.1 - - [09/Oct/2026 22:58:52] "POST /v1/chat/completions HTTP/1.1" 200 -
2026-10-09 22:58:52,341 - INFO - Prompt Cache: 10 sequences, 1.24 GB
2026-10-09 22:58:52,341 - INFO - - assistant: 10 sequences, 1.24 GB
2026-10-09 22:58:52,341 - INFO - - user: 0 sequences, 0.00 GB
2026-10-09 22:58:52,342 - INFO - - system: 0 sequences, 0.00 GB
2026-10-09 22:58:52,365 - INFO - Prompt processing progress: 0/84
2026-10-09 22:58:52,443 - INFO - Prompt processing progress: 83/84
2026-10-09 22:58:52,448 - INFO - Prompt processing progress: 84/84
127.0.0.1 - - [09/Oct/2026 22:59:09] "POST /v1/chat/completions HTTP/1.1" 200 -
2026-10-09 22:59:09,301 - INFO - Prompt Cache: 10 sequences, 1.23 GB
2026-10-09 22:59:09,302 - INFO - - assistant: 10 sequences, 1.23 GB
2026-10-09 22:59:09,302 - INFO - - user: 0 sequences, 0.00 GB
2026-10-09 22:59:09,302 - INFO - - system: 0 sequences, 0.00 GB
2026-10-09 22:59:09,328 - INFO - Prompt processing progress: 0/93
2026-10-09 22:59:09,410 - INFO - Prompt processing progress: 92/93
2026-10-09 22:59:09,416 - INFO - Prompt processing progress: 93/93
127.0.0.1 - - [09/Oct/2026 22:59:46] "POST /v1/chat/completions HTTP/1.1" 200 -
2026-10-09 22:59:46,501 - INFO - Prompt Cache: 10 sequences, 1.31 GB
2026-10-09 22:59:46,501 - INFO - - assistant: 10 sequences, 1.31 GB
2026-10-09 22:59:46,501 - INFO - - user: 0 sequences, 0.00 GB
2026-10-09 22:59:46,501 - INFO - - system: 0 sequences, 0.00 GB
2026-10-09 22:59:46,551 - INFO - Prompt processing progress: 0/99
2026-10-09 22:59:46,637 - INFO - Prompt processing progress: 98/99
2026-10-09 22:59:46,642 - INFO - Prompt processing progress: 99/99
127.0.0.1 - - [09/Oct/2026 23:00:10] "POST /v1/chat/completions HTTP/1.1" 200 -
2026-10-09 23:00:10,309 - INFO - Prompt Cache: 10 sequences, 1.27 GB
2026-10-09 23:00:10,310 - INFO - - assistant: 10 sequences, 1.27 GB
2026-10-09 23:00:10,310 - INFO - - user: 0 sequences, 0.00 GB
2026-10-09 23:00:10,310 - INFO - - system: 0 sequences, 0.00 GB
2026-10-09 23:00:10,351 - INFO - Prompt processing progress: 0/73
2026-10-09 23:00:10,392 - INFO - Prompt processing progress: 72/73
2026-10-09 23:00:10,398 - INFO - Prompt processing progress: 73/73
127.0.0.1 - - [09/Oct/2026 23:00:47] "POST /v1/chat/completions HTTP/1.1" 200 -
2026-10-09 23:00:47,330 - INFO - Prompt Cache: 10 sequences, 1.35 GB
2026-10-09 23:00:47,331 - INFO - - assistant: 10 sequences, 1.35 GB
2026-10-09 23:00:47,331 - INFO - - user: 0 sequences, 0.00 GB
2026-10-09 23:00:47,331 - INFO - - system: 0 sequences, 0.00 GB
2026-10-09 23:00:47,397 - INFO - Prompt processing progress: 0/76
2026-10-09 23:00:47,473 - INFO - Prompt processing progress: 75/76
2026-10-09 23:00:47,479 - INFO - Prompt processing progress: 76/76
127.0.0.1 - - [09/Oct/2026 23:01:24] "POST /v1/chat/completions HTTP/1.1" 200 -
2026-10-09 23:01:24,390 - INFO - Prompt Cache: 10 sequences, 1.41 GB
2026-10-09 23:01:24,390 - INFO - - assistant: 10 sequences, 1.41 GB
2026-10-09 23:01:24,390 - INFO - - user: 0 sequences, 0.00 GB
2026-10-09 23:01:24,390 - INFO - - system: 0 sequences, 0.00 GB
2026-10-09 23:01:24,481 - INFO - Prompt processing progress: 0/80
2026-10-09 23:01:24,558 - INFO - Prompt processing progress: 79/80
2026-10-09 23:01:24,563 - INFO - Prompt processing progress: 80/80
127.0.0.1 - - [09/Oct/2026 23:01:46] "POST /v1/chat/completions HTTP/1.1" 200 -
2026-10-09 23:01:46,959 - INFO - Prompt Cache: 10 sequences, 1.36 GB
2026-10-09 23:01:46,959 - INFO - - assistant: 10 sequences, 1.36 GB
2026-10-09 23:01:46,959 - INFO - - user: 0 sequences, 0.00 GB
2026-10-09 23:01:46,959 - INFO - - system: 0 sequences, 0.00 GB
2026-10-09 23:01:47,022 - INFO - Prompt processing progress: 0/85
2026-10-09 23:01:47,100 - INFO - Prompt processing progress: 84/85
2026-10-09 23:01:47,105 - INFO - Prompt processing progress: 85/85
127.0.0.1 - - [09/Oct/2026 23:01:59] "POST /v1/chat/completions HTTP/1.1" 200 -
2026-10-09 23:01:59,655 - INFO - Prompt Cache: 10 sequences, 1.28 GB
2026-10-09 23:01:59,655 - INFO - - assistant: 10 sequences, 1.28 GB
2026-10-09 23:01:59,656 - INFO - - user: 0 sequences, 0.00 GB
2026-10-09 23:01:59,656 - INFO - - system: 0 sequences, 0.00 GB
2026-10-09 23:01:59,684 - INFO - Prompt processing progress: 0/71
2026-10-09 23:01:59,757 - INFO - Prompt processing progress: 70/71
2026-10-09 23:01:59,763 - INFO - Prompt processing progress: 71/71
127.0.0.1 - - [09/Oct/2026 23:02:27] "POST /v1/chat/completions HTTP/1.1" 200 -
2026-10-09 23:02:27,934 - INFO - Prompt Cache: 10 sequences, 1.30 GB
2026-10-09 23:02:27,934 - INFO - - assistant: 10 sequences, 1.30 GB
2026-10-09 23:02:27,934 - INFO - - user: 0 sequences, 0.00 GB
2026-10-09 23:02:27,934 - INFO - - system: 0 sequences, 0.00 GB
2026-10-09 23:02:27,977 - INFO - Prompt processing progress: 0/75
2026-10-09 23:02:28,052 - INFO - Prompt processing progress: 74/75
2026-10-09 23:02:28,057 - INFO - Prompt processing progress: 75/75
127.0.0.1 - - [09/Oct/2026 23:03:05] "POST /v1/chat/completions HTTP/1.1" 200 -
2026-10-09 23:03:05,259 - INFO - Prompt Cache: 10 sequences, 1.30 GB
2026-10-09 23:03:05,259 - INFO - - assistant: 10 sequences, 1.30 GB
2026-10-09 23:03:05,259 - INFO - - user: 0 sequences, 0.00 GB
2026-10-09 23:03:05,259 - INFO - - system: 0 sequences, 0.00 GB
2026-10-09 23:03:05,323 - INFO - Prompt processing progress: 0/78
2026-10-09 23:03:05,366 - INFO - Prompt processing progress: 77/78
2026-10-09 23:03:05,377 - INFO - Prompt processing progress: 78/78
127.0.0.1 - - [09/Oct/2026 23:03:26] "POST /v1/chat/completions HTTP/1.1" 200 -
2026-10-09 23:03:26,039 - INFO - Prompt Cache: 10 sequences, 1.33 GB
2026-10-09 23:03:26,039 - INFO - - assistant: 10 sequences, 1.33 GB
2026-10-09 23:03:26,039 - INFO - - user: 0 sequences, 0.00 GB
2026-10-09 23:03:26,039 - INFO - - system: 0 sequences, 0.00 GB
2026-10-09 23:03:26,086 - INFO - Prompt processing progress: 0/83
2026-10-09 23:03:26,166 - INFO - Prompt processing progress: 82/83
2026-10-09 23:03:26,171 - INFO - Prompt processing progress: 83/83
