/home/imad/GitHub/personal/mellum-mlx/.venv/lib/python3.12/site-packages/mlx_lm/server.py:1745: UserWarning: mlx_lm.server is not recommended for production as it only implements basic security checks.
  warnings.warn(
2026-10-09 22:21:43,899 - INFO - Starting httpd at 127.0.0.1 on port 44363...
127.0.0.1 - - [09/Oct/2026 22:21:44] "GET /v1/models HTTP/1.1" 200 -
127.0.0.1 - - [09/Oct/2026 22:21:46] "POST /v1/chat/completions HTTP/1.1" 200 -
2026-10-09 22:21:46,083 - INFO - Prompt Cache: 0 sequences, 0.00 GB
2026-10-09 22:21:46,083 - INFO - - assistant: 0 sequences, 0.00 GB
2026-10-09 22:21:46,083 - INFO - - user: 0 sequences, 0.00 GB
2026-10-09 22:21:46,083 - INFO - - system: 0 sequences, 0.00 GB
2026-10-09 22:21:46,085 - INFO - Prompt processing progress: 0/64
2026-10-09 22:21:46,400 - INFO - Prompt processing progress: 63/64
2026-10-09 22:21:46,418 - INFO - Prompt processing progress: 64/64
127.0.0.1 - - [09/Oct/2026 22:21:59] "POST /v1/chat/completions HTTP/1.1" 200 -
2026-10-09 22:21:59,698 - INFO - Prompt Cache: 1 sequences, 0.08 GB
2026-10-09 22:21:59,698 - INFO - - assistant: 1 sequences, 0.08 GB
2026-10-09 22:21:59,698 - INFO - - user: 0 sequences, 0.00 GB
2026-10-09 22:21:59,698 - INFO - - system: 0 sequences, 0.00 GB
2026-10-09 22:21:59,701 - INFO - Prompt processing progress: 0/67
2026-10-09 22:21:59,767 - INFO - Prompt processing progress: 66/67
2026-10-09 22:21:59,772 - INFO - Prompt processing progress: 67/67
127.0.0.1 - - [09/Oct/2026 22:22:18] "POST /v1/chat/completions HTTP/1.1" 200 -
2026-10-09 22:22:18,377 - INFO - Prompt Cache: 2 sequences, 0.17 GB
2026-10-09 22:22:18,377 - INFO - - assistant: 2 sequences, 0.17 GB
2026-10-09 22:22:18,377 - INFO - - user: 0 sequences, 0.00 GB
2026-10-09 22:22:18,377 - INFO - - system: 0 sequences, 0.00 GB
2026-10-09 22:22:18,385 - INFO - Prompt processing progress: 0/94
2026-10-09 22:22:18,452 - INFO - Prompt processing progress: 93/94
2026-10-09 22:22:18,457 - INFO - Prompt processing progress: 94/94
127.0.0.1 - - [09/Oct/2026 22:22:40] "POST /v1/chat/completions HTTP/1.1" 200 -
2026-10-09 22:22:40,510 - INFO - Prompt Cache: 3 sequences, 0.28 GB
2026-10-09 22:22:40,510 - INFO - - assistant: 3 sequences, 0.28 GB
2026-10-09 22:22:40,510 - INFO - - user: 0 sequences, 0.00 GB
2026-10-09 22:22:40,510 - INFO - - system: 0 sequences, 0.00 GB
2026-10-09 22:22:40,524 - INFO - Prompt processing progress: 0/87
2026-10-09 22:22:40,589 - INFO - Prompt processing progress: 86/87
2026-10-09 22:22:40,594 - INFO - Prompt processing progress: 87/87
127.0.0.1 - - [09/Oct/2026 22:22:49] "POST /v1/chat/completions HTTP/1.1" 200 -
2026-10-09 22:22:49,922 - INFO - Prompt Cache: 4 sequences, 0.34 GB
2026-10-09 22:22:49,923 - INFO - - assistant: 4 sequences, 0.34 GB
2026-10-09 22:22:49,923 - INFO - - user: 0 sequences, 0.00 GB
2026-10-09 22:22:49,923 - INFO - - system: 0 sequences, 0.00 GB
2026-10-09 22:22:49,929 - INFO - Prompt processing progress: 0/63
2026-10-09 22:22:49,993 - INFO - Prompt processing progress: 62/63
2026-10-09 22:22:49,998 - INFO - Prompt processing progress: 63/63
127.0.0.1 - - [09/Oct/2026 22:22:57] "POST /v1/chat/completions HTTP/1.1" 200 -
2026-10-09 22:22:57,035 - INFO - Prompt Cache: 5 sequences, 0.41 GB
2026-10-09 22:22:57,035 - INFO - - assistant: 5 sequences, 0.41 GB
2026-10-09 22:22:57,035 - INFO - - user: 0 sequences, 0.00 GB
2026-10-09 22:22:57,035 - INFO - - system: 0 sequences, 0.00 GB
2026-10-09 22:22:57,040 - INFO - Prompt processing progress: 0/82
2026-10-09 22:22:57,104 - INFO - Prompt processing progress: 81/82
2026-10-09 22:22:57,109 - INFO - Prompt processing progress: 82/82
127.0.0.1 - - [09/Oct/2026 22:23:44] "POST /v1/chat/completions HTTP/1.1" 200 -
2026-10-09 22:23:44,512 - INFO - Prompt Cache: 6 sequences, 0.57 GB
2026-10-09 22:23:44,512 - INFO - - assistant: 6 sequences, 0.57 GB
2026-10-09 22:23:44,512 - INFO - - user: 0 sequences, 0.00 GB
2026-10-09 22:23:44,512 - INFO - - system: 0 sequences, 0.00 GB
2026-10-09 22:23:44,541 - INFO - Prompt processing progress: 0/73
2026-10-09 22:23:44,606 - INFO - Prompt processing progress: 72/73
2026-10-09 22:23:44,611 - INFO - Prompt processing progress: 73/73
127.0.0.1 - - [09/Oct/2026 22:23:52] "POST /v1/chat/completions HTTP/1.1" 200 -
2026-10-09 22:23:52,214 - INFO - Prompt Cache: 7 sequences, 0.63 GB
2026-10-09 22:23:52,214 - INFO - - assistant: 7 sequences, 0.63 GB
2026-10-09 22:23:52,214 - INFO - - user: 0 sequences, 0.00 GB
2026-10-09 22:23:52,214 - INFO - - system: 0 sequences, 0.00 GB
2026-10-09 22:23:52,220 - INFO - Prompt processing progress: 0/78
2026-10-09 22:23:52,285 - INFO - Prompt processing progress: 77/78
2026-10-09 22:23:52,290 - INFO - Prompt processing progress: 78/78
127.0.0.1 - - [09/Oct/2026 22:23:59] "POST /v1/chat/completions HTTP/1.1" 200 -
2026-10-09 22:23:59,060 - INFO - Prompt Cache: 8 sequences, 0.70 GB
2026-10-09 22:23:59,060 - INFO - - assistant: 8 sequences, 0.70 GB
2026-10-09 22:23:59,060 - INFO - - user: 0 sequences, 0.00 GB
2026-10-09 22:23:59,060 - INFO - - system: 0 sequences, 0.00 GB
2026-10-09 22:23:59,067 - INFO - Prompt processing progress: 0/68
2026-10-09 22:23:59,131 - INFO - Prompt processing progress: 67/68
2026-10-09 22:23:59,137 - INFO - Prompt processing progress: 68/68
127.0.0.1 - - [09/Oct/2026 22:24:25] "POST /v1/chat/completions HTTP/1.1" 200 -
2026-10-09 22:24:25,462 - INFO - Prompt Cache: 9 sequences, 0.81 GB
2026-10-09 22:24:25,462 - INFO - - assistant: 9 sequences, 0.81 GB
2026-10-09 22:24:25,462 - INFO - - user: 0 sequences, 0.00 GB
2026-10-09 22:24:25,462 - INFO - - system: 0 sequences, 0.00 GB
2026-10-09 22:24:25,476 - INFO - Prompt processing progress: 0/73
2026-10-09 22:24:25,508 - INFO - Prompt processing progress: 72/73
2026-10-09 22:24:25,514 - INFO - Prompt processing progress: 73/73
127.0.0.1 - - [09/Oct/2026 22:24:51] "POST /v1/chat/completions HTTP/1.1" 200 -
2026-10-09 22:24:51,604 - INFO - Prompt Cache: 10 sequences, 0.92 GB
2026-10-09 22:24:51,604 - INFO - - assistant: 10 sequences, 0.92 GB
2026-10-09 22:24:51,604 - INFO - - user: 0 sequences, 0.00 GB
2026-10-09 22:24:51,604 - INFO - - system: 0 sequences, 0.00 GB
2026-10-09 22:24:51,626 - INFO - Prompt processing progress: 0/95
2026-10-09 22:24:51,692 - INFO - Prompt processing progress: 94/95
2026-10-09 22:24:51,697 - INFO - Prompt processing progress: 95/95
127.0.0.1 - - [09/Oct/2026 22:25:02] "POST /v1/chat/completions HTTP/1.1" 200 -
2026-10-09 22:25:02,339 - INFO - Prompt Cache: 10 sequences, 0.91 GB
2026-10-09 22:25:02,339 - INFO - - assistant: 10 sequences, 0.91 GB
2026-10-09 22:25:02,339 - INFO - - user: 0 sequences, 0.00 GB
2026-10-09 22:25:02,339 - INFO - - system: 0 sequences, 0.00 GB
2026-10-09 22:25:02,349 - INFO - Prompt processing progress: 0/102
2026-10-09 22:25:02,419 - INFO - Prompt processing progress: 101/102
2026-10-09 22:25:02,424 - INFO - Prompt processing progress: 102/102
127.0.0.1 - - [09/Oct/2026 22:25:37] "POST /v1/chat/completions HTTP/1.1" 200 -
2026-10-09 22:25:37,517 - INFO - Prompt Cache: 10 sequences, 0.95 GB
2026-10-09 22:25:37,517 - INFO - - assistant: 10 sequences, 0.95 GB
2026-10-09 22:25:37,517 - INFO - - user: 0 sequences, 0.00 GB
2026-10-09 22:25:37,517 - INFO - - system: 0 sequences, 0.00 GB
2026-10-09 22:25:37,542 - INFO - Prompt processing progress: 0/72
2026-10-09 22:25:37,606 - INFO - Prompt processing progress: 71/72
2026-10-09 22:25:37,611 - INFO - Prompt processing progress: 72/72
127.0.0.1 - - [09/Oct/2026 22:25:48] "POST /v1/chat/completions HTTP/1.1" 200 -
2026-10-09 22:25:48,482 - INFO - Prompt Cache: 10 sequences, 0.92 GB
2026-10-09 22:25:48,482 - INFO - - assistant: 10 sequences, 0.92 GB
2026-10-09 22:25:48,482 - INFO - - user: 0 sequences, 0.00 GB
2026-10-09 22:25:48,482 - INFO - - system: 0 sequences, 0.00 GB
2026-10-09 22:25:48,494 - INFO - Prompt processing progress: 0/84
2026-10-09 22:25:48,560 - INFO - Prompt processing progress: 83/84
2026-10-09 22:25:48,565 - INFO - Prompt processing progress: 84/84
127.0.0.1 - - [09/Oct/2026 22:26:07] "POST /v1/chat/completions HTTP/1.1" 200 -
2026-10-09 22:26:07,499 - INFO - Prompt Cache: 10 sequences, 0.95 GB
2026-10-09 22:26:07,499 - INFO - - assistant: 10 sequences, 0.95 GB
2026-10-09 22:26:07,499 - INFO - - user: 0 sequences, 0.00 GB
2026-10-09 22:26:07,499 - INFO - - system: 0 sequences, 0.00 GB
2026-10-09 22:26:07,515 - INFO - Prompt processing progress: 0/93
2026-10-09 22:26:07,582 - INFO - Prompt processing progress: 92/93
2026-10-09 22:26:07,587 - INFO - Prompt processing progress: 93/93
127.0.0.1 - - [09/Oct/2026 22:26:29] "POST /v1/chat/completions HTTP/1.1" 200 -
2026-10-09 22:26:29,982 - INFO - Prompt Cache: 10 sequences, 0.99 GB
2026-10-09 22:26:29,982 - INFO - - assistant: 10 sequences, 0.99 GB
2026-10-09 22:26:29,982 - INFO - - user: 0 sequences, 0.00 GB
2026-10-09 22:26:29,982 - INFO - - system: 0 sequences, 0.00 GB
2026-10-09 22:26:30,002 - INFO - Prompt processing progress: 0/99
2026-10-09 22:26:30,069 - INFO - Prompt processing progress: 98/99
2026-10-09 22:26:30,074 - INFO - Prompt processing progress: 99/99
127.0.0.1 - - [09/Oct/2026 22:26:44] "POST /v1/chat/completions HTTP/1.1" 200 -
2026-10-09 22:26:44,813 - INFO - Prompt Cache: 10 sequences, 0.91 GB
2026-10-09 22:26:44,813 - INFO - - assistant: 10 sequences, 0.91 GB
2026-10-09 22:26:44,813 - INFO - - user: 0 sequences, 0.00 GB
2026-10-09 22:26:44,813 - INFO - - system: 0 sequences, 0.00 GB
2026-10-09 22:26:44,831 - INFO - Prompt processing progress: 0/73
2026-10-09 22:26:44,864 - INFO - Prompt processing progress: 72/73
2026-10-09 22:26:44,870 - INFO - Prompt processing progress: 73/73
127.0.0.1 - - [09/Oct/2026 22:27:18] "POST /v1/chat/completions HTTP/1.1" 200 -
2026-10-09 22:27:18,281 - INFO - Prompt Cache: 10 sequences, 0.97 GB
2026-10-09 22:27:18,281 - INFO - - assistant: 10 sequences, 0.97 GB
2026-10-09 22:27:18,281 - INFO - - user: 0 sequences, 0.00 GB
2026-10-09 22:27:18,281 - INFO - - system: 0 sequences, 0.00 GB
2026-10-09 22:27:18,311 - INFO - Prompt processing progress: 0/76
2026-10-09 22:27:18,377 - INFO - Prompt processing progress: 75/76
2026-10-09 22:27:18,382 - INFO - Prompt processing progress: 76/76
127.0.0.1 - - [09/Oct/2026 22:27:28] "POST /v1/chat/completions HTTP/1.1" 200 -
2026-10-09 22:27:28,900 - INFO - Prompt Cache: 10 sequences, 0.98 GB
2026-10-09 22:27:28,900 - INFO - - assistant: 10 sequences, 0.98 GB
2026-10-09 22:27:28,900 - INFO - - user: 0 sequences, 0.00 GB
2026-10-09 22:27:28,900 - INFO - - system: 0 sequences, 0.00 GB
2026-10-09 22:27:28,914 - INFO - Prompt processing progress: 0/80
2026-10-09 22:27:28,980 - INFO - Prompt processing progress: 79/80
2026-10-09 22:27:28,985 - INFO - Prompt processing progress: 80/80
127.0.0.1 - - [09/Oct/2026 22:27:45] "POST /v1/chat/completions HTTP/1.1" 200 -
2026-10-09 22:27:45,308 - INFO - Prompt Cache: 10 sequences, 0.96 GB
2026-10-09 22:27:45,308 - INFO - - assistant: 10 sequences, 0.96 GB
2026-10-09 22:27:45,308 - INFO - - user: 0 sequences, 0.00 GB
2026-10-09 22:27:45,308 - INFO - - system: 0 sequences, 0.00 GB
2026-10-09 22:27:45,326 - INFO - Prompt processing progress: 0/85
2026-10-09 22:27:45,393 - INFO - Prompt processing progress: 84/85
2026-10-09 22:27:45,399 - INFO - Prompt processing progress: 85/85
127.0.0.1 - - [09/Oct/2026 22:27:54] "POST /v1/chat/completions HTTP/1.1" 200 -
2026-10-09 22:27:54,576 - INFO - Prompt Cache: 10 sequences, 0.92 GB
2026-10-09 22:27:54,576 - INFO - - assistant: 10 sequences, 0.92 GB
2026-10-09 22:27:54,576 - INFO - - user: 0 sequences, 0.00 GB
2026-10-09 22:27:54,576 - INFO - - system: 0 sequences, 0.00 GB
2026-10-09 22:27:54,588 - INFO - Prompt processing progress: 0/71
2026-10-09 22:27:54,654 - INFO - Prompt processing progress: 70/71
2026-10-09 22:27:54,659 - INFO - Prompt processing progress: 71/71
127.0.0.1 - - [09/Oct/2026 22:28:08] "POST /v1/chat/completions HTTP/1.1" 200 -
2026-10-09 22:28:08,529 - INFO - Prompt Cache: 10 sequences, 0.93 GB
2026-10-09 22:28:08,529 - INFO - - assistant: 10 sequences, 0.93 GB
2026-10-09 22:28:08,529 - INFO - - user: 0 sequences, 0.00 GB
2026-10-09 22:28:08,529 - INFO - - system: 0 sequences, 0.00 GB
2026-10-09 22:28:08,543 - INFO - Prompt processing progress: 0/75
2026-10-09 22:28:08,609 - INFO - Prompt processing progress: 74/75
2026-10-09 22:28:08,614 - INFO - Prompt processing progress: 75/75
127.0.0.1 - - [09/Oct/2026 22:28:16] "POST /v1/chat/completions HTTP/1.1" 200 -
2026-10-09 22:28:16,530 - INFO - Prompt Cache: 10 sequences, 0.86 GB
2026-10-09 22:28:16,530 - INFO - - assistant: 10 sequences, 0.86 GB
2026-10-09 22:28:16,530 - INFO - - user: 0 sequences, 0.00 GB
2026-10-09 22:28:16,530 - INFO - - system: 0 sequences, 0.00 GB
2026-10-09 22:28:16,540 - INFO - Prompt processing progress: 0/78
2026-10-09 22:28:16,573 - INFO - Prompt processing progress: 77/78
2026-10-09 22:28:16,581 - INFO - Prompt processing progress: 78/78
127.0.0.1 - - [09/Oct/2026 22:28:27] "POST /v1/chat/completions HTTP/1.1" 200 -
2026-10-09 22:28:27,682 - INFO - Prompt Cache: 10 sequences, 0.86 GB
2026-10-09 22:28:27,682 - INFO - - assistant: 10 sequences, 0.86 GB
2026-10-09 22:28:27,682 - INFO - - user: 0 sequences, 0.00 GB
2026-10-09 22:28:27,682 - INFO - - system: 0 sequences, 0.00 GB
2026-10-09 22:28:27,693 - INFO - Prompt processing progress: 0/83
2026-10-09 22:28:27,760 - INFO - Prompt processing progress: 82/83
2026-10-09 22:28:27,765 - INFO - Prompt processing progress: 83/83
