/home/imad/GitHub/personal/mellum-mlx/.venv/lib/python3.12/site-packages/mlx_lm/server.py:1745: UserWarning: mlx_lm.server is not recommended for production as it only implements basic security checks.
  warnings.warn(
2026-10-09 22:45:55,844 - INFO - Starting httpd at 127.0.0.1 on port 37393...
127.0.0.1 - - [09/Oct/2026 22:45:55] "GET /v1/models HTTP/1.1" 200 -
127.0.0.1 - - [09/Oct/2026 22:45:57] "POST /v1/chat/completions HTTP/1.1" 200 -
2026-10-09 22:45:57,412 - INFO - Prompt Cache: 0 sequences, 0.00 GB
2026-10-09 22:45:57,413 - INFO - - assistant: 0 sequences, 0.00 GB
2026-10-09 22:45:57,413 - INFO - - user: 0 sequences, 0.00 GB
2026-10-09 22:45:57,413 - INFO - - system: 0 sequences, 0.00 GB
2026-10-09 22:45:57,414 - INFO - Prompt processing progress: 0/64
2026-10-09 22:45:57,768 - INFO - Prompt processing progress: 63/64
2026-10-09 22:45:57,788 - INFO - Prompt processing progress: 64/64
127.0.0.1 - - [09/Oct/2026 22:46:07] "POST /v1/chat/completions HTTP/1.1" 200 -
2026-10-09 22:46:07,447 - INFO - Prompt Cache: 1 sequences, 0.07 GB
2026-10-09 22:46:07,447 - INFO - - assistant: 1 sequences, 0.07 GB
2026-10-09 22:46:07,447 - INFO - - user: 0 sequences, 0.00 GB
2026-10-09 22:46:07,447 - INFO - - system: 0 sequences, 0.00 GB
2026-10-09 22:46:07,451 - INFO - Prompt processing progress: 0/67
2026-10-09 22:46:07,525 - INFO - Prompt processing progress: 66/67
2026-10-09 22:46:07,530 - INFO - Prompt processing progress: 67/67
127.0.0.1 - - [09/Oct/2026 22:46:22] "POST /v1/chat/completions HTTP/1.1" 200 -
2026-10-09 22:46:22,418 - INFO - Prompt Cache: 2 sequences, 0.17 GB
2026-10-09 22:46:22,418 - INFO - - assistant: 2 sequences, 0.17 GB
2026-10-09 22:46:22,418 - INFO - - user: 0 sequences, 0.00 GB
2026-10-09 22:46:22,418 - INFO - - system: 0 sequences, 0.00 GB
2026-10-09 22:46:22,427 - INFO - Prompt processing progress: 0/94
2026-10-09 22:46:22,511 - INFO - Prompt processing progress: 93/94
2026-10-09 22:46:22,516 - INFO - Prompt processing progress: 94/94
127.0.0.1 - - [09/Oct/2026 22:46:46] "POST /v1/chat/completions HTTP/1.1" 200 -
2026-10-09 22:46:46,269 - INFO - Prompt Cache: 3 sequences, 0.29 GB
2026-10-09 22:46:46,269 - INFO - - assistant: 3 sequences, 0.29 GB
2026-10-09 22:46:46,269 - INFO - - user: 0 sequences, 0.00 GB
2026-10-09 22:46:46,269 - INFO - - system: 0 sequences, 0.00 GB
2026-10-09 22:46:46,286 - INFO - Prompt processing progress: 0/87
2026-10-09 22:46:46,369 - INFO - Prompt processing progress: 86/87
2026-10-09 22:46:46,374 - INFO - Prompt processing progress: 87/87
127.0.0.1 - - [09/Oct/2026 22:46:59] "POST /v1/chat/completions HTTP/1.1" 200 -
2026-10-09 22:46:59,257 - INFO - Prompt Cache: 4 sequences, 0.37 GB
2026-10-09 22:46:59,257 - INFO - - assistant: 4 sequences, 0.37 GB
2026-10-09 22:46:59,257 - INFO - - user: 0 sequences, 0.00 GB
2026-10-09 22:46:59,257 - INFO - - system: 0 sequences, 0.00 GB
2026-10-09 22:46:59,270 - INFO - Prompt processing progress: 0/63
2026-10-09 22:46:59,341 - INFO - Prompt processing progress: 62/63
2026-10-09 22:46:59,347 - INFO - Prompt processing progress: 63/63
127.0.0.1 - - [09/Oct/2026 22:47:09] "POST /v1/chat/completions HTTP/1.1" 200 -
2026-10-09 22:47:09,000 - INFO - Prompt Cache: 5 sequences, 0.44 GB
2026-10-09 22:47:09,000 - INFO - - assistant: 5 sequences, 0.44 GB
2026-10-09 22:47:09,000 - INFO - - user: 0 sequences, 0.00 GB
2026-10-09 22:47:09,000 - INFO - - system: 0 sequences, 0.00 GB
2026-10-09 22:47:09,010 - INFO - Prompt processing progress: 0/82
2026-10-09 22:47:09,093 - INFO - Prompt processing progress: 81/82
2026-10-09 22:47:09,099 - INFO - Prompt processing progress: 82/82
127.0.0.1 - - [09/Oct/2026 22:47:46] "POST /v1/chat/completions HTTP/1.1" 200 -
2026-10-09 22:47:46,706 - INFO - Prompt Cache: 6 sequences, 0.61 GB
2026-10-09 22:47:46,706 - INFO - - assistant: 6 sequences, 0.61 GB
2026-10-09 22:47:46,706 - INFO - - user: 0 sequences, 0.00 GB
2026-10-09 22:47:46,706 - INFO - - system: 0 sequences, 0.00 GB
2026-10-09 22:47:46,741 - INFO - Prompt processing progress: 0/73
2026-10-09 22:47:46,817 - INFO - Prompt processing progress: 72/73
2026-10-09 22:47:46,823 - INFO - Prompt processing progress: 73/73
127.0.0.1 - - [09/Oct/2026 22:47:54] "POST /v1/chat/completions HTTP/1.1" 200 -
2026-10-09 22:47:54,123 - INFO - Prompt Cache: 7 sequences, 0.67 GB
2026-10-09 22:47:54,123 - INFO - - assistant: 7 sequences, 0.67 GB
2026-10-09 22:47:54,123 - INFO - - user: 0 sequences, 0.00 GB
2026-10-09 22:47:54,123 - INFO - - system: 0 sequences, 0.00 GB
2026-10-09 22:47:54,132 - INFO - Prompt processing progress: 0/78
2026-10-09 22:47:54,210 - INFO - Prompt processing progress: 77/78
2026-10-09 22:47:54,215 - INFO - Prompt processing progress: 78/78
127.0.0.1 - - [09/Oct/2026 22:48:00] "POST /v1/chat/completions HTTP/1.1" 200 -
2026-10-09 22:48:00,331 - INFO - Prompt Cache: 8 sequences, 0.73 GB
2026-10-09 22:48:00,331 - INFO - - assistant: 8 sequences, 0.73 GB
2026-10-09 22:48:00,331 - INFO - - user: 0 sequences, 0.00 GB
2026-10-09 22:48:00,331 - INFO - - system: 0 sequences, 0.00 GB
2026-10-09 22:48:00,339 - INFO - Prompt processing progress: 0/68
2026-10-09 22:48:00,413 - INFO - Prompt processing progress: 67/68
2026-10-09 22:48:00,418 - INFO - Prompt processing progress: 68/68
127.0.0.1 - - [09/Oct/2026 22:48:38] "POST /v1/chat/completions HTTP/1.1" 200 -
2026-10-09 22:48:38,094 - INFO - Prompt Cache: 9 sequences, 0.90 GB
2026-10-09 22:48:38,094 - INFO - - assistant: 9 sequences, 0.90 GB
2026-10-09 22:48:38,094 - INFO - - user: 0 sequences, 0.00 GB
2026-10-09 22:48:38,094 - INFO - - system: 0 sequences, 0.00 GB
2026-10-09 22:48:38,125 - INFO - Prompt processing progress: 0/73
2026-10-09 22:48:38,169 - INFO - Prompt processing progress: 72/73
2026-10-09 22:48:38,174 - INFO - Prompt processing progress: 73/73
127.0.0.1 - - [09/Oct/2026 22:48:53] "POST /v1/chat/completions HTTP/1.1" 200 -
2026-10-09 22:48:53,894 - INFO - Prompt Cache: 10 sequences, 0.99 GB
2026-10-09 22:48:53,894 - INFO - - assistant: 10 sequences, 0.99 GB
2026-10-09 22:48:53,894 - INFO - - user: 0 sequences, 0.00 GB
2026-10-09 22:48:53,894 - INFO - - system: 0 sequences, 0.00 GB
2026-10-09 22:48:53,911 - INFO - Prompt processing progress: 0/95
2026-10-09 22:48:53,997 - INFO - Prompt processing progress: 94/95
2026-10-09 22:48:54,002 - INFO - Prompt processing progress: 95/95
127.0.0.1 - - [09/Oct/2026 22:49:07] "POST /v1/chat/completions HTTP/1.1" 200 -
2026-10-09 22:49:07,786 - INFO - Prompt Cache: 10 sequences, 1.01 GB
2026-10-09 22:49:07,786 - INFO - - assistant: 10 sequences, 1.01 GB
2026-10-09 22:49:07,786 - INFO - - user: 0 sequences, 0.00 GB
2026-10-09 22:49:07,786 - INFO - - system: 0 sequences, 0.00 GB
2026-10-09 22:49:07,803 - INFO - Prompt processing progress: 0/102
2026-10-09 22:49:07,891 - INFO - Prompt processing progress: 101/102
2026-10-09 22:49:07,896 - INFO - Prompt processing progress: 102/102
127.0.0.1 - - [09/Oct/2026 22:49:38] "POST /v1/chat/completions HTTP/1.1" 200 -
2026-10-09 22:49:38,550 - INFO - Prompt Cache: 10 sequences, 1.06 GB
2026-10-09 22:49:38,550 - INFO - - assistant: 10 sequences, 1.06 GB
2026-10-09 22:49:38,550 - INFO - - user: 0 sequences, 0.00 GB
2026-10-09 22:49:38,550 - INFO - - system: 0 sequences, 0.00 GB
2026-10-09 22:49:38,583 - INFO - Prompt processing progress: 0/72
2026-10-09 22:49:38,658 - INFO - Prompt processing progress: 71/72
2026-10-09 22:49:38,664 - INFO - Prompt processing progress: 72/72
127.0.0.1 - - [09/Oct/2026 22:49:44] "POST /v1/chat/completions HTTP/1.1" 200 -
2026-10-09 22:49:44,769 - INFO - Prompt Cache: 10 sequences, 1.00 GB
2026-10-09 22:49:44,769 - INFO - - assistant: 10 sequences, 1.00 GB
2026-10-09 22:49:44,769 - INFO - - user: 0 sequences, 0.00 GB
2026-10-09 22:49:44,769 - INFO - - system: 0 sequences, 0.00 GB
2026-10-09 22:49:44,778 - INFO - Prompt processing progress: 0/84
2026-10-09 22:49:44,858 - INFO - Prompt processing progress: 83/84
2026-10-09 22:49:44,863 - INFO - Prompt processing progress: 84/84
127.0.0.1 - - [09/Oct/2026 22:50:22] "POST /v1/chat/completions HTTP/1.1" 200 -
2026-10-09 22:50:22,571 - INFO - Prompt Cache: 10 sequences, 1.08 GB
2026-10-09 22:50:22,571 - INFO - - assistant: 10 sequences, 1.08 GB
2026-10-09 22:50:22,571 - INFO - - user: 0 sequences, 0.00 GB
2026-10-09 22:50:22,571 - INFO - - system: 0 sequences, 0.00 GB
2026-10-09 22:50:22,604 - INFO - Prompt processing progress: 0/93
2026-10-09 22:50:22,689 - INFO - Prompt processing progress: 92/93
2026-10-09 22:50:22,694 - INFO - Prompt processing progress: 93/93
127.0.0.1 - - [09/Oct/2026 22:50:38] "POST /v1/chat/completions HTTP/1.1" 200 -
2026-10-09 22:50:38,212 - INFO - Prompt Cache: 10 sequences, 1.10 GB
2026-10-09 22:50:38,213 - INFO - - assistant: 10 sequences, 1.10 GB
2026-10-09 22:50:38,213 - INFO - - user: 0 sequences, 0.00 GB
2026-10-09 22:50:38,213 - INFO - - system: 0 sequences, 0.00 GB
2026-10-09 22:50:38,228 - INFO - Prompt processing progress: 0/99
2026-10-09 22:50:38,316 - INFO - Prompt processing progress: 98/99
2026-10-09 22:50:38,322 - INFO - Prompt processing progress: 99/99
127.0.0.1 - - [09/Oct/2026 22:50:49] "POST /v1/chat/completions HTTP/1.1" 200 -
2026-10-09 22:50:49,512 - INFO - Prompt Cache: 10 sequences, 1.02 GB
2026-10-09 22:50:49,512 - INFO - - assistant: 10 sequences, 1.02 GB
2026-10-09 22:50:49,512 - INFO - - user: 0 sequences, 0.00 GB
2026-10-09 22:50:49,512 - INFO - - system: 0 sequences, 0.00 GB
2026-10-09 22:50:49,526 - INFO - Prompt processing progress: 0/73
2026-10-09 22:50:49,570 - INFO - Prompt processing progress: 72/73
2026-10-09 22:50:49,575 - INFO - Prompt processing progress: 73/73
127.0.0.1 - - [09/Oct/2026 22:51:27] "POST /v1/chat/completions HTTP/1.1" 200 -
2026-10-09 22:51:27,414 - INFO - Prompt Cache: 10 sequences, 1.12 GB
2026-10-09 22:51:27,414 - INFO - - assistant: 10 sequences, 1.12 GB
2026-10-09 22:51:27,414 - INFO - - user: 0 sequences, 0.00 GB
2026-10-09 22:51:27,414 - INFO - - system: 0 sequences, 0.00 GB
2026-10-09 22:51:27,453 - INFO - Prompt processing progress: 0/76
2026-10-09 22:51:27,530 - INFO - Prompt processing progress: 75/76
2026-10-09 22:51:27,535 - INFO - Prompt processing progress: 76/76
127.0.0.1 - - [09/Oct/2026 22:51:43] "POST /v1/chat/completions HTTP/1.1" 200 -
2026-10-09 22:51:43,077 - INFO - Prompt Cache: 10 sequences, 1.16 GB
2026-10-09 22:51:43,077 - INFO - - assistant: 10 sequences, 1.16 GB
2026-10-09 22:51:43,077 - INFO - - user: 0 sequences, 0.00 GB
2026-10-09 22:51:43,077 - INFO - - system: 0 sequences, 0.00 GB
2026-10-09 22:51:43,097 - INFO - Prompt processing progress: 0/80
2026-10-09 22:51:43,176 - INFO - Prompt processing progress: 79/80
2026-10-09 22:51:43,181 - INFO - Prompt processing progress: 80/80
127.0.0.1 - - [09/Oct/2026 22:51:52] "POST /v1/chat/completions HTTP/1.1" 200 -
2026-10-09 22:51:52,500 - INFO - Prompt Cache: 10 sequences, 1.06 GB
2026-10-09 22:51:52,500 - INFO - - assistant: 10 sequences, 1.06 GB
2026-10-09 22:51:52,500 - INFO - - user: 0 sequences, 0.00 GB
2026-10-09 22:51:52,500 - INFO - - system: 0 sequences, 0.00 GB
2026-10-09 22:51:52,515 - INFO - Prompt processing progress: 0/85
2026-10-09 22:51:52,597 - INFO - Prompt processing progress: 84/85
2026-10-09 22:51:52,602 - INFO - Prompt processing progress: 85/85
127.0.0.1 - - [09/Oct/2026 22:52:01] "POST /v1/chat/completions HTTP/1.1" 200 -
2026-10-09 22:52:01,999 - INFO - Prompt Cache: 10 sequences, 1.04 GB
2026-10-09 22:52:01,999 - INFO - - assistant: 10 sequences, 1.04 GB
2026-10-09 22:52:01,999 - INFO - - user: 0 sequences, 0.00 GB
2026-10-09 22:52:01,999 - INFO - - system: 0 sequences, 0.00 GB
2026-10-09 22:52:02,015 - INFO - Prompt processing progress: 0/71
2026-10-09 22:52:02,090 - INFO - Prompt processing progress: 70/71
2026-10-09 22:52:02,095 - INFO - Prompt processing progress: 71/71
127.0.0.1 - - [09/Oct/2026 22:52:22] "POST /v1/chat/completions HTTP/1.1" 200 -
2026-10-09 22:52:22,095 - INFO - Prompt Cache: 10 sequences, 1.06 GB
2026-10-09 22:52:22,095 - INFO - - assistant: 10 sequences, 1.06 GB
2026-10-09 22:52:22,095 - INFO - - user: 0 sequences, 0.00 GB
2026-10-09 22:52:22,095 - INFO - - system: 0 sequences, 0.00 GB
2026-10-09 22:52:22,117 - INFO - Prompt processing progress: 0/75
2026-10-09 22:52:22,194 - INFO - Prompt processing progress: 74/75
2026-10-09 22:52:22,199 - INFO - Prompt processing progress: 75/75
127.0.0.1 - - [09/Oct/2026 22:52:36] "POST /v1/chat/completions HTTP/1.1" 200 -
2026-10-09 22:52:36,936 - INFO - Prompt Cache: 10 sequences, 1.01 GB
2026-10-09 22:52:36,936 - INFO - - assistant: 10 sequences, 1.01 GB
2026-10-09 22:52:36,936 - INFO - - user: 0 sequences, 0.00 GB
2026-10-09 22:52:36,936 - INFO - - system: 0 sequences, 0.00 GB
2026-10-09 22:52:36,958 - INFO - Prompt processing progress: 0/78
2026-10-09 22:52:37,004 - INFO - Prompt processing progress: 77/78
2026-10-09 22:52:37,015 - INFO - Prompt processing progress: 78/78
127.0.0.1 - - [09/Oct/2026 22:52:50] "POST /v1/chat/completions HTTP/1.1" 200 -
2026-10-09 22:52:50,280 - INFO - Prompt Cache: 10 sequences, 1.03 GB
2026-10-09 22:52:50,280 - INFO - - assistant: 10 sequences, 1.03 GB
2026-10-09 22:52:50,280 - INFO - - user: 0 sequences, 0.00 GB
2026-10-09 22:52:50,280 - INFO - - system: 0 sequences, 0.00 GB
2026-10-09 22:52:50,304 - INFO - Prompt processing progress: 0/83
2026-10-09 22:52:50,388 - INFO - Prompt processing progress: 82/83
2026-10-09 22:52:50,393 - INFO - Prompt processing progress: 83/83
