/home/imad/GitHub/personal/mellum-mlx/.venv/lib/python3.12/site-packages/mlx_lm/server.py:1745: UserWarning: mlx_lm.server is not recommended for production as it only implements basic security checks.
  warnings.warn(
2026-10-09 22:28:55,538 - INFO - Starting httpd at 127.0.0.1 on port 45945...
127.0.0.1 - - [09/Oct/2026 22:28:55] "GET /v1/models HTTP/1.1" 200 -
127.0.0.1 - - [09/Oct/2026 22:28:57] "POST /v1/chat/completions HTTP/1.1" 200 -
2026-10-09 22:28:57,074 - INFO - Prompt Cache: 0 sequences, 0.00 GB
2026-10-09 22:28:57,074 - INFO - - assistant: 0 sequences, 0.00 GB
2026-10-09 22:28:57,074 - INFO - - user: 0 sequences, 0.00 GB
2026-10-09 22:28:57,074 - INFO - - system: 0 sequences, 0.00 GB
2026-10-09 22:28:57,076 - INFO - Prompt processing progress: 0/64
2026-10-09 22:28:57,435 - INFO - Prompt processing progress: 63/64
2026-10-09 22:28:57,454 - INFO - Prompt processing progress: 64/64
127.0.0.1 - - [09/Oct/2026 22:29:12] "POST /v1/chat/completions HTTP/1.1" 200 -
2026-10-09 22:29:12,814 - INFO - Prompt Cache: 1 sequences, 0.09 GB
2026-10-09 22:29:12,814 - INFO - - assistant: 1 sequences, 0.09 GB
2026-10-09 22:29:12,814 - INFO - - user: 0 sequences, 0.00 GB
2026-10-09 22:29:12,814 - INFO - - system: 0 sequences, 0.00 GB
2026-10-09 22:29:12,820 - INFO - Prompt processing progress: 0/67
2026-10-09 22:29:12,890 - INFO - Prompt processing progress: 66/67
2026-10-09 22:29:12,895 - INFO - Prompt processing progress: 67/67
127.0.0.1 - - [09/Oct/2026 22:29:47] "POST /v1/chat/completions HTTP/1.1" 200 -
2026-10-09 22:29:47,836 - INFO - Prompt Cache: 2 sequences, 0.25 GB
2026-10-09 22:29:47,836 - INFO - - assistant: 2 sequences, 0.25 GB
2026-10-09 22:29:47,836 - INFO - - user: 0 sequences, 0.00 GB
2026-10-09 22:29:47,836 - INFO - - system: 0 sequences, 0.00 GB
2026-10-09 22:29:47,863 - INFO - Prompt processing progress: 0/94
2026-10-09 22:29:47,944 - INFO - Prompt processing progress: 93/94
2026-10-09 22:29:47,949 - INFO - Prompt processing progress: 94/94
127.0.0.1 - - [09/Oct/2026 22:30:24] "POST /v1/chat/completions HTTP/1.1" 200 -
2026-10-09 22:30:24,927 - INFO - Prompt Cache: 3 sequences, 0.41 GB
2026-10-09 22:30:24,927 - INFO - - assistant: 3 sequences, 0.41 GB
2026-10-09 22:30:24,927 - INFO - - user: 0 sequences, 0.00 GB
2026-10-09 22:30:24,927 - INFO - - system: 0 sequences, 0.00 GB
2026-10-09 22:30:24,978 - INFO - Prompt processing progress: 0/87
2026-10-09 22:30:25,057 - INFO - Prompt processing progress: 86/87
2026-10-09 22:30:25,062 - INFO - Prompt processing progress: 87/87
127.0.0.1 - - [09/Oct/2026 22:30:53] "POST /v1/chat/completions HTTP/1.1" 200 -
2026-10-09 22:30:53,917 - INFO - Prompt Cache: 4 sequences, 0.55 GB
2026-10-09 22:30:53,917 - INFO - - assistant: 4 sequences, 0.55 GB
2026-10-09 22:30:53,917 - INFO - - user: 0 sequences, 0.00 GB
2026-10-09 22:30:53,917 - INFO - - system: 0 sequences, 0.00 GB
2026-10-09 22:30:53,968 - INFO - Prompt processing progress: 0/63
2026-10-09 22:30:54,036 - INFO - Prompt processing progress: 62/63
2026-10-09 22:30:54,041 - INFO - Prompt processing progress: 63/63
127.0.0.1 - - [09/Oct/2026 22:31:13] "POST /v1/chat/completions HTTP/1.1" 200 -
2026-10-09 22:31:13,291 - INFO - Prompt Cache: 5 sequences, 0.66 GB
2026-10-09 22:31:13,291 - INFO - - assistant: 5 sequences, 0.66 GB
2026-10-09 22:31:13,291 - INFO - - user: 0 sequences, 0.00 GB
2026-10-09 22:31:13,291 - INFO - - system: 0 sequences, 0.00 GB
2026-10-09 22:31:13,324 - INFO - Prompt processing progress: 0/82
2026-10-09 22:31:13,403 - INFO - Prompt processing progress: 81/82
2026-10-09 22:31:13,409 - INFO - Prompt processing progress: 82/82
127.0.0.1 - - [09/Oct/2026 22:31:49] "POST /v1/chat/completions HTTP/1.1" 200 -
2026-10-09 22:31:49,799 - INFO - Prompt Cache: 6 sequences, 0.83 GB
2026-10-09 22:31:49,799 - INFO - - assistant: 6 sequences, 0.83 GB
2026-10-09 22:31:49,799 - INFO - - user: 0 sequences, 0.00 GB
2026-10-09 22:31:49,799 - INFO - - system: 0 sequences, 0.00 GB
2026-10-09 22:31:49,855 - INFO - Prompt processing progress: 0/73
2026-10-09 22:31:49,928 - INFO - Prompt processing progress: 72/73
2026-10-09 22:31:49,934 - INFO - Prompt processing progress: 73/73
127.0.0.1 - - [09/Oct/2026 22:32:10] "POST /v1/chat/completions HTTP/1.1" 200 -
2026-10-09 22:32:10,589 - INFO - Prompt Cache: 7 sequences, 0.94 GB
2026-10-09 22:32:10,589 - INFO - - assistant: 7 sequences, 0.94 GB
2026-10-09 22:32:10,589 - INFO - - user: 0 sequences, 0.00 GB
2026-10-09 22:32:10,589 - INFO - - system: 0 sequences, 0.00 GB
2026-10-09 22:32:10,638 - INFO - Prompt processing progress: 0/78
2026-10-09 22:32:10,713 - INFO - Prompt processing progress: 77/78
2026-10-09 22:32:10,719 - INFO - Prompt processing progress: 78/78
127.0.0.1 - - [09/Oct/2026 22:32:22] "POST /v1/chat/completions HTTP/1.1" 200 -
2026-10-09 22:32:22,791 - INFO - Prompt Cache: 8 sequences, 1.02 GB
2026-10-09 22:32:22,791 - INFO - - assistant: 8 sequences, 1.02 GB
2026-10-09 22:32:22,791 - INFO - - user: 0 sequences, 0.00 GB
2026-10-09 22:32:22,791 - INFO - - system: 0 sequences, 0.00 GB
2026-10-09 22:32:22,815 - INFO - Prompt processing progress: 0/68
2026-10-09 22:32:22,885 - INFO - Prompt processing progress: 67/68
2026-10-09 22:32:22,890 - INFO - Prompt processing progress: 68/68
127.0.0.1 - - [09/Oct/2026 22:33:18] "POST /v1/chat/completions HTTP/1.1" 200 -
2026-10-09 22:33:18,611 - INFO - Prompt Cache: 9 sequences, 1.19 GB
2026-10-09 22:33:18,611 - INFO - - assistant: 9 sequences, 1.19 GB
2026-10-09 22:33:18,611 - INFO - - user: 0 sequences, 0.00 GB
2026-10-09 22:33:18,611 - INFO - - system: 0 sequences, 0.00 GB
2026-10-09 22:33:18,658 - INFO - Prompt processing progress: 0/73
2026-10-09 22:33:18,718 - INFO - Prompt processing progress: 72/73
2026-10-09 22:33:18,723 - INFO - Prompt processing progress: 73/73
127.0.0.1 - - [09/Oct/2026 22:33:55] "POST /v1/chat/completions HTTP/1.1" 200 -
2026-10-09 22:33:55,217 - INFO - Prompt Cache: 10 sequences, 1.35 GB
2026-10-09 22:33:55,217 - INFO - - assistant: 10 sequences, 1.35 GB
2026-10-09 22:33:55,217 - INFO - - user: 0 sequences, 0.00 GB
2026-10-09 22:33:55,217 - INFO - - system: 0 sequences, 0.00 GB
2026-10-09 22:33:55,286 - INFO - Prompt processing progress: 0/95
2026-10-09 22:33:55,371 - INFO - Prompt processing progress: 94/95
2026-10-09 22:33:55,377 - INFO - Prompt processing progress: 95/95
127.0.0.1 - - [09/Oct/2026 22:34:15] "POST /v1/chat/completions HTTP/1.1" 200 -
2026-10-09 22:34:15,380 - INFO - Prompt Cache: 10 sequences, 1.37 GB
2026-10-09 22:34:15,381 - INFO - - assistant: 10 sequences, 1.37 GB
2026-10-09 22:34:15,381 - INFO - - user: 0 sequences, 0.00 GB
2026-10-09 22:34:15,381 - INFO - - system: 0 sequences, 0.00 GB
2026-10-09 22:34:15,425 - INFO - Prompt processing progress: 0/102
2026-10-09 22:34:15,511 - INFO - Prompt processing progress: 101/102
2026-10-09 22:34:15,516 - INFO - Prompt processing progress: 102/102
127.0.0.1 - - [09/Oct/2026 22:34:52] "POST /v1/chat/completions HTTP/1.1" 200 -
2026-10-09 22:34:52,157 - INFO - Prompt Cache: 10 sequences, 1.38 GB
2026-10-09 22:34:52,157 - INFO - - assistant: 10 sequences, 1.38 GB
2026-10-09 22:34:52,157 - INFO - - user: 0 sequences, 0.00 GB
2026-10-09 22:34:52,157 - INFO - - system: 0 sequences, 0.00 GB
2026-10-09 22:34:52,225 - INFO - Prompt processing progress: 0/72
2026-10-09 22:34:52,299 - INFO - Prompt processing progress: 71/72
2026-10-09 22:34:52,304 - INFO - Prompt processing progress: 72/72
127.0.0.1 - - [09/Oct/2026 22:35:08] "POST /v1/chat/completions HTTP/1.1" 200 -
2026-10-09 22:35:08,949 - INFO - Prompt Cache: 10 sequences, 1.31 GB
2026-10-09 22:35:08,949 - INFO - - assistant: 10 sequences, 1.31 GB
2026-10-09 22:35:08,949 - INFO - - user: 0 sequences, 0.00 GB
2026-10-09 22:35:08,949 - INFO - - system: 0 sequences, 0.00 GB
2026-10-09 22:35:08,991 - INFO - Prompt processing progress: 0/84
2026-10-09 22:35:09,069 - INFO - Prompt processing progress: 83/84
2026-10-09 22:35:09,075 - INFO - Prompt processing progress: 84/84
127.0.0.1 - - [09/Oct/2026 22:35:28] "POST /v1/chat/completions HTTP/1.1" 200 -
2026-10-09 22:35:28,953 - INFO - Prompt Cache: 10 sequences, 1.28 GB
2026-10-09 22:35:28,953 - INFO - - assistant: 10 sequences, 1.28 GB
2026-10-09 22:35:28,953 - INFO - - user: 0 sequences, 0.00 GB
2026-10-09 22:35:28,953 - INFO - - system: 0 sequences, 0.00 GB
2026-10-09 22:35:29,002 - INFO - Prompt processing progress: 0/93
2026-10-09 22:35:29,085 - INFO - Prompt processing progress: 92/93
2026-10-09 22:35:29,090 - INFO - Prompt processing progress: 93/93
127.0.0.1 - - [09/Oct/2026 22:35:45] "POST /v1/chat/completions HTTP/1.1" 200 -
2026-10-09 22:35:45,830 - INFO - Prompt Cache: 10 sequences, 1.27 GB
2026-10-09 22:35:45,830 - INFO - - assistant: 10 sequences, 1.27 GB
2026-10-09 22:35:45,830 - INFO - - user: 0 sequences, 0.00 GB
2026-10-09 22:35:45,830 - INFO - - system: 0 sequences, 0.00 GB
2026-10-09 22:35:45,879 - INFO - Prompt processing progress: 0/99
2026-10-09 22:35:45,964 - INFO - Prompt processing progress: 98/99
2026-10-09 22:35:45,969 - INFO - Prompt processing progress: 99/99
127.0.0.1 - - [09/Oct/2026 22:36:18] "POST /v1/chat/completions HTTP/1.1" 200 -
2026-10-09 22:36:18,865 - INFO - Prompt Cache: 10 sequences, 1.26 GB
2026-10-09 22:36:18,865 - INFO - - assistant: 10 sequences, 1.26 GB
2026-10-09 22:36:18,865 - INFO - - user: 0 sequences, 0.00 GB
2026-10-09 22:36:18,865 - INFO - - system: 0 sequences, 0.00 GB
2026-10-09 22:36:18,928 - INFO - Prompt processing progress: 0/73
2026-10-09 22:36:18,969 - INFO - Prompt processing progress: 72/73
2026-10-09 22:36:18,974 - INFO - Prompt processing progress: 73/73
127.0.0.1 - - [09/Oct/2026 22:36:55] "POST /v1/chat/completions HTTP/1.1" 200 -
2026-10-09 22:36:55,712 - INFO - Prompt Cache: 10 sequences, 1.31 GB
2026-10-09 22:36:55,712 - INFO - - assistant: 10 sequences, 1.31 GB
2026-10-09 22:36:55,712 - INFO - - user: 0 sequences, 0.00 GB
2026-10-09 22:36:55,712 - INFO - - system: 0 sequences, 0.00 GB
2026-10-09 22:36:55,796 - INFO - Prompt processing progress: 0/76
2026-10-09 22:36:55,871 - INFO - Prompt processing progress: 75/76
2026-10-09 22:36:55,877 - INFO - Prompt processing progress: 76/76
127.0.0.1 - - [09/Oct/2026 22:37:05] "POST /v1/chat/completions HTTP/1.1" 200 -
2026-10-09 22:37:05,746 - INFO - Prompt Cache: 10 sequences, 1.31 GB
2026-10-09 22:37:05,746 - INFO - - assistant: 10 sequences, 1.31 GB
2026-10-09 22:37:05,746 - INFO - - user: 0 sequences, 0.00 GB
2026-10-09 22:37:05,746 - INFO - - system: 0 sequences, 0.00 GB
2026-10-09 22:37:05,767 - INFO - Prompt processing progress: 0/80
2026-10-09 22:37:05,844 - INFO - Prompt processing progress: 79/80
2026-10-09 22:37:05,850 - INFO - Prompt processing progress: 80/80
127.0.0.1 - - [09/Oct/2026 22:37:30] "POST /v1/chat/completions HTTP/1.1" 200 -
2026-10-09 22:37:30,394 - INFO - Prompt Cache: 10 sequences, 1.27 GB
2026-10-09 22:37:30,394 - INFO - - assistant: 10 sequences, 1.27 GB
2026-10-09 22:37:30,394 - INFO - - user: 0 sequences, 0.00 GB
2026-10-09 22:37:30,394 - INFO - - system: 0 sequences, 0.00 GB
2026-10-09 22:37:30,427 - INFO - Prompt processing progress: 0/85
2026-10-09 22:37:30,506 - INFO - Prompt processing progress: 84/85
2026-10-09 22:37:30,511 - INFO - Prompt processing progress: 85/85
127.0.0.1 - - [09/Oct/2026 22:37:41] "POST /v1/chat/completions HTTP/1.1" 200 -
2026-10-09 22:37:41,430 - INFO - Prompt Cache: 10 sequences, 1.18 GB
2026-10-09 22:37:41,430 - INFO - - assistant: 10 sequences, 1.18 GB
2026-10-09 22:37:41,430 - INFO - - user: 0 sequences, 0.00 GB
2026-10-09 22:37:41,430 - INFO - - system: 0 sequences, 0.00 GB
2026-10-09 22:37:41,456 - INFO - Prompt processing progress: 0/71
2026-10-09 22:37:41,529 - INFO - Prompt processing progress: 70/71
2026-10-09 22:37:41,535 - INFO - Prompt processing progress: 71/71
127.0.0.1 - - [09/Oct/2026 22:38:04] "POST /v1/chat/completions HTTP/1.1" 200 -
2026-10-09 22:38:04,231 - INFO - Prompt Cache: 10 sequences, 1.19 GB
2026-10-09 22:38:04,231 - INFO - - assistant: 10 sequences, 1.19 GB
2026-10-09 22:38:04,231 - INFO - - user: 0 sequences, 0.00 GB
2026-10-09 22:38:04,231 - INFO - - system: 0 sequences, 0.00 GB
2026-10-09 22:38:04,259 - INFO - Prompt processing progress: 0/75
2026-10-09 22:38:04,334 - INFO - Prompt processing progress: 74/75
2026-10-09 22:38:04,339 - INFO - Prompt processing progress: 75/75
127.0.0.1 - - [09/Oct/2026 22:38:41] "POST /v1/chat/completions HTTP/1.1" 200 -
2026-10-09 22:38:41,268 - INFO - Prompt Cache: 10 sequences, 1.19 GB
2026-10-09 22:38:41,268 - INFO - - assistant: 10 sequences, 1.19 GB
2026-10-09 22:38:41,268 - INFO - - user: 0 sequences, 0.00 GB
2026-10-09 22:38:41,268 - INFO - - system: 0 sequences, 0.00 GB
2026-10-09 22:38:41,317 - INFO - Prompt processing progress: 0/78
2026-10-09 22:38:41,360 - INFO - Prompt processing progress: 77/78
2026-10-09 22:38:41,366 - INFO - Prompt processing progress: 78/78
127.0.0.1 - - [09/Oct/2026 22:39:17] "POST /v1/chat/completions HTTP/1.1" 200 -
2026-10-09 22:39:17,467 - INFO - Prompt Cache: 10 sequences, 1.25 GB
2026-10-09 22:39:17,467 - INFO - - assistant: 10 sequences, 1.25 GB
2026-10-09 22:39:17,467 - INFO - - user: 0 sequences, 0.00 GB
2026-10-09 22:39:17,467 - INFO - - system: 0 sequences, 0.00 GB
2026-10-09 22:39:17,541 - INFO - Prompt processing progress: 0/83
2026-10-09 22:39:17,619 - INFO - Prompt processing progress: 82/83
2026-10-09 22:39:17,624 - INFO - Prompt processing progress: 83/83
