/home/imad/GitHub/personal/mellum-mlx/.venv/lib/python3.12/site-packages/mlx_lm/server.py:1745: UserWarning: mlx_lm.server is not recommended for production as it only implements basic security checks.
  warnings.warn(
2026-10-09 23:04:11,451 - INFO - Starting httpd at 127.0.0.1 on port 52939...
127.0.0.1 - - [09/Oct/2026 23:04:11] "GET /v1/models HTTP/1.1" 200 -
127.0.0.1 - - [09/Oct/2026 23:04:12] "POST /v1/chat/completions HTTP/1.1" 200 -
2026-10-09 23:04:12,996 - INFO - Prompt Cache: 0 sequences, 0.00 GB
2026-10-09 23:04:12,996 - INFO - - assistant: 0 sequences, 0.00 GB
2026-10-09 23:04:12,996 - INFO - - user: 0 sequences, 0.00 GB
2026-10-09 23:04:12,996 - INFO - - system: 0 sequences, 0.00 GB
2026-10-09 23:04:12,998 - INFO - Prompt processing progress: 0/64
2026-10-09 23:04:13,347 - INFO - Prompt processing progress: 63/64
2026-10-09 23:04:13,366 - INFO - Prompt processing progress: 64/64
127.0.0.1 - - [09/Oct/2026 23:04:24] "POST /v1/chat/completions HTTP/1.1" 200 -
2026-10-09 23:04:24,785 - INFO - Prompt Cache: 1 sequences, 0.08 GB
2026-10-09 23:04:24,785 - INFO - - assistant: 1 sequences, 0.08 GB
2026-10-09 23:04:24,785 - INFO - - user: 0 sequences, 0.00 GB
2026-10-09 23:04:24,785 - INFO - - system: 0 sequences, 0.00 GB
2026-10-09 23:04:24,789 - INFO - Prompt processing progress: 0/67
2026-10-09 23:04:24,862 - INFO - Prompt processing progress: 66/67
2026-10-09 23:04:24,867 - INFO - Prompt processing progress: 67/67
127.0.0.1 - - [09/Oct/2026 23:04:45] "POST /v1/chat/completions HTTP/1.1" 200 -
2026-10-09 23:04:45,272 - INFO - Prompt Cache: 2 sequences, 0.19 GB
2026-10-09 23:04:45,272 - INFO - - assistant: 2 sequences, 0.19 GB
2026-10-09 23:04:45,272 - INFO - - user: 0 sequences, 0.00 GB
2026-10-09 23:04:45,272 - INFO - - system: 0 sequences, 0.00 GB
2026-10-09 23:04:45,282 - INFO - Prompt processing progress: 0/94
2026-10-09 23:04:45,366 - INFO - Prompt processing progress: 93/94
2026-10-09 23:04:45,371 - INFO - Prompt processing progress: 94/94
127.0.0.1 - - [09/Oct/2026 23:05:10] "POST /v1/chat/completions HTTP/1.1" 200 -
2026-10-09 23:05:10,974 - INFO - Prompt Cache: 3 sequences, 0.32 GB
2026-10-09 23:05:10,974 - INFO - - assistant: 3 sequences, 0.32 GB
2026-10-09 23:05:10,974 - INFO - - user: 0 sequences, 0.00 GB
2026-10-09 23:05:10,975 - INFO - - system: 0 sequences, 0.00 GB
2026-10-09 23:05:10,996 - INFO - Prompt processing progress: 0/87
2026-10-09 23:05:11,077 - INFO - Prompt processing progress: 86/87
2026-10-09 23:05:11,082 - INFO - Prompt processing progress: 87/87
127.0.0.1 - - [09/Oct/2026 23:05:21] "POST /v1/chat/completions HTTP/1.1" 200 -
2026-10-09 23:05:21,717 - INFO - Prompt Cache: 4 sequences, 0.39 GB
2026-10-09 23:05:21,717 - INFO - - assistant: 4 sequences, 0.39 GB
2026-10-09 23:05:21,717 - INFO - - user: 0 sequences, 0.00 GB
2026-10-09 23:05:21,717 - INFO - - system: 0 sequences, 0.00 GB
2026-10-09 23:05:21,727 - INFO - Prompt processing progress: 0/63
2026-10-09 23:05:21,798 - INFO - Prompt processing progress: 62/63
2026-10-09 23:05:21,804 - INFO - Prompt processing progress: 63/63
127.0.0.1 - - [09/Oct/2026 23:05:29] "POST /v1/chat/completions HTTP/1.1" 200 -
2026-10-09 23:05:29,817 - INFO - Prompt Cache: 5 sequences, 0.46 GB
2026-10-09 23:05:29,817 - INFO - - assistant: 5 sequences, 0.46 GB
2026-10-09 23:05:29,817 - INFO - - user: 0 sequences, 0.00 GB
2026-10-09 23:05:29,817 - INFO - - system: 0 sequences, 0.00 GB
2026-10-09 23:05:29,825 - INFO - Prompt processing progress: 0/82
2026-10-09 23:05:29,904 - INFO - Prompt processing progress: 81/82
2026-10-09 23:05:29,909 - INFO - Prompt processing progress: 82/82
127.0.0.1 - - [09/Oct/2026 23:06:07] "POST /v1/chat/completions HTTP/1.1" 200 -
2026-10-09 23:06:07,866 - INFO - Prompt Cache: 6 sequences, 0.63 GB
2026-10-09 23:06:07,866 - INFO - - assistant: 6 sequences, 0.63 GB
2026-10-09 23:06:07,866 - INFO - - user: 0 sequences, 0.00 GB
2026-10-09 23:06:07,866 - INFO - - system: 0 sequences, 0.00 GB
2026-10-09 23:06:07,900 - INFO - Prompt processing progress: 0/73
2026-10-09 23:06:07,975 - INFO - Prompt processing progress: 72/73
2026-10-09 23:06:07,981 - INFO - Prompt processing progress: 73/73
127.0.0.1 - - [09/Oct/2026 23:06:15] "POST /v1/chat/completions HTTP/1.1" 200 -
2026-10-09 23:06:15,513 - INFO - Prompt Cache: 7 sequences, 0.70 GB
2026-10-09 23:06:15,513 - INFO - - assistant: 7 sequences, 0.70 GB
2026-10-09 23:06:15,513 - INFO - - user: 0 sequences, 0.00 GB
2026-10-09 23:06:15,513 - INFO - - system: 0 sequences, 0.00 GB
2026-10-09 23:06:15,522 - INFO - Prompt processing progress: 0/78
2026-10-09 23:06:15,600 - INFO - Prompt processing progress: 77/78
2026-10-09 23:06:15,605 - INFO - Prompt processing progress: 78/78
127.0.0.1 - - [09/Oct/2026 23:06:22] "POST /v1/chat/completions HTTP/1.1" 200 -
2026-10-09 23:06:22,279 - INFO - Prompt Cache: 8 sequences, 0.76 GB
2026-10-09 23:06:22,279 - INFO - - assistant: 8 sequences, 0.76 GB
2026-10-09 23:06:22,279 - INFO - - user: 0 sequences, 0.00 GB
2026-10-09 23:06:22,279 - INFO - - system: 0 sequences, 0.00 GB
2026-10-09 23:06:22,288 - INFO - Prompt processing progress: 0/68
2026-10-09 23:06:22,361 - INFO - Prompt processing progress: 67/68
2026-10-09 23:06:22,366 - INFO - Prompt processing progress: 68/68
127.0.0.1 - - [09/Oct/2026 23:07:00] "POST /v1/chat/completions HTTP/1.1" 200 -
2026-10-09 23:07:00,521 - INFO - Prompt Cache: 9 sequences, 0.93 GB
2026-10-09 23:07:00,521 - INFO - - assistant: 9 sequences, 0.93 GB
2026-10-09 23:07:00,521 - INFO - - user: 0 sequences, 0.00 GB
2026-10-09 23:07:00,521 - INFO - - system: 0 sequences, 0.00 GB
2026-10-09 23:07:00,554 - INFO - Prompt processing progress: 0/73
2026-10-09 23:07:00,598 - INFO - Prompt processing progress: 72/73
2026-10-09 23:07:00,603 - INFO - Prompt processing progress: 73/73
127.0.0.1 - - [09/Oct/2026 23:07:32] "POST /v1/chat/completions HTTP/1.1" 200 -
2026-10-09 23:07:32,346 - INFO - Prompt Cache: 10 sequences, 1.07 GB
2026-10-09 23:07:32,346 - INFO - - assistant: 10 sequences, 1.07 GB
2026-10-09 23:07:32,346 - INFO - - user: 0 sequences, 0.00 GB
2026-10-09 23:07:32,346 - INFO - - system: 0 sequences, 0.00 GB
2026-10-09 23:07:32,390 - INFO - Prompt processing progress: 0/95
2026-10-09 23:07:32,474 - INFO - Prompt processing progress: 94/95
2026-10-09 23:07:32,480 - INFO - Prompt processing progress: 95/95
127.0.0.1 - - [09/Oct/2026 23:07:41] "POST /v1/chat/completions HTTP/1.1" 200 -
2026-10-09 23:07:41,959 - INFO - Prompt Cache: 10 sequences, 1.06 GB
2026-10-09 23:07:41,959 - INFO - - assistant: 10 sequences, 1.06 GB
2026-10-09 23:07:41,959 - INFO - - user: 0 sequences, 0.00 GB
2026-10-09 23:07:41,959 - INFO - - system: 0 sequences, 0.00 GB
2026-10-09 23:07:41,973 - INFO - Prompt processing progress: 0/102
2026-10-09 23:07:42,061 - INFO - Prompt processing progress: 101/102
2026-10-09 23:07:42,066 - INFO - Prompt processing progress: 102/102
127.0.0.1 - - [09/Oct/2026 23:08:09] "POST /v1/chat/completions HTTP/1.1" 200 -
2026-10-09 23:08:09,363 - INFO - Prompt Cache: 10 sequences, 1.09 GB
2026-10-09 23:08:09,364 - INFO - - assistant: 10 sequences, 1.09 GB
2026-10-09 23:08:09,364 - INFO - - user: 0 sequences, 0.00 GB
2026-10-09 23:08:09,364 - INFO - - system: 0 sequences, 0.00 GB
2026-10-09 23:08:09,389 - INFO - Prompt processing progress: 0/72
2026-10-09 23:08:09,464 - INFO - Prompt processing progress: 71/72
2026-10-09 23:08:09,469 - INFO - Prompt processing progress: 72/72
127.0.0.1 - - [09/Oct/2026 23:08:15] "POST /v1/chat/completions HTTP/1.1" 200 -
2026-10-09 23:08:15,761 - INFO - Prompt Cache: 10 sequences, 1.03 GB
2026-10-09 23:08:15,761 - INFO - - assistant: 10 sequences, 1.03 GB
2026-10-09 23:08:15,761 - INFO - - user: 0 sequences, 0.00 GB
2026-10-09 23:08:15,761 - INFO - - system: 0 sequences, 0.00 GB
2026-10-09 23:08:15,770 - INFO - Prompt processing progress: 0/84
2026-10-09 23:08:15,851 - INFO - Prompt processing progress: 83/84
2026-10-09 23:08:15,856 - INFO - Prompt processing progress: 84/84
127.0.0.1 - - [09/Oct/2026 23:08:43] "POST /v1/chat/completions HTTP/1.1" 200 -
2026-10-09 23:08:43,861 - INFO - Prompt Cache: 10 sequences, 1.08 GB
2026-10-09 23:08:43,861 - INFO - - assistant: 10 sequences, 1.08 GB
2026-10-09 23:08:43,861 - INFO - - user: 0 sequences, 0.00 GB
2026-10-09 23:08:43,861 - INFO - - system: 0 sequences, 0.00 GB
2026-10-09 23:08:43,884 - INFO - Prompt processing progress: 0/93
2026-10-09 23:08:43,967 - INFO - Prompt processing progress: 92/93
2026-10-09 23:08:43,973 - INFO - Prompt processing progress: 93/93
127.0.0.1 - - [09/Oct/2026 23:09:00] "POST /v1/chat/completions HTTP/1.1" 200 -
2026-10-09 23:09:00,408 - INFO - Prompt Cache: 10 sequences, 1.11 GB
2026-10-09 23:09:00,408 - INFO - - assistant: 10 sequences, 1.11 GB
2026-10-09 23:09:00,408 - INFO - - user: 0 sequences, 0.00 GB
2026-10-09 23:09:00,408 - INFO - - system: 0 sequences, 0.00 GB
2026-10-09 23:09:00,427 - INFO - Prompt processing progress: 0/99
2026-10-09 23:09:00,516 - INFO - Prompt processing progress: 98/99
2026-10-09 23:09:00,521 - INFO - Prompt processing progress: 99/99
127.0.0.1 - - [09/Oct/2026 23:09:14] "POST /v1/chat/completions HTTP/1.1" 200 -
2026-10-09 23:09:14,775 - INFO - Prompt Cache: 10 sequences, 1.03 GB
2026-10-09 23:09:14,775 - INFO - - assistant: 10 sequences, 1.03 GB
2026-10-09 23:09:14,775 - INFO - - user: 0 sequences, 0.00 GB
2026-10-09 23:09:14,775 - INFO - - system: 0 sequences, 0.00 GB
2026-10-09 23:09:14,793 - INFO - Prompt processing progress: 0/73
2026-10-09 23:09:14,837 - INFO - Prompt processing progress: 72/73
2026-10-09 23:09:14,842 - INFO - Prompt processing progress: 73/73
127.0.0.1 - - [09/Oct/2026 23:09:40] "POST /v1/chat/completions HTTP/1.1" 200 -
2026-10-09 23:09:40,379 - INFO - Prompt Cache: 10 sequences, 1.09 GB
2026-10-09 23:09:40,379 - INFO - - assistant: 10 sequences, 1.09 GB
2026-10-09 23:09:40,379 - INFO - - user: 0 sequences, 0.00 GB
2026-10-09 23:09:40,379 - INFO - - system: 0 sequences, 0.00 GB
2026-10-09 23:09:40,406 - INFO - Prompt processing progress: 0/76
2026-10-09 23:09:40,484 - INFO - Prompt processing progress: 75/76
2026-10-09 23:09:40,490 - INFO - Prompt processing progress: 76/76
127.0.0.1 - - [09/Oct/2026 23:09:54] "POST /v1/chat/completions HTTP/1.1" 200 -
2026-10-09 23:09:54,520 - INFO - Prompt Cache: 10 sequences, 1.11 GB
2026-10-09 23:09:54,520 - INFO - - assistant: 10 sequences, 1.11 GB
2026-10-09 23:09:54,520 - INFO - - user: 0 sequences, 0.00 GB
2026-10-09 23:09:54,520 - INFO - - system: 0 sequences, 0.00 GB
2026-10-09 23:09:54,544 - INFO - Prompt processing progress: 0/80
2026-10-09 23:09:54,623 - INFO - Prompt processing progress: 79/80
2026-10-09 23:09:54,629 - INFO - Prompt processing progress: 80/80
127.0.0.1 - - [09/Oct/2026 23:10:04] "POST /v1/chat/completions HTTP/1.1" 200 -
2026-10-09 23:10:04,066 - INFO - Prompt Cache: 10 sequences, 1.02 GB
2026-10-09 23:10:04,066 - INFO - - assistant: 10 sequences, 1.02 GB
2026-10-09 23:10:04,066 - INFO - - user: 0 sequences, 0.00 GB
2026-10-09 23:10:04,066 - INFO - - system: 0 sequences, 0.00 GB
2026-10-09 23:10:04,081 - INFO - Prompt processing progress: 0/85
2026-10-09 23:10:04,163 - INFO - Prompt processing progress: 84/85
2026-10-09 23:10:04,168 - INFO - Prompt processing progress: 85/85
127.0.0.1 - - [09/Oct/2026 23:10:13] "POST /v1/chat/completions HTTP/1.1" 200 -
2026-10-09 23:10:13,750 - INFO - Prompt Cache: 10 sequences, 0.95 GB
2026-10-09 23:10:13,750 - INFO - - assistant: 10 sequences, 0.95 GB
2026-10-09 23:10:13,750 - INFO - - user: 0 sequences, 0.00 GB
2026-10-09 23:10:13,750 - INFO - - system: 0 sequences, 0.00 GB
2026-10-09 23:10:13,767 - INFO - Prompt processing progress: 0/71
2026-10-09 23:10:13,843 - INFO - Prompt processing progress: 70/71
2026-10-09 23:10:13,848 - INFO - Prompt processing progress: 71/71
127.0.0.1 - - [09/Oct/2026 23:10:24] "POST /v1/chat/completions HTTP/1.1" 200 -
2026-10-09 23:10:24,755 - INFO - Prompt Cache: 10 sequences, 0.95 GB
2026-10-09 23:10:24,756 - INFO - - assistant: 10 sequences, 0.95 GB
2026-10-09 23:10:24,756 - INFO - - user: 0 sequences, 0.00 GB
2026-10-09 23:10:24,756 - INFO - - system: 0 sequences, 0.00 GB
2026-10-09 23:10:24,773 - INFO - Prompt processing progress: 0/75
2026-10-09 23:10:24,851 - INFO - Prompt processing progress: 74/75
2026-10-09 23:10:24,856 - INFO - Prompt processing progress: 75/75
127.0.0.1 - - [09/Oct/2026 23:10:36] "POST /v1/chat/completions HTTP/1.1" 200 -
2026-10-09 23:10:36,692 - INFO - Prompt Cache: 10 sequences, 0.90 GB
2026-10-09 23:10:36,692 - INFO - - assistant: 10 sequences, 0.90 GB
2026-10-09 23:10:36,692 - INFO - - user: 0 sequences, 0.00 GB
2026-10-09 23:10:36,692 - INFO - - system: 0 sequences, 0.00 GB
2026-10-09 23:10:36,711 - INFO - Prompt processing progress: 0/78
2026-10-09 23:10:36,757 - INFO - Prompt processing progress: 77/78
2026-10-09 23:10:36,762 - INFO - Prompt processing progress: 78/78
127.0.0.1 - - [09/Oct/2026 23:10:52] "POST /v1/chat/completions HTTP/1.1" 200 -
2026-10-09 23:10:52,624 - INFO - Prompt Cache: 10 sequences, 0.93 GB
2026-10-09 23:10:52,624 - INFO - - assistant: 10 sequences, 0.93 GB
2026-10-09 23:10:52,624 - INFO - - user: 0 sequences, 0.00 GB
2026-10-09 23:10:52,624 - INFO - - system: 0 sequences, 0.00 GB
2026-10-09 23:10:52,647 - INFO - Prompt processing progress: 0/83
2026-10-09 23:10:52,729 - INFO - Prompt processing progress: 82/83
2026-10-09 23:10:52,734 - INFO - Prompt processing progress: 83/83
