/home/imad/GitHub/personal/mellum-mlx/.venv/lib/python3.12/site-packages/mlx_lm/server.py:1745: UserWarning: mlx_lm.server is not recommended for production as it only implements basic security checks.
  warnings.warn(
2026-10-09 22:39:54,432 - INFO - Starting httpd at 127.0.0.1 on port 58667...
127.0.0.1 - - [09/Oct/2026 22:39:54] "GET /v1/models HTTP/1.1" 200 -
127.0.0.1 - - [09/Oct/2026 22:39:55] "POST /v1/chat/completions HTTP/1.1" 200 -
2026-10-09 22:39:55,920 - INFO - Prompt Cache: 0 sequences, 0.00 GB
2026-10-09 22:39:55,920 - INFO - - assistant: 0 sequences, 0.00 GB
2026-10-09 22:39:55,920 - INFO - - user: 0 sequences, 0.00 GB
2026-10-09 22:39:55,920 - INFO - - system: 0 sequences, 0.00 GB
2026-10-09 22:39:55,922 - INFO - Prompt processing progress: 0/64
2026-10-09 22:39:56,292 - INFO - Prompt processing progress: 63/64
2026-10-09 22:39:56,323 - INFO - Prompt processing progress: 64/64
127.0.0.1 - - [09/Oct/2026 22:40:05] "POST /v1/chat/completions HTTP/1.1" 200 -
2026-10-09 22:40:05,219 - INFO - Prompt Cache: 1 sequences, 0.07 GB
2026-10-09 22:40:05,219 - INFO - - assistant: 1 sequences, 0.07 GB
2026-10-09 22:40:05,219 - INFO - - user: 0 sequences, 0.00 GB
2026-10-09 22:40:05,219 - INFO - - system: 0 sequences, 0.00 GB
2026-10-09 22:40:05,222 - INFO - Prompt processing progress: 0/67
2026-10-09 22:40:05,294 - INFO - Prompt processing progress: 66/67
2026-10-09 22:40:05,299 - INFO - Prompt processing progress: 67/67
127.0.0.1 - - [09/Oct/2026 22:40:20] "POST /v1/chat/completions HTTP/1.1" 200 -
2026-10-09 22:40:20,354 - INFO - Prompt Cache: 2 sequences, 0.17 GB
2026-10-09 22:40:20,354 - INFO - - assistant: 2 sequences, 0.17 GB
2026-10-09 22:40:20,354 - INFO - - user: 0 sequences, 0.00 GB
2026-10-09 22:40:20,354 - INFO - - system: 0 sequences, 0.00 GB
2026-10-09 22:40:20,361 - INFO - Prompt processing progress: 0/94
2026-10-09 22:40:20,442 - INFO - Prompt processing progress: 93/94
2026-10-09 22:40:20,447 - INFO - Prompt processing progress: 94/94
127.0.0.1 - - [09/Oct/2026 22:40:47] "POST /v1/chat/completions HTTP/1.1" 200 -
2026-10-09 22:40:47,029 - INFO - Prompt Cache: 3 sequences, 0.30 GB
2026-10-09 22:40:47,029 - INFO - - assistant: 3 sequences, 0.30 GB
2026-10-09 22:40:47,029 - INFO - - user: 0 sequences, 0.00 GB
2026-10-09 22:40:47,029 - INFO - - system: 0 sequences, 0.00 GB
2026-10-09 22:40:47,049 - INFO - Prompt processing progress: 0/87
2026-10-09 22:40:47,127 - INFO - Prompt processing progress: 86/87
2026-10-09 22:40:47,132 - INFO - Prompt processing progress: 87/87
127.0.0.1 - - [09/Oct/2026 22:40:57] "POST /v1/chat/completions HTTP/1.1" 200 -
2026-10-09 22:40:57,423 - INFO - Prompt Cache: 4 sequences, 0.38 GB
2026-10-09 22:40:57,424 - INFO - - assistant: 4 sequences, 0.38 GB
2026-10-09 22:40:57,424 - INFO - - user: 0 sequences, 0.00 GB
2026-10-09 22:40:57,424 - INFO - - system: 0 sequences, 0.00 GB
2026-10-09 22:40:57,433 - INFO - Prompt processing progress: 0/63
2026-10-09 22:40:57,503 - INFO - Prompt processing progress: 62/63
2026-10-09 22:40:57,509 - INFO - Prompt processing progress: 63/63
127.0.0.1 - - [09/Oct/2026 22:41:05] "POST /v1/chat/completions HTTP/1.1" 200 -
2026-10-09 22:41:05,299 - INFO - Prompt Cache: 5 sequences, 0.45 GB
2026-10-09 22:41:05,299 - INFO - - assistant: 5 sequences, 0.45 GB
2026-10-09 22:41:05,299 - INFO - - user: 0 sequences, 0.00 GB
2026-10-09 22:41:05,299 - INFO - - system: 0 sequences, 0.00 GB
2026-10-09 22:41:05,307 - INFO - Prompt processing progress: 0/82
2026-10-09 22:41:05,384 - INFO - Prompt processing progress: 81/82
2026-10-09 22:41:05,389 - INFO - Prompt processing progress: 82/82
127.0.0.1 - - [09/Oct/2026 22:41:40] "POST /v1/chat/completions HTTP/1.1" 200 -
2026-10-09 22:41:40,573 - INFO - Prompt Cache: 6 sequences, 0.61 GB
2026-10-09 22:41:40,573 - INFO - - assistant: 6 sequences, 0.61 GB
2026-10-09 22:41:40,573 - INFO - - user: 0 sequences, 0.00 GB
2026-10-09 22:41:40,573 - INFO - - system: 0 sequences, 0.00 GB
2026-10-09 22:41:40,602 - INFO - Prompt processing progress: 0/73
2026-10-09 22:41:40,676 - INFO - Prompt processing progress: 72/73
2026-10-09 22:41:40,682 - INFO - Prompt processing progress: 73/73
127.0.0.1 - - [09/Oct/2026 22:41:46] "POST /v1/chat/completions HTTP/1.1" 200 -
2026-10-09 22:41:46,939 - INFO - Prompt Cache: 7 sequences, 0.68 GB
2026-10-09 22:41:46,939 - INFO - - assistant: 7 sequences, 0.68 GB
2026-10-09 22:41:46,939 - INFO - - user: 0 sequences, 0.00 GB
2026-10-09 22:41:46,939 - INFO - - system: 0 sequences, 0.00 GB
2026-10-09 22:41:46,947 - INFO - Prompt processing progress: 0/78
2026-10-09 22:41:47,022 - INFO - Prompt processing progress: 77/78
2026-10-09 22:41:47,027 - INFO - Prompt processing progress: 78/78
127.0.0.1 - - [09/Oct/2026 22:41:55] "POST /v1/chat/completions HTTP/1.1" 200 -
2026-10-09 22:41:55,010 - INFO - Prompt Cache: 8 sequences, 0.75 GB
2026-10-09 22:41:55,010 - INFO - - assistant: 8 sequences, 0.75 GB
2026-10-09 22:41:55,010 - INFO - - user: 0 sequences, 0.00 GB
2026-10-09 22:41:55,010 - INFO - - system: 0 sequences, 0.00 GB
2026-10-09 22:41:55,019 - INFO - Prompt processing progress: 0/68
2026-10-09 22:41:55,090 - INFO - Prompt processing progress: 67/68
2026-10-09 22:41:55,095 - INFO - Prompt processing progress: 68/68
127.0.0.1 - - [09/Oct/2026 22:42:10] "POST /v1/chat/completions HTTP/1.1" 200 -
2026-10-09 22:42:10,207 - INFO - Prompt Cache: 9 sequences, 0.84 GB
2026-10-09 22:42:10,207 - INFO - - assistant: 9 sequences, 0.84 GB
2026-10-09 22:42:10,207 - INFO - - user: 0 sequences, 0.00 GB
2026-10-09 22:42:10,207 - INFO - - system: 0 sequences, 0.00 GB
2026-10-09 22:42:10,219 - INFO - Prompt processing progress: 0/73
2026-10-09 22:42:10,260 - INFO - Prompt processing progress: 72/73
2026-10-09 22:42:10,265 - INFO - Prompt processing progress: 73/73
127.0.0.1 - - [09/Oct/2026 22:42:26] "POST /v1/chat/completions HTTP/1.1" 200 -
2026-10-09 22:42:26,660 - INFO - Prompt Cache: 10 sequences, 0.94 GB
2026-10-09 22:42:26,660 - INFO - - assistant: 10 sequences, 0.94 GB
2026-10-09 22:42:26,660 - INFO - - user: 0 sequences, 0.00 GB
2026-10-09 22:42:26,660 - INFO - - system: 0 sequences, 0.00 GB
2026-10-09 22:42:26,678 - INFO - Prompt processing progress: 0/95
2026-10-09 22:42:26,760 - INFO - Prompt processing progress: 94/95
2026-10-09 22:42:26,765 - INFO - Prompt processing progress: 95/95
127.0.0.1 - - [09/Oct/2026 22:42:37] "POST /v1/chat/completions HTTP/1.1" 200 -
2026-10-09 22:42:37,872 - INFO - Prompt Cache: 10 sequences, 0.95 GB
2026-10-09 22:42:37,872 - INFO - - assistant: 10 sequences, 0.95 GB
2026-10-09 22:42:37,872 - INFO - - user: 0 sequences, 0.00 GB
2026-10-09 22:42:37,872 - INFO - - system: 0 sequences, 0.00 GB
2026-10-09 22:42:37,888 - INFO - Prompt processing progress: 0/102
2026-10-09 22:42:37,972 - INFO - Prompt processing progress: 101/102
2026-10-09 22:42:37,977 - INFO - Prompt processing progress: 102/102
127.0.0.1 - - [09/Oct/2026 22:42:55] "POST /v1/chat/completions HTTP/1.1" 200 -
2026-10-09 22:42:55,443 - INFO - Prompt Cache: 10 sequences, 0.95 GB
2026-10-09 22:42:55,443 - INFO - - assistant: 10 sequences, 0.95 GB
2026-10-09 22:42:55,443 - INFO - - user: 0 sequences, 0.00 GB
2026-10-09 22:42:55,443 - INFO - - system: 0 sequences, 0.00 GB
2026-10-09 22:42:55,463 - INFO - Prompt processing progress: 0/72
2026-10-09 22:42:55,537 - INFO - Prompt processing progress: 71/72
2026-10-09 22:42:55,542 - INFO - Prompt processing progress: 72/72
127.0.0.1 - - [09/Oct/2026 22:43:07] "POST /v1/chat/completions HTTP/1.1" 200 -
2026-10-09 22:43:07,096 - INFO - Prompt Cache: 10 sequences, 0.91 GB
2026-10-09 22:43:07,096 - INFO - - assistant: 10 sequences, 0.91 GB
2026-10-09 22:43:07,096 - INFO - - user: 0 sequences, 0.00 GB
2026-10-09 22:43:07,096 - INFO - - system: 0 sequences, 0.00 GB
2026-10-09 22:43:07,116 - INFO - Prompt processing progress: 0/84
2026-10-09 22:43:07,193 - INFO - Prompt processing progress: 83/84
2026-10-09 22:43:07,199 - INFO - Prompt processing progress: 84/84
127.0.0.1 - - [09/Oct/2026 22:43:23] "POST /v1/chat/completions HTTP/1.1" 200 -
2026-10-09 22:43:23,872 - INFO - Prompt Cache: 10 sequences, 0.93 GB
2026-10-09 22:43:23,872 - INFO - - assistant: 10 sequences, 0.93 GB
2026-10-09 22:43:23,872 - INFO - - user: 0 sequences, 0.00 GB
2026-10-09 22:43:23,872 - INFO - - system: 0 sequences, 0.00 GB
2026-10-09 22:43:23,896 - INFO - Prompt processing progress: 0/93
2026-10-09 22:43:23,977 - INFO - Prompt processing progress: 92/93
2026-10-09 22:43:23,982 - INFO - Prompt processing progress: 93/93
127.0.0.1 - - [09/Oct/2026 22:43:40] "POST /v1/chat/completions HTTP/1.1" 200 -
2026-10-09 22:43:40,993 - INFO - Prompt Cache: 10 sequences, 0.96 GB
2026-10-09 22:43:40,993 - INFO - - assistant: 10 sequences, 0.96 GB
2026-10-09 22:43:40,993 - INFO - - user: 0 sequences, 0.00 GB
2026-10-09 22:43:40,993 - INFO - - system: 0 sequences, 0.00 GB
2026-10-09 22:43:41,023 - INFO - Prompt processing progress: 0/99
2026-10-09 22:43:41,106 - INFO - Prompt processing progress: 98/99
2026-10-09 22:43:41,111 - INFO - Prompt processing progress: 99/99
127.0.0.1 - - [09/Oct/2026 22:43:54] "POST /v1/chat/completions HTTP/1.1" 200 -
2026-10-09 22:43:54,980 - INFO - Prompt Cache: 10 sequences, 0.89 GB
2026-10-09 22:43:54,980 - INFO - - assistant: 10 sequences, 0.89 GB
2026-10-09 22:43:54,980 - INFO - - user: 0 sequences, 0.00 GB
2026-10-09 22:43:54,980 - INFO - - system: 0 sequences, 0.00 GB
2026-10-09 22:43:55,007 - INFO - Prompt processing progress: 0/73
2026-10-09 22:43:55,048 - INFO - Prompt processing progress: 72/73
2026-10-09 22:43:55,053 - INFO - Prompt processing progress: 73/73
127.0.0.1 - - [09/Oct/2026 22:44:22] "POST /v1/chat/completions HTTP/1.1" 200 -
2026-10-09 22:44:22,121 - INFO - Prompt Cache: 10 sequences, 0.96 GB
2026-10-09 22:44:22,121 - INFO - - assistant: 10 sequences, 0.96 GB
2026-10-09 22:44:22,121 - INFO - - user: 0 sequences, 0.00 GB
2026-10-09 22:44:22,121 - INFO - - system: 0 sequences, 0.00 GB
2026-10-09 22:44:22,161 - INFO - Prompt processing progress: 0/76
2026-10-09 22:44:22,236 - INFO - Prompt processing progress: 75/76
2026-10-09 22:44:22,242 - INFO - Prompt processing progress: 76/76
127.0.0.1 - - [09/Oct/2026 22:44:35] "POST /v1/chat/completions HTTP/1.1" 200 -
2026-10-09 22:44:35,273 - INFO - Prompt Cache: 10 sequences, 0.98 GB
2026-10-09 22:44:35,273 - INFO - - assistant: 10 sequences, 0.98 GB
2026-10-09 22:44:35,273 - INFO - - user: 0 sequences, 0.00 GB
2026-10-09 22:44:35,273 - INFO - - system: 0 sequences, 0.00 GB
2026-10-09 22:44:35,304 - INFO - Prompt processing progress: 0/80
2026-10-09 22:44:35,381 - INFO - Prompt processing progress: 79/80
2026-10-09 22:44:35,386 - INFO - Prompt processing progress: 80/80
127.0.0.1 - - [09/Oct/2026 22:44:41] "POST /v1/chat/completions HTTP/1.1" 200 -
2026-10-09 22:44:41,969 - INFO - Prompt Cache: 10 sequences, 0.95 GB
2026-10-09 22:44:41,969 - INFO - - assistant: 10 sequences, 0.95 GB
2026-10-09 22:44:41,969 - INFO - - user: 0 sequences, 0.00 GB
2026-10-09 22:44:41,969 - INFO - - system: 0 sequences, 0.00 GB
2026-10-09 22:44:41,980 - INFO - Prompt processing progress: 0/85
2026-10-09 22:44:42,059 - INFO - Prompt processing progress: 84/85
2026-10-09 22:44:42,064 - INFO - Prompt processing progress: 85/85
127.0.0.1 - - [09/Oct/2026 22:44:52] "POST /v1/chat/completions HTTP/1.1" 200 -
2026-10-09 22:44:52,439 - INFO - Prompt Cache: 10 sequences, 0.93 GB
2026-10-09 22:44:52,439 - INFO - - assistant: 10 sequences, 0.93 GB
2026-10-09 22:44:52,439 - INFO - - user: 0 sequences, 0.00 GB
2026-10-09 22:44:52,439 - INFO - - system: 0 sequences, 0.00 GB
2026-10-09 22:44:52,451 - INFO - Prompt processing progress: 0/71
2026-10-09 22:44:52,525 - INFO - Prompt processing progress: 70/71
2026-10-09 22:44:52,530 - INFO - Prompt processing progress: 71/71
127.0.0.1 - - [09/Oct/2026 22:45:04] "POST /v1/chat/completions HTTP/1.1" 200 -
2026-10-09 22:45:04,594 - INFO - Prompt Cache: 10 sequences, 0.94 GB
2026-10-09 22:45:04,594 - INFO - - assistant: 10 sequences, 0.94 GB
2026-10-09 22:45:04,594 - INFO - - user: 0 sequences, 0.00 GB
2026-10-09 22:45:04,594 - INFO - - system: 0 sequences, 0.00 GB
2026-10-09 22:45:04,608 - INFO - Prompt processing progress: 0/75
2026-10-09 22:45:04,682 - INFO - Prompt processing progress: 74/75
2026-10-09 22:45:04,687 - INFO - Prompt processing progress: 75/75
127.0.0.1 - - [09/Oct/2026 22:45:13] "POST /v1/chat/completions HTTP/1.1" 200 -
2026-10-09 22:45:13,071 - INFO - Prompt Cache: 10 sequences, 0.91 GB
2026-10-09 22:45:13,071 - INFO - - assistant: 10 sequences, 0.91 GB
2026-10-09 22:45:13,071 - INFO - - user: 0 sequences, 0.00 GB
2026-10-09 22:45:13,071 - INFO - - system: 0 sequences, 0.00 GB
2026-10-09 22:45:13,083 - INFO - Prompt processing progress: 0/78
2026-10-09 22:45:13,126 - INFO - Prompt processing progress: 77/78
2026-10-09 22:45:13,137 - INFO - Prompt processing progress: 78/78
127.0.0.1 - - [09/Oct/2026 22:45:25] "POST /v1/chat/completions HTTP/1.1" 200 -
2026-10-09 22:45:25,593 - INFO - Prompt Cache: 10 sequences, 0.91 GB
2026-10-09 22:45:25,593 - INFO - - assistant: 10 sequences, 0.91 GB
2026-10-09 22:45:25,593 - INFO - - user: 0 sequences, 0.00 GB
2026-10-09 22:45:25,593 - INFO - - system: 0 sequences, 0.00 GB
2026-10-09 22:45:25,608 - INFO - Prompt processing progress: 0/83
2026-10-09 22:45:25,687 - INFO - Prompt processing progress: 82/83
2026-10-09 22:45:25,693 - INFO - Prompt processing progress: 83/83
