/home/imad/GitHub/personal/mellum-mlx/.venv/lib/python3.12/site-packages/mlx_lm/server.py:1745: UserWarning: mlx_lm.server is not recommended for production as it only implements basic security checks.
  warnings.warn(
2026-10-09 23:33:39,391 - INFO - Starting httpd at 127.0.0.1 on port 44369...
127.0.0.1 - - [09/Oct/2026 23:33:39] "GET /v1/models HTTP/1.1" 200 -
127.0.0.1 - - [09/Oct/2026 23:33:41] "POST /v1/chat/completions HTTP/1.1" 200 -
2026-10-09 23:33:41,025 - INFO - Prompt Cache: 0 sequences, 0.00 GB
2026-10-09 23:33:41,025 - INFO - - assistant: 0 sequences, 0.00 GB
2026-10-09 23:33:41,025 - INFO - - user: 0 sequences, 0.00 GB
2026-10-09 23:33:41,025 - INFO - - system: 0 sequences, 0.00 GB
2026-10-09 23:33:41,027 - INFO - Prompt processing progress: 0/64
2026-10-09 23:33:41,430 - INFO - Prompt processing progress: 63/64
2026-10-09 23:33:41,452 - INFO - Prompt processing progress: 64/64
127.0.0.1 - - [09/Oct/2026 23:33:54] "POST /v1/chat/completions HTTP/1.1" 200 -
2026-10-09 23:33:54,320 - INFO - Prompt Cache: 1 sequences, 0.08 GB
2026-10-09 23:33:54,320 - INFO - - assistant: 1 sequences, 0.08 GB
2026-10-09 23:33:54,320 - INFO - - user: 0 sequences, 0.00 GB
2026-10-09 23:33:54,320 - INFO - - system: 0 sequences, 0.00 GB
2026-10-09 23:33:54,324 - INFO - Prompt processing progress: 0/67
2026-10-09 23:33:54,400 - INFO - Prompt processing progress: 66/67
2026-10-09 23:33:54,405 - INFO - Prompt processing progress: 67/67
127.0.0.1 - - [09/Oct/2026 23:34:11] "POST /v1/chat/completions HTTP/1.1" 200 -
2026-10-09 23:34:11,548 - INFO - Prompt Cache: 2 sequences, 0.18 GB
2026-10-09 23:34:11,548 - INFO - - assistant: 2 sequences, 0.18 GB
2026-10-09 23:34:11,548 - INFO - - user: 0 sequences, 0.00 GB
2026-10-09 23:34:11,548 - INFO - - system: 0 sequences, 0.00 GB
2026-10-09 23:34:11,557 - INFO - Prompt processing progress: 0/94
2026-10-09 23:34:11,643 - INFO - Prompt processing progress: 93/94
2026-10-09 23:34:11,648 - INFO - Prompt processing progress: 94/94
127.0.0.1 - - [09/Oct/2026 23:34:36] "POST /v1/chat/completions HTTP/1.1" 200 -
2026-10-09 23:34:36,857 - INFO - Prompt Cache: 3 sequences, 0.31 GB
2026-10-09 23:34:36,857 - INFO - - assistant: 3 sequences, 0.31 GB
2026-10-09 23:34:36,857 - INFO - - user: 0 sequences, 0.00 GB
2026-10-09 23:34:36,857 - INFO - - system: 0 sequences, 0.00 GB
2026-10-09 23:34:36,877 - INFO - Prompt processing progress: 0/87
2026-10-09 23:34:36,961 - INFO - Prompt processing progress: 86/87
2026-10-09 23:34:36,967 - INFO - Prompt processing progress: 87/87
127.0.0.1 - - [09/Oct/2026 23:34:48] "POST /v1/chat/completions HTTP/1.1" 200 -
2026-10-09 23:34:48,037 - INFO - Prompt Cache: 4 sequences, 0.39 GB
2026-10-09 23:34:48,037 - INFO - - assistant: 4 sequences, 0.39 GB
2026-10-09 23:34:48,037 - INFO - - user: 0 sequences, 0.00 GB
2026-10-09 23:34:48,037 - INFO - - system: 0 sequences, 0.00 GB
2026-10-09 23:34:48,048 - INFO - Prompt processing progress: 0/63
2026-10-09 23:34:48,123 - INFO - Prompt processing progress: 62/63
2026-10-09 23:34:48,128 - INFO - Prompt processing progress: 63/63
127.0.0.1 - - [09/Oct/2026 23:34:54] "POST /v1/chat/completions HTTP/1.1" 200 -
2026-10-09 23:34:54,164 - INFO - Prompt Cache: 5 sequences, 0.45 GB
2026-10-09 23:34:54,164 - INFO - - assistant: 5 sequences, 0.45 GB
2026-10-09 23:34:54,164 - INFO - - user: 0 sequences, 0.00 GB
2026-10-09 23:34:54,164 - INFO - - system: 0 sequences, 0.00 GB
2026-10-09 23:34:54,170 - INFO - Prompt processing progress: 0/82
2026-10-09 23:34:54,252 - INFO - Prompt processing progress: 81/82
2026-10-09 23:34:54,258 - INFO - Prompt processing progress: 82/82
127.0.0.1 - - [09/Oct/2026 23:35:32] "POST /v1/chat/completions HTTP/1.1" 200 -
2026-10-09 23:35:32,714 - INFO - Prompt Cache: 6 sequences, 0.62 GB
2026-10-09 23:35:32,714 - INFO - - assistant: 6 sequences, 0.62 GB
2026-10-09 23:35:32,714 - INFO - - user: 0 sequences, 0.00 GB
2026-10-09 23:35:32,714 - INFO - - system: 0 sequences, 0.00 GB
2026-10-09 23:35:32,744 - INFO - Prompt processing progress: 0/73
2026-10-09 23:35:32,822 - INFO - Prompt processing progress: 72/73
2026-10-09 23:35:32,827 - INFO - Prompt processing progress: 73/73
127.0.0.1 - - [09/Oct/2026 23:35:37] "POST /v1/chat/completions HTTP/1.1" 200 -
2026-10-09 23:35:37,512 - INFO - Prompt Cache: 7 sequences, 0.68 GB
2026-10-09 23:35:37,512 - INFO - - assistant: 7 sequences, 0.68 GB
2026-10-09 23:35:37,512 - INFO - - user: 0 sequences, 0.00 GB
2026-10-09 23:35:37,512 - INFO - - system: 0 sequences, 0.00 GB
2026-10-09 23:35:37,518 - INFO - Prompt processing progress: 0/49
2026-10-09 23:35:37,586 - INFO - Prompt processing progress: 48/49
2026-10-09 23:35:37,591 - INFO - Prompt processing progress: 49/49
127.0.0.1 - - [09/Oct/2026 23:35:43] "POST /v1/chat/completions HTTP/1.1" 200 -
2026-10-09 23:35:43,355 - INFO - Prompt Cache: 8 sequences, 0.74 GB
2026-10-09 23:35:43,355 - INFO - - assistant: 8 sequences, 0.74 GB
2026-10-09 23:35:43,355 - INFO - - user: 0 sequences, 0.00 GB
2026-10-09 23:35:43,355 - INFO - - system: 0 sequences, 0.00 GB
2026-10-09 23:35:43,361 - INFO - Prompt processing progress: 0/39
2026-10-09 23:35:43,426 - INFO - Prompt processing progress: 38/39
2026-10-09 23:35:43,431 - INFO - Prompt processing progress: 39/39
127.0.0.1 - - [09/Oct/2026 23:36:21] "POST /v1/chat/completions HTTP/1.1" 200 -
2026-10-09 23:36:21,620 - INFO - Prompt Cache: 9 sequences, 0.90 GB
2026-10-09 23:36:21,620 - INFO - - assistant: 9 sequences, 0.90 GB
2026-10-09 23:36:21,620 - INFO - - user: 0 sequences, 0.00 GB
2026-10-09 23:36:21,620 - INFO - - system: 0 sequences, 0.00 GB
2026-10-09 23:36:21,651 - INFO - Prompt processing progress: 0/44
2026-10-09 23:36:21,717 - INFO - Prompt processing progress: 43/44
2026-10-09 23:36:21,722 - INFO - Prompt processing progress: 44/44
127.0.0.1 - - [09/Oct/2026 23:36:55] "POST /v1/chat/completions HTTP/1.1" 200 -
2026-10-09 23:36:55,741 - INFO - Prompt Cache: 10 sequences, 1.05 GB
2026-10-09 23:36:55,742 - INFO - - assistant: 10 sequences, 1.05 GB
2026-10-09 23:36:55,742 - INFO - - user: 0 sequences, 0.00 GB
2026-10-09 23:36:55,742 - INFO - - system: 0 sequences, 0.00 GB
2026-10-09 23:36:55,786 - INFO - Prompt processing progress: 0/66
2026-10-09 23:36:55,861 - INFO - Prompt processing progress: 65/66
2026-10-09 23:36:55,866 - INFO - Prompt processing progress: 66/66
127.0.0.1 - - [09/Oct/2026 23:37:10] "POST /v1/chat/completions HTTP/1.1" 200 -
2026-10-09 23:37:10,075 - INFO - Prompt Cache: 10 sequences, 1.06 GB
2026-10-09 23:37:10,075 - INFO - - assistant: 10 sequences, 1.06 GB
2026-10-09 23:37:10,075 - INFO - - user: 0 sequences, 0.00 GB
2026-10-09 23:37:10,075 - INFO - - system: 0 sequences, 0.00 GB
2026-10-09 23:37:10,092 - INFO - Prompt processing progress: 0/73
2026-10-09 23:37:10,170 - INFO - Prompt processing progress: 72/73
2026-10-09 23:37:10,176 - INFO - Prompt processing progress: 73/73
127.0.0.1 - - [09/Oct/2026 23:37:36] "POST /v1/chat/completions HTTP/1.1" 200 -
2026-10-09 23:37:36,148 - INFO - Prompt Cache: 10 sequences, 1.09 GB
2026-10-09 23:37:36,148 - INFO - - assistant: 10 sequences, 1.09 GB
2026-10-09 23:37:36,148 - INFO - - user: 0 sequences, 0.00 GB
2026-10-09 23:37:36,148 - INFO - - system: 0 sequences, 0.00 GB
2026-10-09 23:37:36,175 - INFO - Prompt processing progress: 0/43
2026-10-09 23:37:36,241 - INFO - Prompt processing progress: 42/43
2026-10-09 23:37:36,246 - INFO - Prompt processing progress: 43/43
127.0.0.1 - - [09/Oct/2026 23:37:41] "POST /v1/chat/completions HTTP/1.1" 200 -
2026-10-09 23:37:41,556 - INFO - Prompt Cache: 10 sequences, 1.02 GB
2026-10-09 23:37:41,556 - INFO - - assistant: 10 sequences, 1.02 GB
2026-10-09 23:37:41,556 - INFO - - user: 0 sequences, 0.00 GB
2026-10-09 23:37:41,556 - INFO - - system: 0 sequences, 0.00 GB
2026-10-09 23:37:41,563 - INFO - Prompt processing progress: 0/55
2026-10-09 23:37:41,633 - INFO - Prompt processing progress: 54/55
2026-10-09 23:37:41,638 - INFO - Prompt processing progress: 55/55
127.0.0.1 - - [09/Oct/2026 23:38:08] "POST /v1/chat/completions HTTP/1.1" 200 -
2026-10-09 23:38:08,464 - INFO - Prompt Cache: 10 sequences, 1.07 GB
2026-10-09 23:38:08,464 - INFO - - assistant: 10 sequences, 1.07 GB
2026-10-09 23:38:08,464 - INFO - - user: 0 sequences, 0.00 GB
2026-10-09 23:38:08,465 - INFO - - system: 0 sequences, 0.00 GB
2026-10-09 23:38:08,484 - INFO - Prompt processing progress: 0/64
2026-10-09 23:38:08,559 - INFO - Prompt processing progress: 63/64
2026-10-09 23:38:08,564 - INFO - Prompt processing progress: 64/64
127.0.0.1 - - [09/Oct/2026 23:38:27] "POST /v1/chat/completions HTTP/1.1" 200 -
2026-10-09 23:38:27,221 - INFO - Prompt Cache: 10 sequences, 1.11 GB
2026-10-09 23:38:27,222 - INFO - - assistant: 10 sequences, 1.11 GB
2026-10-09 23:38:27,222 - INFO - - user: 0 sequences, 0.00 GB
2026-10-09 23:38:27,222 - INFO - - system: 0 sequences, 0.00 GB
2026-10-09 23:38:27,240 - INFO - Prompt processing progress: 0/70
2026-10-09 23:38:27,317 - INFO - Prompt processing progress: 69/70
2026-10-09 23:38:27,323 - INFO - Prompt processing progress: 70/70
127.0.0.1 - - [09/Oct/2026 23:38:42] "POST /v1/chat/completions HTTP/1.1" 200 -
2026-10-09 23:38:42,810 - INFO - Prompt Cache: 10 sequences, 1.04 GB
2026-10-09 23:38:42,810 - INFO - - assistant: 10 sequences, 1.04 GB
2026-10-09 23:38:42,810 - INFO - - user: 0 sequences, 0.00 GB
2026-10-09 23:38:42,810 - INFO - - system: 0 sequences, 0.00 GB
2026-10-09 23:38:42,828 - INFO - Prompt processing progress: 0/44
2026-10-09 23:38:42,861 - INFO - Prompt processing progress: 43/44
2026-10-09 23:38:42,866 - INFO - Prompt processing progress: 44/44
127.0.0.1 - - [09/Oct/2026 23:39:16] "POST /v1/chat/completions HTTP/1.1" 200 -
2026-10-09 23:39:16,233 - INFO - Prompt Cache: 10 sequences, 1.13 GB
2026-10-09 23:39:16,233 - INFO - - assistant: 10 sequences, 1.13 GB
2026-10-09 23:39:16,233 - INFO - - user: 0 sequences, 0.00 GB
2026-10-09 23:39:16,233 - INFO - - system: 0 sequences, 0.00 GB
2026-10-09 23:39:16,268 - INFO - Prompt processing progress: 0/76
2026-10-09 23:39:16,349 - INFO - Prompt processing progress: 75/76
2026-10-09 23:39:16,354 - INFO - Prompt processing progress: 76/76
127.0.0.1 - - [09/Oct/2026 23:39:25] "POST /v1/chat/completions HTTP/1.1" 200 -
2026-10-09 23:39:25,402 - INFO - Prompt Cache: 10 sequences, 1.14 GB
2026-10-09 23:39:25,402 - INFO - - assistant: 10 sequences, 1.14 GB
2026-10-09 23:39:25,402 - INFO - - user: 0 sequences, 0.00 GB
2026-10-09 23:39:25,402 - INFO - - system: 0 sequences, 0.00 GB
2026-10-09 23:39:25,414 - INFO - Prompt processing progress: 0/80
2026-10-09 23:39:25,496 - INFO - Prompt processing progress: 79/80
2026-10-09 23:39:25,501 - INFO - Prompt processing progress: 80/80
127.0.0.1 - - [09/Oct/2026 23:39:31] "POST /v1/chat/completions HTTP/1.1" 200 -
2026-10-09 23:39:31,102 - INFO - Prompt Cache: 10 sequences, 1.04 GB
2026-10-09 23:39:31,102 - INFO - - assistant: 10 sequences, 1.04 GB
2026-10-09 23:39:31,102 - INFO - - user: 0 sequences, 0.00 GB
2026-10-09 23:39:31,102 - INFO - - system: 0 sequences, 0.00 GB
2026-10-09 23:39:31,110 - INFO - Prompt processing progress: 0/85
2026-10-09 23:39:31,193 - INFO - Prompt processing progress: 84/85
2026-10-09 23:39:31,198 - INFO - Prompt processing progress: 85/85
127.0.0.1 - - [09/Oct/2026 23:39:38] "POST /v1/chat/completions HTTP/1.1" 200 -
2026-10-09 23:39:38,166 - INFO - Prompt Cache: 10 sequences, 0.95 GB
2026-10-09 23:39:38,166 - INFO - - assistant: 10 sequences, 0.95 GB
2026-10-09 23:39:38,166 - INFO - - user: 0 sequences, 0.00 GB
2026-10-09 23:39:38,166 - INFO - - system: 0 sequences, 0.00 GB
2026-10-09 23:39:38,175 - INFO - Prompt processing progress: 0/71
2026-10-09 23:39:38,251 - INFO - Prompt processing progress: 70/71
2026-10-09 23:39:38,257 - INFO - Prompt processing progress: 71/71
127.0.0.1 - - [09/Oct/2026 23:39:54] "POST /v1/chat/completions HTTP/1.1" 200 -
2026-10-09 23:39:54,334 - INFO - Prompt Cache: 10 sequences, 0.96 GB
2026-10-09 23:39:54,334 - INFO - - assistant: 10 sequences, 0.96 GB
2026-10-09 23:39:54,334 - INFO - - user: 0 sequences, 0.00 GB
2026-10-09 23:39:54,334 - INFO - - system: 0 sequences, 0.00 GB
2026-10-09 23:39:54,347 - INFO - Prompt processing progress: 0/75
2026-10-09 23:39:54,426 - INFO - Prompt processing progress: 74/75
2026-10-09 23:39:54,431 - INFO - Prompt processing progress: 75/75
127.0.0.1 - - [09/Oct/2026 23:40:04] "POST /v1/chat/completions HTTP/1.1" 200 -
2026-10-09 23:40:04,451 - INFO - Prompt Cache: 10 sequences, 0.91 GB
2026-10-09 23:40:04,451 - INFO - - assistant: 10 sequences, 0.91 GB
2026-10-09 23:40:04,451 - INFO - - user: 0 sequences, 0.00 GB
2026-10-09 23:40:04,451 - INFO - - system: 0 sequences, 0.00 GB
2026-10-09 23:40:04,462 - INFO - Prompt processing progress: 0/78
2026-10-09 23:40:04,543 - INFO - Prompt processing progress: 77/78
2026-10-09 23:40:04,549 - INFO - Prompt processing progress: 78/78
127.0.0.1 - - [09/Oct/2026 23:40:22] "POST /v1/chat/completions HTTP/1.1" 200 -
2026-10-09 23:40:22,757 - INFO - Prompt Cache: 10 sequences, 0.95 GB
2026-10-09 23:40:22,757 - INFO - - assistant: 10 sequences, 0.95 GB
2026-10-09 23:40:22,757 - INFO - - user: 0 sequences, 0.00 GB
2026-10-09 23:40:22,757 - INFO - - system: 0 sequences, 0.00 GB
2026-10-09 23:40:22,774 - INFO - Prompt processing progress: 0/83
2026-10-09 23:40:22,857 - INFO - Prompt processing progress: 82/83
2026-10-09 23:40:22,862 - INFO - Prompt processing progress: 83/83
