/home/imad/GitHub/personal/mellum-mlx/.venv/lib/python3.12/site-packages/mlx_lm/server.py:1745: UserWarning: mlx_lm.server is not recommended for production as it only implements basic security checks.
  warnings.warn(
2026-10-09 23:51:23,072 - INFO - Starting httpd at 127.0.0.1 on port 50009...
127.0.0.1 - - [09/Oct/2026 23:51:23] "GET /v1/models HTTP/1.1" 200 -
127.0.0.1 - - [09/Oct/2026 23:51:24] "POST /v1/chat/completions HTTP/1.1" 200 -
2026-10-09 23:51:24,578 - INFO - Prompt Cache: 0 sequences, 0.00 GB
2026-10-09 23:51:24,578 - INFO - - assistant: 0 sequences, 0.00 GB
2026-10-09 23:51:24,578 - INFO - - user: 0 sequences, 0.00 GB
2026-10-09 23:51:24,578 - INFO - - system: 0 sequences, 0.00 GB
2026-10-09 23:51:24,580 - INFO - Prompt processing progress: 0/64
2026-10-09 23:51:24,920 - INFO - Prompt processing progress: 63/64
2026-10-09 23:51:24,940 - INFO - Prompt processing progress: 64/64
127.0.0.1 - - [09/Oct/2026 23:51:33] "POST /v1/chat/completions HTTP/1.1" 200 -
2026-10-09 23:51:33,875 - INFO - Prompt Cache: 1 sequences, 0.07 GB
2026-10-09 23:51:33,875 - INFO - - assistant: 1 sequences, 0.07 GB
2026-10-09 23:51:33,875 - INFO - - user: 0 sequences, 0.00 GB
2026-10-09 23:51:33,875 - INFO - - system: 0 sequences, 0.00 GB
2026-10-09 23:51:33,878 - INFO - Prompt processing progress: 0/67
2026-10-09 23:51:33,952 - INFO - Prompt processing progress: 66/67
2026-10-09 23:51:33,958 - INFO - Prompt processing progress: 67/67
127.0.0.1 - - [09/Oct/2026 23:51:49] "POST /v1/chat/completions HTTP/1.1" 200 -
2026-10-09 23:51:49,234 - INFO - Prompt Cache: 2 sequences, 0.17 GB
2026-10-09 23:51:49,234 - INFO - - assistant: 2 sequences, 0.17 GB
2026-10-09 23:51:49,234 - INFO - - user: 0 sequences, 0.00 GB
2026-10-09 23:51:49,234 - INFO - - system: 0 sequences, 0.00 GB
2026-10-09 23:51:49,241 - INFO - Prompt processing progress: 0/94
2026-10-09 23:51:49,325 - INFO - Prompt processing progress: 93/94
2026-10-09 23:51:49,330 - INFO - Prompt processing progress: 94/94
127.0.0.1 - - [09/Oct/2026 23:52:13] "POST /v1/chat/completions HTTP/1.1" 200 -
2026-10-09 23:52:13,982 - INFO - Prompt Cache: 3 sequences, 0.29 GB
2026-10-09 23:52:13,982 - INFO - - assistant: 3 sequences, 0.29 GB
2026-10-09 23:52:13,982 - INFO - - user: 0 sequences, 0.00 GB
2026-10-09 23:52:13,982 - INFO - - system: 0 sequences, 0.00 GB
2026-10-09 23:52:14,000 - INFO - Prompt processing progress: 0/87
2026-10-09 23:52:14,081 - INFO - Prompt processing progress: 86/87
2026-10-09 23:52:14,087 - INFO - Prompt processing progress: 87/87
127.0.0.1 - - [09/Oct/2026 23:52:24] "POST /v1/chat/completions HTTP/1.1" 200 -
2026-10-09 23:52:24,973 - INFO - Prompt Cache: 4 sequences, 0.37 GB
2026-10-09 23:52:24,973 - INFO - - assistant: 4 sequences, 0.37 GB
2026-10-09 23:52:24,973 - INFO - - user: 0 sequences, 0.00 GB
2026-10-09 23:52:24,973 - INFO - - system: 0 sequences, 0.00 GB
2026-10-09 23:52:24,983 - INFO - Prompt processing progress: 0/63
2026-10-09 23:52:25,054 - INFO - Prompt processing progress: 62/63
2026-10-09 23:52:25,059 - INFO - Prompt processing progress: 63/63
127.0.0.1 - - [09/Oct/2026 23:52:31] "POST /v1/chat/completions HTTP/1.1" 200 -
2026-10-09 23:52:31,037 - INFO - Prompt Cache: 5 sequences, 0.43 GB
2026-10-09 23:52:31,037 - INFO - - assistant: 5 sequences, 0.43 GB
2026-10-09 23:52:31,037 - INFO - - user: 0 sequences, 0.00 GB
2026-10-09 23:52:31,037 - INFO - - system: 0 sequences, 0.00 GB
2026-10-09 23:52:31,042 - INFO - Prompt processing progress: 0/82
2026-10-09 23:52:31,121 - INFO - Prompt processing progress: 81/82
2026-10-09 23:52:31,126 - INFO - Prompt processing progress: 82/82
127.0.0.1 - - [09/Oct/2026 23:53:09] "POST /v1/chat/completions HTTP/1.1" 200 -
2026-10-09 23:53:09,380 - INFO - Prompt Cache: 6 sequences, 0.59 GB
2026-10-09 23:53:09,380 - INFO - - assistant: 6 sequences, 0.59 GB
2026-10-09 23:53:09,380 - INFO - - user: 0 sequences, 0.00 GB
2026-10-09 23:53:09,380 - INFO - - system: 0 sequences, 0.00 GB
2026-10-09 23:53:09,411 - INFO - Prompt processing progress: 0/73
2026-10-09 23:53:09,486 - INFO - Prompt processing progress: 72/73
2026-10-09 23:53:09,491 - INFO - Prompt processing progress: 73/73
127.0.0.1 - - [09/Oct/2026 23:53:16] "POST /v1/chat/completions HTTP/1.1" 200 -
2026-10-09 23:53:16,882 - INFO - Prompt Cache: 7 sequences, 0.66 GB
2026-10-09 23:53:16,882 - INFO - - assistant: 7 sequences, 0.66 GB
2026-10-09 23:53:16,882 - INFO - - user: 0 sequences, 0.00 GB
2026-10-09 23:53:16,882 - INFO - - system: 0 sequences, 0.00 GB
2026-10-09 23:53:16,889 - INFO - Prompt processing progress: 0/78
2026-10-09 23:53:16,967 - INFO - Prompt processing progress: 77/78
2026-10-09 23:53:16,973 - INFO - Prompt processing progress: 78/78
127.0.0.1 - - [09/Oct/2026 23:53:23] "POST /v1/chat/completions HTTP/1.1" 200 -
2026-10-09 23:53:23,494 - INFO - Prompt Cache: 8 sequences, 0.73 GB
2026-10-09 23:53:23,494 - INFO - - assistant: 8 sequences, 0.73 GB
2026-10-09 23:53:23,494 - INFO - - user: 0 sequences, 0.00 GB
2026-10-09 23:53:23,494 - INFO - - system: 0 sequences, 0.00 GB
2026-10-09 23:53:23,502 - INFO - Prompt processing progress: 0/68
2026-10-09 23:53:23,575 - INFO - Prompt processing progress: 67/68
2026-10-09 23:53:23,581 - INFO - Prompt processing progress: 68/68
127.0.0.1 - - [09/Oct/2026 23:53:47] "POST /v1/chat/completions HTTP/1.1" 200 -
2026-10-09 23:53:47,015 - INFO - Prompt Cache: 9 sequences, 0.84 GB
2026-10-09 23:53:47,015 - INFO - - assistant: 9 sequences, 0.84 GB
2026-10-09 23:53:47,015 - INFO - - user: 0 sequences, 0.00 GB
2026-10-09 23:53:47,015 - INFO - - system: 0 sequences, 0.00 GB
2026-10-09 23:53:47,032 - INFO - Prompt processing progress: 0/73
2026-10-09 23:53:47,076 - INFO - Prompt processing progress: 72/73
2026-10-09 23:53:47,082 - INFO - Prompt processing progress: 73/73
127.0.0.1 - - [09/Oct/2026 23:54:22] "POST /v1/chat/completions HTTP/1.1" 200 -
2026-10-09 23:54:22,802 - INFO - Prompt Cache: 10 sequences, 1.00 GB
2026-10-09 23:54:22,802 - INFO - - assistant: 10 sequences, 1.00 GB
2026-10-09 23:54:22,802 - INFO - - user: 0 sequences, 0.00 GB
2026-10-09 23:54:22,802 - INFO - - system: 0 sequences, 0.00 GB
2026-10-09 23:54:22,842 - INFO - Prompt processing progress: 0/95
2026-10-09 23:54:22,928 - INFO - Prompt processing progress: 94/95
2026-10-09 23:54:22,934 - INFO - Prompt processing progress: 95/95
127.0.0.1 - - [09/Oct/2026 23:54:33] "POST /v1/chat/completions HTTP/1.1" 200 -
2026-10-09 23:54:33,565 - INFO - Prompt Cache: 10 sequences, 1.01 GB
2026-10-09 23:54:33,565 - INFO - - assistant: 10 sequences, 1.01 GB
2026-10-09 23:54:33,565 - INFO - - user: 0 sequences, 0.00 GB
2026-10-09 23:54:33,565 - INFO - - system: 0 sequences, 0.00 GB
2026-10-09 23:54:33,578 - INFO - Prompt processing progress: 0/102
2026-10-09 23:54:33,667 - INFO - Prompt processing progress: 101/102
2026-10-09 23:54:33,672 - INFO - Prompt processing progress: 102/102
127.0.0.1 - - [09/Oct/2026 23:54:56] "POST /v1/chat/completions HTTP/1.1" 200 -
2026-10-09 23:54:56,932 - INFO - Prompt Cache: 10 sequences, 1.03 GB
2026-10-09 23:54:56,932 - INFO - - assistant: 10 sequences, 1.03 GB
2026-10-09 23:54:56,932 - INFO - - user: 0 sequences, 0.00 GB
2026-10-09 23:54:56,932 - INFO - - system: 0 sequences, 0.00 GB
2026-10-09 23:54:56,955 - INFO - Prompt processing progress: 0/72
2026-10-09 23:54:57,030 - INFO - Prompt processing progress: 71/72
2026-10-09 23:54:57,036 - INFO - Prompt processing progress: 72/72
127.0.0.1 - - [09/Oct/2026 23:55:02] "POST /v1/chat/completions HTTP/1.1" 200 -
2026-10-09 23:55:02,754 - INFO - Prompt Cache: 10 sequences, 0.97 GB
2026-10-09 23:55:02,754 - INFO - - assistant: 10 sequences, 0.97 GB
2026-10-09 23:55:02,754 - INFO - - user: 0 sequences, 0.00 GB
2026-10-09 23:55:02,754 - INFO - - system: 0 sequences, 0.00 GB
2026-10-09 23:55:02,763 - INFO - Prompt processing progress: 0/84
2026-10-09 23:55:02,843 - INFO - Prompt processing progress: 83/84
2026-10-09 23:55:02,848 - INFO - Prompt processing progress: 84/84
127.0.0.1 - - [09/Oct/2026 23:55:22] "POST /v1/chat/completions HTTP/1.1" 200 -
2026-10-09 23:55:22,082 - INFO - Prompt Cache: 10 sequences, 1.00 GB
2026-10-09 23:55:22,082 - INFO - - assistant: 10 sequences, 1.00 GB
2026-10-09 23:55:22,082 - INFO - - user: 0 sequences, 0.00 GB
2026-10-09 23:55:22,082 - INFO - - system: 0 sequences, 0.00 GB
2026-10-09 23:55:22,096 - INFO - Prompt processing progress: 0/93
2026-10-09 23:55:22,182 - INFO - Prompt processing progress: 92/93
2026-10-09 23:55:22,188 - INFO - Prompt processing progress: 93/93
127.0.0.1 - - [09/Oct/2026 23:55:36] "POST /v1/chat/completions HTTP/1.1" 200 -
2026-10-09 23:55:36,329 - INFO - Prompt Cache: 10 sequences, 1.02 GB
2026-10-09 23:55:36,329 - INFO - - assistant: 10 sequences, 1.02 GB
2026-10-09 23:55:36,329 - INFO - - user: 0 sequences, 0.00 GB
2026-10-09 23:55:36,329 - INFO - - system: 0 sequences, 0.00 GB
2026-10-09 23:55:36,343 - INFO - Prompt processing progress: 0/99
2026-10-09 23:55:36,430 - INFO - Prompt processing progress: 98/99
2026-10-09 23:55:36,435 - INFO - Prompt processing progress: 99/99
127.0.0.1 - - [09/Oct/2026 23:55:52] "POST /v1/chat/completions HTTP/1.1" 200 -
2026-10-09 23:55:52,994 - INFO - Prompt Cache: 10 sequences, 0.95 GB
2026-10-09 23:55:52,994 - INFO - - assistant: 10 sequences, 0.95 GB
2026-10-09 23:55:52,994 - INFO - - user: 0 sequences, 0.00 GB
2026-10-09 23:55:52,994 - INFO - - system: 0 sequences, 0.00 GB
2026-10-09 23:55:53,013 - INFO - Prompt processing progress: 0/73
2026-10-09 23:55:53,056 - INFO - Prompt processing progress: 72/73
2026-10-09 23:55:53,061 - INFO - Prompt processing progress: 73/73
127.0.0.1 - - [09/Oct/2026 23:56:22] "POST /v1/chat/completions HTTP/1.1" 200 -
2026-10-09 23:56:22,459 - INFO - Prompt Cache: 10 sequences, 1.02 GB
2026-10-09 23:56:22,459 - INFO - - assistant: 10 sequences, 1.02 GB
2026-10-09 23:56:22,459 - INFO - - user: 0 sequences, 0.00 GB
2026-10-09 23:56:22,459 - INFO - - system: 0 sequences, 0.00 GB
2026-10-09 23:56:22,491 - INFO - Prompt processing progress: 0/76
2026-10-09 23:56:22,568 - INFO - Prompt processing progress: 75/76
2026-10-09 23:56:22,573 - INFO - Prompt processing progress: 76/76
127.0.0.1 - - [09/Oct/2026 23:56:34] "POST /v1/chat/completions HTTP/1.1" 200 -
2026-10-09 23:56:34,322 - INFO - Prompt Cache: 10 sequences, 1.04 GB
2026-10-09 23:56:34,322 - INFO - - assistant: 10 sequences, 1.04 GB
2026-10-09 23:56:34,322 - INFO - - user: 0 sequences, 0.00 GB
2026-10-09 23:56:34,322 - INFO - - system: 0 sequences, 0.00 GB
2026-10-09 23:56:34,340 - INFO - Prompt processing progress: 0/80
2026-10-09 23:56:34,420 - INFO - Prompt processing progress: 79/80
2026-10-09 23:56:34,425 - INFO - Prompt processing progress: 80/80
127.0.0.1 - - [09/Oct/2026 23:56:40] "POST /v1/chat/completions HTTP/1.1" 200 -
2026-10-09 23:56:40,815 - INFO - Prompt Cache: 10 sequences, 0.99 GB
2026-10-09 23:56:40,815 - INFO - - assistant: 10 sequences, 0.99 GB
2026-10-09 23:56:40,815 - INFO - - user: 0 sequences, 0.00 GB
2026-10-09 23:56:40,815 - INFO - - system: 0 sequences, 0.00 GB
2026-10-09 23:56:40,825 - INFO - Prompt processing progress: 0/85
2026-10-09 23:56:40,906 - INFO - Prompt processing progress: 84/85
2026-10-09 23:56:40,911 - INFO - Prompt processing progress: 85/85
127.0.0.1 - - [09/Oct/2026 23:56:47] "POST /v1/chat/completions HTTP/1.1" 200 -
2026-10-09 23:56:47,983 - INFO - Prompt Cache: 10 sequences, 0.90 GB
2026-10-09 23:56:47,983 - INFO - - assistant: 10 sequences, 0.90 GB
2026-10-09 23:56:47,983 - INFO - - user: 0 sequences, 0.00 GB
2026-10-09 23:56:47,983 - INFO - - system: 0 sequences, 0.00 GB
2026-10-09 23:56:47,993 - INFO - Prompt processing progress: 0/71
2026-10-09 23:56:48,068 - INFO - Prompt processing progress: 70/71
2026-10-09 23:56:48,073 - INFO - Prompt processing progress: 71/71
127.0.0.1 - - [09/Oct/2026 23:56:59] "POST /v1/chat/completions HTTP/1.1" 200 -
2026-10-09 23:56:59,234 - INFO - Prompt Cache: 10 sequences, 0.90 GB
2026-10-09 23:56:59,234 - INFO - - assistant: 10 sequences, 0.90 GB
2026-10-09 23:56:59,234 - INFO - - user: 0 sequences, 0.00 GB
2026-10-09 23:56:59,234 - INFO - - system: 0 sequences, 0.00 GB
2026-10-09 23:56:59,245 - INFO - Prompt processing progress: 0/75
2026-10-09 23:56:59,323 - INFO - Prompt processing progress: 74/75
2026-10-09 23:56:59,328 - INFO - Prompt processing progress: 75/75
127.0.0.1 - - [09/Oct/2026 23:57:16] "POST /v1/chat/completions HTTP/1.1" 200 -
2026-10-09 23:57:16,118 - INFO - Prompt Cache: 10 sequences, 0.88 GB
2026-10-09 23:57:16,118 - INFO - - assistant: 10 sequences, 0.88 GB
2026-10-09 23:57:16,118 - INFO - - user: 0 sequences, 0.00 GB
2026-10-09 23:57:16,118 - INFO - - system: 0 sequences, 0.00 GB
2026-10-09 23:57:16,134 - INFO - Prompt processing progress: 0/78
2026-10-09 23:57:16,180 - INFO - Prompt processing progress: 77/78
2026-10-09 23:57:16,191 - INFO - Prompt processing progress: 78/78
127.0.0.1 - - [09/Oct/2026 23:57:43] "POST /v1/chat/completions HTTP/1.1" 200 -
2026-10-09 23:57:43,790 - INFO - Prompt Cache: 10 sequences, 0.95 GB
2026-10-09 23:57:43,790 - INFO - - assistant: 10 sequences, 0.95 GB
2026-10-09 23:57:43,790 - INFO - - user: 0 sequences, 0.00 GB
2026-10-09 23:57:43,790 - INFO - - system: 0 sequences, 0.00 GB
2026-10-09 23:57:43,819 - INFO - Prompt processing progress: 0/83
2026-10-09 23:57:43,901 - INFO - Prompt processing progress: 82/83
2026-10-09 23:57:43,907 - INFO - Prompt processing progress: 83/83
