/home/imad/GitHub/personal/mellum-mlx/.venv/lib/python3.12/site-packages/mlx_lm/server.py:1745: UserWarning: mlx_lm.server is not recommended for production as it only implements basic security checks.
  warnings.warn(
2026-10-09 23:44:30,084 - INFO - Starting httpd at 127.0.0.1 on port 34177...
127.0.0.1 - - [09/Oct/2026 23:44:30] "GET /v1/models HTTP/1.1" 200 -
127.0.0.1 - - [09/Oct/2026 23:44:31] "POST /v1/chat/completions HTTP/1.1" 200 -
2026-10-09 23:44:31,665 - INFO - Prompt Cache: 0 sequences, 0.00 GB
2026-10-09 23:44:31,665 - INFO - - assistant: 0 sequences, 0.00 GB
2026-10-09 23:44:31,665 - INFO - - user: 0 sequences, 0.00 GB
2026-10-09 23:44:31,665 - INFO - - system: 0 sequences, 0.00 GB
2026-10-09 23:44:31,667 - INFO - Prompt processing progress: 0/64
2026-10-09 23:44:32,008 - INFO - Prompt processing progress: 63/64
2026-10-09 23:44:32,027 - INFO - Prompt processing progress: 64/64
127.0.0.1 - - [09/Oct/2026 23:44:42] "POST /v1/chat/completions HTTP/1.1" 200 -
2026-10-09 23:44:42,911 - INFO - Prompt Cache: 1 sequences, 0.08 GB
2026-10-09 23:44:42,911 - INFO - - assistant: 1 sequences, 0.08 GB
2026-10-09 23:44:42,911 - INFO - - user: 0 sequences, 0.00 GB
2026-10-09 23:44:42,911 - INFO - - system: 0 sequences, 0.00 GB
2026-10-09 23:44:42,914 - INFO - Prompt processing progress: 0/67
2026-10-09 23:44:42,988 - INFO - Prompt processing progress: 66/67
2026-10-09 23:44:42,993 - INFO - Prompt processing progress: 67/67
127.0.0.1 - - [09/Oct/2026 23:45:00] "POST /v1/chat/completions HTTP/1.1" 200 -
2026-10-09 23:45:00,339 - INFO - Prompt Cache: 2 sequences, 0.18 GB
2026-10-09 23:45:00,339 - INFO - - assistant: 2 sequences, 0.18 GB
2026-10-09 23:45:00,339 - INFO - - user: 0 sequences, 0.00 GB
2026-10-09 23:45:00,339 - INFO - - system: 0 sequences, 0.00 GB
2026-10-09 23:45:00,348 - INFO - Prompt processing progress: 0/94
2026-10-09 23:45:00,432 - INFO - Prompt processing progress: 93/94
2026-10-09 23:45:00,437 - INFO - Prompt processing progress: 94/94
127.0.0.1 - - [09/Oct/2026 23:45:12] "POST /v1/chat/completions HTTP/1.1" 200 -
2026-10-09 23:45:12,594 - INFO - Prompt Cache: 3 sequences, 0.26 GB
2026-10-09 23:45:12,594 - INFO - - assistant: 3 sequences, 0.26 GB
2026-10-09 23:45:12,594 - INFO - - user: 0 sequences, 0.00 GB
2026-10-09 23:45:12,594 - INFO - - system: 0 sequences, 0.00 GB
2026-10-09 23:45:12,603 - INFO - Prompt processing progress: 0/87
2026-10-09 23:45:12,686 - INFO - Prompt processing progress: 86/87
2026-10-09 23:45:12,691 - INFO - Prompt processing progress: 87/87
127.0.0.1 - - [09/Oct/2026 23:45:21] "POST /v1/chat/completions HTTP/1.1" 200 -
2026-10-09 23:45:21,044 - INFO - Prompt Cache: 4 sequences, 0.33 GB
2026-10-09 23:45:21,044 - INFO - - assistant: 4 sequences, 0.33 GB
2026-10-09 23:45:21,044 - INFO - - user: 0 sequences, 0.00 GB
2026-10-09 23:45:21,044 - INFO - - system: 0 sequences, 0.00 GB
2026-10-09 23:45:21,056 - INFO - Prompt processing progress: 0/63
2026-10-09 23:45:21,131 - INFO - Prompt processing progress: 62/63
2026-10-09 23:45:21,136 - INFO - Prompt processing progress: 63/63
127.0.0.1 - - [09/Oct/2026 23:45:25] "POST /v1/chat/completions HTTP/1.1" 200 -
2026-10-09 23:45:25,181 - INFO - Prompt Cache: 5 sequences, 0.38 GB
2026-10-09 23:45:25,181 - INFO - - assistant: 5 sequences, 0.38 GB
2026-10-09 23:45:25,181 - INFO - - user: 0 sequences, 0.00 GB
2026-10-09 23:45:25,181 - INFO - - system: 0 sequences, 0.00 GB
2026-10-09 23:45:25,185 - INFO - Prompt processing progress: 0/53
2026-10-09 23:45:25,256 - INFO - Prompt processing progress: 52/53
2026-10-09 23:45:25,261 - INFO - Prompt processing progress: 53/53
127.0.0.1 - - [09/Oct/2026 23:46:03] "POST /v1/chat/completions HTTP/1.1" 200 -
2026-10-09 23:46:03,720 - INFO - Prompt Cache: 6 sequences, 0.55 GB
2026-10-09 23:46:03,720 - INFO - - assistant: 6 sequences, 0.55 GB
2026-10-09 23:46:03,720 - INFO - - user: 0 sequences, 0.00 GB
2026-10-09 23:46:03,720 - INFO - - system: 0 sequences, 0.00 GB
2026-10-09 23:46:03,749 - INFO - Prompt processing progress: 0/44
2026-10-09 23:46:03,813 - INFO - Prompt processing progress: 43/44
2026-10-09 23:46:03,818 - INFO - Prompt processing progress: 44/44
127.0.0.1 - - [09/Oct/2026 23:46:11] "POST /v1/chat/completions HTTP/1.1" 200 -
2026-10-09 23:46:11,499 - INFO - Prompt Cache: 7 sequences, 0.62 GB
2026-10-09 23:46:11,499 - INFO - - assistant: 7 sequences, 0.62 GB
2026-10-09 23:46:11,499 - INFO - - user: 0 sequences, 0.00 GB
2026-10-09 23:46:11,499 - INFO - - system: 0 sequences, 0.00 GB
2026-10-09 23:46:11,505 - INFO - Prompt processing progress: 0/49
2026-10-09 23:46:11,571 - INFO - Prompt processing progress: 48/49
2026-10-09 23:46:11,577 - INFO - Prompt processing progress: 49/49
127.0.0.1 - - [09/Oct/2026 23:46:17] "POST /v1/chat/completions HTTP/1.1" 200 -
2026-10-09 23:46:17,160 - INFO - Prompt Cache: 8 sequences, 0.68 GB
2026-10-09 23:46:17,160 - INFO - - assistant: 8 sequences, 0.68 GB
2026-10-09 23:46:17,160 - INFO - - user: 0 sequences, 0.00 GB
2026-10-09 23:46:17,160 - INFO - - system: 0 sequences, 0.00 GB
2026-10-09 23:46:17,166 - INFO - Prompt processing progress: 0/39
2026-10-09 23:46:17,228 - INFO - Prompt processing progress: 38/39
2026-10-09 23:46:17,233 - INFO - Prompt processing progress: 39/39
127.0.0.1 - - [09/Oct/2026 23:47:14] "POST /v1/chat/completions HTTP/1.1" 200 -
2026-10-09 23:47:14,782 - INFO - Prompt Cache: 9 sequences, 0.84 GB
2026-10-09 23:47:14,782 - INFO - - assistant: 9 sequences, 0.84 GB
2026-10-09 23:47:14,782 - INFO - - user: 0 sequences, 0.00 GB
2026-10-09 23:47:14,782 - INFO - - system: 0 sequences, 0.00 GB
2026-10-09 23:47:14,826 - INFO - Prompt processing progress: 0/44
2026-10-09 23:47:14,857 - INFO - Prompt processing progress: 43/44
2026-10-09 23:47:14,862 - INFO - Prompt processing progress: 44/44
127.0.0.1 - - [09/Oct/2026 23:47:32] "POST /v1/chat/completions HTTP/1.1" 200 -
2026-10-09 23:47:32,397 - INFO - Prompt Cache: 10 sequences, 0.94 GB
2026-10-09 23:47:32,397 - INFO - - assistant: 10 sequences, 0.94 GB
2026-10-09 23:47:32,397 - INFO - - user: 0 sequences, 0.00 GB
2026-10-09 23:47:32,397 - INFO - - system: 0 sequences, 0.00 GB
2026-10-09 23:47:32,412 - INFO - Prompt processing progress: 0/66
2026-10-09 23:47:32,487 - INFO - Prompt processing progress: 65/66
2026-10-09 23:47:32,492 - INFO - Prompt processing progress: 66/66
127.0.0.1 - - [09/Oct/2026 23:47:43] "POST /v1/chat/completions HTTP/1.1" 200 -
2026-10-09 23:47:43,810 - INFO - Prompt Cache: 10 sequences, 0.95 GB
2026-10-09 23:47:43,810 - INFO - - assistant: 10 sequences, 0.95 GB
2026-10-09 23:47:43,810 - INFO - - user: 0 sequences, 0.00 GB
2026-10-09 23:47:43,810 - INFO - - system: 0 sequences, 0.00 GB
2026-10-09 23:47:43,822 - INFO - Prompt processing progress: 0/73
2026-10-09 23:47:43,898 - INFO - Prompt processing progress: 72/73
2026-10-09 23:47:43,904 - INFO - Prompt processing progress: 73/73
127.0.0.1 - - [09/Oct/2026 23:48:19] "POST /v1/chat/completions HTTP/1.1" 200 -
2026-10-09 23:48:19,352 - INFO - Prompt Cache: 10 sequences, 1.00 GB
2026-10-09 23:48:19,352 - INFO - - assistant: 10 sequences, 1.00 GB
2026-10-09 23:48:19,352 - INFO - - user: 0 sequences, 0.00 GB
2026-10-09 23:48:19,352 - INFO - - system: 0 sequences, 0.00 GB
2026-10-09 23:48:19,386 - INFO - Prompt processing progress: 0/43
2026-10-09 23:48:19,451 - INFO - Prompt processing progress: 42/43
2026-10-09 23:48:19,456 - INFO - Prompt processing progress: 43/43
127.0.0.1 - - [09/Oct/2026 23:48:26] "POST /v1/chat/completions HTTP/1.1" 200 -
2026-10-09 23:48:26,583 - INFO - Prompt Cache: 10 sequences, 0.98 GB
2026-10-09 23:48:26,583 - INFO - - assistant: 10 sequences, 0.98 GB
2026-10-09 23:48:26,583 - INFO - - user: 0 sequences, 0.00 GB
2026-10-09 23:48:26,583 - INFO - - system: 0 sequences, 0.00 GB
2026-10-09 23:48:26,593 - INFO - Prompt processing progress: 0/55
2026-10-09 23:48:26,662 - INFO - Prompt processing progress: 54/55
2026-10-09 23:48:26,667 - INFO - Prompt processing progress: 55/55
127.0.0.1 - - [09/Oct/2026 23:49:01] "POST /v1/chat/completions HTTP/1.1" 200 -
2026-10-09 23:49:01,518 - INFO - Prompt Cache: 10 sequences, 1.07 GB
2026-10-09 23:49:01,518 - INFO - - assistant: 10 sequences, 1.07 GB
2026-10-09 23:49:01,518 - INFO - - user: 0 sequences, 0.00 GB
2026-10-09 23:49:01,518 - INFO - - system: 0 sequences, 0.00 GB
2026-10-09 23:49:01,548 - INFO - Prompt processing progress: 0/64
2026-10-09 23:49:01,621 - INFO - Prompt processing progress: 63/64
2026-10-09 23:49:01,627 - INFO - Prompt processing progress: 64/64
127.0.0.1 - - [09/Oct/2026 23:49:15] "POST /v1/chat/completions HTTP/1.1" 200 -
2026-10-09 23:49:15,279 - INFO - Prompt Cache: 10 sequences, 1.10 GB
2026-10-09 23:49:15,280 - INFO - - assistant: 10 sequences, 1.10 GB
2026-10-09 23:49:15,280 - INFO - - user: 0 sequences, 0.00 GB
2026-10-09 23:49:15,280 - INFO - - system: 0 sequences, 0.00 GB
2026-10-09 23:49:15,295 - INFO - Prompt processing progress: 0/99
2026-10-09 23:49:15,383 - INFO - Prompt processing progress: 98/99
2026-10-09 23:49:15,388 - INFO - Prompt processing progress: 99/99
127.0.0.1 - - [09/Oct/2026 23:49:29] "POST /v1/chat/completions HTTP/1.1" 200 -
2026-10-09 23:49:29,813 - INFO - Prompt Cache: 10 sequences, 1.03 GB
2026-10-09 23:49:29,813 - INFO - - assistant: 10 sequences, 1.03 GB
2026-10-09 23:49:29,813 - INFO - - user: 0 sequences, 0.00 GB
2026-10-09 23:49:29,813 - INFO - - system: 0 sequences, 0.00 GB
2026-10-09 23:49:29,832 - INFO - Prompt processing progress: 0/73
2026-10-09 23:49:29,909 - INFO - Prompt processing progress: 72/73
2026-10-09 23:49:29,914 - INFO - Prompt processing progress: 73/73
127.0.0.1 - - [09/Oct/2026 23:49:53] "POST /v1/chat/completions HTTP/1.1" 200 -
2026-10-09 23:49:53,373 - INFO - Prompt Cache: 10 sequences, 1.08 GB
2026-10-09 23:49:53,373 - INFO - - assistant: 10 sequences, 1.08 GB
2026-10-09 23:49:53,373 - INFO - - user: 0 sequences, 0.00 GB
2026-10-09 23:49:53,373 - INFO - - system: 0 sequences, 0.00 GB
2026-10-09 23:49:53,398 - INFO - Prompt processing progress: 0/76
2026-10-09 23:49:53,476 - INFO - Prompt processing progress: 75/76
2026-10-09 23:49:53,481 - INFO - Prompt processing progress: 76/76
127.0.0.1 - - [09/Oct/2026 23:50:06] "POST /v1/chat/completions HTTP/1.1" 200 -
2026-10-09 23:50:06,374 - INFO - Prompt Cache: 10 sequences, 1.10 GB
2026-10-09 23:50:06,374 - INFO - - assistant: 10 sequences, 1.10 GB
2026-10-09 23:50:06,374 - INFO - - user: 0 sequences, 0.00 GB
2026-10-09 23:50:06,374 - INFO - - system: 0 sequences, 0.00 GB
2026-10-09 23:50:06,394 - INFO - Prompt processing progress: 0/80
2026-10-09 23:50:06,473 - INFO - Prompt processing progress: 79/80
2026-10-09 23:50:06,479 - INFO - Prompt processing progress: 80/80
127.0.0.1 - - [09/Oct/2026 23:50:13] "POST /v1/chat/completions HTTP/1.1" 200 -
2026-10-09 23:50:13,955 - INFO - Prompt Cache: 10 sequences, 1.01 GB
2026-10-09 23:50:13,955 - INFO - - assistant: 10 sequences, 1.01 GB
2026-10-09 23:50:13,955 - INFO - - user: 0 sequences, 0.00 GB
2026-10-09 23:50:13,955 - INFO - - system: 0 sequences, 0.00 GB
2026-10-09 23:50:13,967 - INFO - Prompt processing progress: 0/85
2026-10-09 23:50:14,049 - INFO - Prompt processing progress: 84/85
2026-10-09 23:50:14,055 - INFO - Prompt processing progress: 85/85
127.0.0.1 - - [09/Oct/2026 23:50:22] "POST /v1/chat/completions HTTP/1.1" 200 -
2026-10-09 23:50:22,812 - INFO - Prompt Cache: 10 sequences, 0.98 GB
2026-10-09 23:50:22,812 - INFO - - assistant: 10 sequences, 0.98 GB
2026-10-09 23:50:22,812 - INFO - - user: 0 sequences, 0.00 GB
2026-10-09 23:50:22,812 - INFO - - system: 0 sequences, 0.00 GB
2026-10-09 23:50:22,825 - INFO - Prompt processing progress: 0/71
2026-10-09 23:50:22,901 - INFO - Prompt processing progress: 70/71
2026-10-09 23:50:22,906 - INFO - Prompt processing progress: 71/71
127.0.0.1 - - [09/Oct/2026 23:50:32] "POST /v1/chat/completions HTTP/1.1" 200 -
2026-10-09 23:50:32,811 - INFO - Prompt Cache: 10 sequences, 0.98 GB
2026-10-09 23:50:32,811 - INFO - - assistant: 10 sequences, 0.98 GB
2026-10-09 23:50:32,811 - INFO - - user: 0 sequences, 0.00 GB
2026-10-09 23:50:32,811 - INFO - - system: 0 sequences, 0.00 GB
2026-10-09 23:50:32,825 - INFO - Prompt processing progress: 0/75
2026-10-09 23:50:32,904 - INFO - Prompt processing progress: 74/75
2026-10-09 23:50:32,909 - INFO - Prompt processing progress: 75/75
127.0.0.1 - - [09/Oct/2026 23:50:42] "POST /v1/chat/completions HTTP/1.1" 200 -
2026-10-09 23:50:42,860 - INFO - Prompt Cache: 10 sequences, 0.90 GB
2026-10-09 23:50:42,860 - INFO - - assistant: 10 sequences, 0.90 GB
2026-10-09 23:50:42,860 - INFO - - user: 0 sequences, 0.00 GB
2026-10-09 23:50:42,860 - INFO - - system: 0 sequences, 0.00 GB
2026-10-09 23:50:42,875 - INFO - Prompt processing progress: 0/78
2026-10-09 23:50:42,954 - INFO - Prompt processing progress: 77/78
2026-10-09 23:50:42,959 - INFO - Prompt processing progress: 78/78
127.0.0.1 - - [09/Oct/2026 23:50:53] "POST /v1/chat/completions HTTP/1.1" 200 -
2026-10-09 23:50:53,228 - INFO - Prompt Cache: 10 sequences, 0.91 GB
2026-10-09 23:50:53,228 - INFO - - assistant: 10 sequences, 0.91 GB
2026-10-09 23:50:53,228 - INFO - - user: 0 sequences, 0.00 GB
2026-10-09 23:50:53,228 - INFO - - system: 0 sequences, 0.00 GB
2026-10-09 23:50:53,243 - INFO - Prompt processing progress: 0/83
2026-10-09 23:50:53,324 - INFO - Prompt processing progress: 82/83
2026-10-09 23:50:53,329 - INFO - Prompt processing progress: 83/83
