/home/imad/GitHub/personal/mellum-mlx/.venv/lib/python3.12/site-packages/mlx_lm/server.py:1745: UserWarning: mlx_lm.server is not recommended for production as it only implements basic security checks.
  warnings.warn(
2026-10-09 23:58:15,997 - INFO - Starting httpd at 127.0.0.1 on port 46617...
127.0.0.1 - - [09/Oct/2026 23:58:16] "GET /v1/models HTTP/1.1" 200 -
127.0.0.1 - - [09/Oct/2026 23:58:17] "POST /v1/chat/completions HTTP/1.1" 200 -
2026-10-09 23:58:17,453 - INFO - Prompt Cache: 0 sequences, 0.00 GB
2026-10-09 23:58:17,453 - INFO - - assistant: 0 sequences, 0.00 GB
2026-10-09 23:58:17,453 - INFO - - user: 0 sequences, 0.00 GB
2026-10-09 23:58:17,453 - INFO - - system: 0 sequences, 0.00 GB
2026-10-09 23:58:17,454 - INFO - Prompt processing progress: 0/64
2026-10-09 23:58:17,822 - INFO - Prompt processing progress: 63/64
2026-10-09 23:58:17,853 - INFO - Prompt processing progress: 64/64
127.0.0.1 - - [09/Oct/2026 23:58:30] "POST /v1/chat/completions HTTP/1.1" 200 -
2026-10-09 23:58:30,296 - INFO - Prompt Cache: 1 sequences, 0.08 GB
2026-10-09 23:58:30,296 - INFO - - assistant: 1 sequences, 0.08 GB
2026-10-09 23:58:30,296 - INFO - - user: 0 sequences, 0.00 GB
2026-10-09 23:58:30,296 - INFO - - system: 0 sequences, 0.00 GB
2026-10-09 23:58:30,300 - INFO - Prompt processing progress: 0/67
2026-10-09 23:58:30,372 - INFO - Prompt processing progress: 66/67
2026-10-09 23:58:30,377 - INFO - Prompt processing progress: 67/67
127.0.0.1 - - [09/Oct/2026 23:58:42] "POST /v1/chat/completions HTTP/1.1" 200 -
2026-10-09 23:58:42,928 - INFO - Prompt Cache: 2 sequences, 0.17 GB
2026-10-09 23:58:42,928 - INFO - - assistant: 2 sequences, 0.17 GB
2026-10-09 23:58:42,928 - INFO - - user: 0 sequences, 0.00 GB
2026-10-09 23:58:42,928 - INFO - - system: 0 sequences, 0.00 GB
2026-10-09 23:58:42,935 - INFO - Prompt processing progress: 0/94
2026-10-09 23:58:43,017 - INFO - Prompt processing progress: 93/94
2026-10-09 23:58:43,022 - INFO - Prompt processing progress: 94/94
127.0.0.1 - - [09/Oct/2026 23:59:09] "POST /v1/chat/completions HTTP/1.1" 200 -
2026-10-09 23:59:09,760 - INFO - Prompt Cache: 3 sequences, 0.30 GB
2026-10-09 23:59:09,760 - INFO - - assistant: 3 sequences, 0.30 GB
2026-10-09 23:59:09,760 - INFO - - user: 0 sequences, 0.00 GB
2026-10-09 23:59:09,760 - INFO - - system: 0 sequences, 0.00 GB
2026-10-09 23:59:09,779 - INFO - Prompt processing progress: 0/87
2026-10-09 23:59:09,858 - INFO - Prompt processing progress: 86/87
2026-10-09 23:59:09,863 - INFO - Prompt processing progress: 87/87
127.0.0.1 - - [09/Oct/2026 23:59:16] "POST /v1/chat/completions HTTP/1.1" 200 -
2026-10-09 23:59:16,627 - INFO - Prompt Cache: 4 sequences, 0.37 GB
2026-10-09 23:59:16,627 - INFO - - assistant: 4 sequences, 0.37 GB
2026-10-09 23:59:16,627 - INFO - - user: 0 sequences, 0.00 GB
2026-10-09 23:59:16,627 - INFO - - system: 0 sequences, 0.00 GB
2026-10-09 23:59:16,633 - INFO - Prompt processing progress: 0/63
2026-10-09 23:59:16,702 - INFO - Prompt processing progress: 62/63
2026-10-09 23:59:16,707 - INFO - Prompt processing progress: 63/63
127.0.0.1 - - [09/Oct/2026 23:59:23] "POST /v1/chat/completions HTTP/1.1" 200 -
2026-10-09 23:59:23,829 - INFO - Prompt Cache: 5 sequences, 0.43 GB
2026-10-09 23:59:23,829 - INFO - - assistant: 5 sequences, 0.43 GB
2026-10-09 23:59:23,829 - INFO - - user: 0 sequences, 0.00 GB
2026-10-09 23:59:23,829 - INFO - - system: 0 sequences, 0.00 GB
2026-10-09 23:59:23,835 - INFO - Prompt processing progress: 0/82
2026-10-09 23:59:23,913 - INFO - Prompt processing progress: 81/82
2026-10-09 23:59:23,918 - INFO - Prompt processing progress: 82/82
127.0.0.1 - - [10/Oct/2026 00:00:00] "POST /v1/chat/completions HTTP/1.1" 200 -
2026-10-10 00:00:00,422 - INFO - Prompt Cache: 6 sequences, 0.60 GB
2026-10-10 00:00:00,422 - INFO - - assistant: 6 sequences, 0.60 GB
2026-10-10 00:00:00,422 - INFO - - user: 0 sequences, 0.00 GB
2026-10-10 00:00:00,422 - INFO - - system: 0 sequences, 0.00 GB
2026-10-10 00:00:00,454 - INFO - Prompt processing progress: 0/73
2026-10-10 00:00:00,528 - INFO - Prompt processing progress: 72/73
2026-10-10 00:00:00,533 - INFO - Prompt processing progress: 73/73
127.0.0.1 - - [10/Oct/2026 00:00:07] "POST /v1/chat/completions HTTP/1.1" 200 -
2026-10-10 00:00:07,222 - INFO - Prompt Cache: 7 sequences, 0.66 GB
2026-10-10 00:00:07,222 - INFO - - assistant: 7 sequences, 0.66 GB
2026-10-10 00:00:07,222 - INFO - - user: 0 sequences, 0.00 GB
2026-10-10 00:00:07,222 - INFO - - system: 0 sequences, 0.00 GB
2026-10-10 00:00:07,230 - INFO - Prompt processing progress: 0/78
2026-10-10 00:00:07,306 - INFO - Prompt processing progress: 77/78
2026-10-10 00:00:07,311 - INFO - Prompt processing progress: 78/78
127.0.0.1 - - [10/Oct/2026 00:00:19] "POST /v1/chat/completions HTTP/1.1" 200 -
2026-10-10 00:00:19,249 - INFO - Prompt Cache: 8 sequences, 0.75 GB
2026-10-10 00:00:19,249 - INFO - - assistant: 8 sequences, 0.75 GB
2026-10-10 00:00:19,249 - INFO - - user: 0 sequences, 0.00 GB
2026-10-10 00:00:19,249 - INFO - - system: 0 sequences, 0.00 GB
2026-10-10 00:00:19,261 - INFO - Prompt processing progress: 0/68
2026-10-10 00:00:19,333 - INFO - Prompt processing progress: 67/68
2026-10-10 00:00:19,338 - INFO - Prompt processing progress: 68/68
127.0.0.1 - - [10/Oct/2026 00:00:44] "POST /v1/chat/completions HTTP/1.1" 200 -
2026-10-10 00:00:44,080 - INFO - Prompt Cache: 9 sequences, 0.87 GB
2026-10-10 00:00:44,080 - INFO - - assistant: 9 sequences, 0.87 GB
2026-10-10 00:00:44,080 - INFO - - user: 0 sequences, 0.00 GB
2026-10-10 00:00:44,080 - INFO - - system: 0 sequences, 0.00 GB
2026-10-10 00:00:44,103 - INFO - Prompt processing progress: 0/73
2026-10-10 00:00:44,143 - INFO - Prompt processing progress: 72/73
2026-10-10 00:00:44,148 - INFO - Prompt processing progress: 73/73
127.0.0.1 - - [10/Oct/2026 00:01:03] "POST /v1/chat/completions HTTP/1.1" 200 -
2026-10-10 00:01:03,093 - INFO - Prompt Cache: 10 sequences, 0.98 GB
2026-10-10 00:01:03,093 - INFO - - assistant: 10 sequences, 0.98 GB
2026-10-10 00:01:03,093 - INFO - - user: 0 sequences, 0.00 GB
2026-10-10 00:01:03,093 - INFO - - system: 0 sequences, 0.00 GB
2026-10-10 00:01:03,117 - INFO - Prompt processing progress: 0/95
2026-10-10 00:01:03,198 - INFO - Prompt processing progress: 94/95
2026-10-10 00:01:03,204 - INFO - Prompt processing progress: 95/95
127.0.0.1 - - [10/Oct/2026 00:01:14] "POST /v1/chat/completions HTTP/1.1" 200 -
2026-10-10 00:01:14,425 - INFO - Prompt Cache: 10 sequences, 0.98 GB
2026-10-10 00:01:14,426 - INFO - - assistant: 10 sequences, 0.98 GB
2026-10-10 00:01:14,426 - INFO - - user: 0 sequences, 0.00 GB
2026-10-10 00:01:14,426 - INFO - - system: 0 sequences, 0.00 GB
2026-10-10 00:01:14,444 - INFO - Prompt processing progress: 0/102
2026-10-10 00:01:14,528 - INFO - Prompt processing progress: 101/102
2026-10-10 00:01:14,533 - INFO - Prompt processing progress: 102/102
127.0.0.1 - - [10/Oct/2026 00:01:48] "POST /v1/chat/completions HTTP/1.1" 200 -
2026-10-10 00:01:48,567 - INFO - Prompt Cache: 10 sequences, 1.05 GB
2026-10-10 00:01:48,567 - INFO - - assistant: 10 sequences, 1.05 GB
2026-10-10 00:01:48,567 - INFO - - user: 0 sequences, 0.00 GB
2026-10-10 00:01:48,567 - INFO - - system: 0 sequences, 0.00 GB
2026-10-10 00:01:48,606 - INFO - Prompt processing progress: 0/72
2026-10-10 00:01:48,681 - INFO - Prompt processing progress: 71/72
2026-10-10 00:01:48,686 - INFO - Prompt processing progress: 72/72
127.0.0.1 - - [10/Oct/2026 00:01:55] "POST /v1/chat/completions HTTP/1.1" 200 -
2026-10-10 00:01:55,199 - INFO - Prompt Cache: 10 sequences, 0.98 GB
2026-10-10 00:01:55,199 - INFO - - assistant: 10 sequences, 0.98 GB
2026-10-10 00:01:55,199 - INFO - - user: 0 sequences, 0.00 GB
2026-10-10 00:01:55,199 - INFO - - system: 0 sequences, 0.00 GB
2026-10-10 00:01:55,209 - INFO - Prompt processing progress: 0/84
2026-10-10 00:01:55,287 - INFO - Prompt processing progress: 83/84
2026-10-10 00:01:55,292 - INFO - Prompt processing progress: 84/84
127.0.0.1 - - [10/Oct/2026 00:02:17] "POST /v1/chat/completions HTTP/1.1" 200 -
2026-10-10 00:02:17,333 - INFO - Prompt Cache: 10 sequences, 1.03 GB
2026-10-10 00:02:17,333 - INFO - - assistant: 10 sequences, 1.03 GB
2026-10-10 00:02:17,333 - INFO - - user: 0 sequences, 0.00 GB
2026-10-10 00:02:17,333 - INFO - - system: 0 sequences, 0.00 GB
2026-10-10 00:02:17,352 - INFO - Prompt processing progress: 0/93
2026-10-10 00:02:17,433 - INFO - Prompt processing progress: 92/93
2026-10-10 00:02:17,439 - INFO - Prompt processing progress: 93/93
127.0.0.1 - - [10/Oct/2026 00:02:34] "POST /v1/chat/completions HTTP/1.1" 200 -
2026-10-10 00:02:34,533 - INFO - Prompt Cache: 10 sequences, 1.07 GB
2026-10-10 00:02:34,533 - INFO - - assistant: 10 sequences, 1.07 GB
2026-10-10 00:02:34,533 - INFO - - user: 0 sequences, 0.00 GB
2026-10-10 00:02:34,533 - INFO - - system: 0 sequences, 0.00 GB
2026-10-10 00:02:34,553 - INFO - Prompt processing progress: 0/99
2026-10-10 00:02:34,636 - INFO - Prompt processing progress: 98/99
2026-10-10 00:02:34,641 - INFO - Prompt processing progress: 99/99
127.0.0.1 - - [10/Oct/2026 00:02:47] "POST /v1/chat/completions HTTP/1.1" 200 -
2026-10-10 00:02:47,217 - INFO - Prompt Cache: 10 sequences, 0.99 GB
2026-10-10 00:02:47,218 - INFO - - assistant: 10 sequences, 0.99 GB
2026-10-10 00:02:47,218 - INFO - - user: 0 sequences, 0.00 GB
2026-10-10 00:02:47,218 - INFO - - system: 0 sequences, 0.00 GB
2026-10-10 00:02:47,234 - INFO - Prompt processing progress: 0/73
2026-10-10 00:02:47,275 - INFO - Prompt processing progress: 72/73
2026-10-10 00:02:47,280 - INFO - Prompt processing progress: 73/73
127.0.0.1 - - [10/Oct/2026 00:03:13] "POST /v1/chat/completions HTTP/1.1" 200 -
2026-10-10 00:03:13,842 - INFO - Prompt Cache: 10 sequences, 1.06 GB
2026-10-10 00:03:13,842 - INFO - - assistant: 10 sequences, 1.06 GB
2026-10-10 00:03:13,842 - INFO - - user: 0 sequences, 0.00 GB
2026-10-10 00:03:13,842 - INFO - - system: 0 sequences, 0.00 GB
2026-10-10 00:03:13,870 - INFO - Prompt processing progress: 0/76
2026-10-10 00:03:13,944 - INFO - Prompt processing progress: 75/76
2026-10-10 00:03:13,950 - INFO - Prompt processing progress: 76/76
127.0.0.1 - - [10/Oct/2026 00:03:25] "POST /v1/chat/completions HTTP/1.1" 200 -
2026-10-10 00:03:25,285 - INFO - Prompt Cache: 10 sequences, 1.05 GB
2026-10-10 00:03:25,285 - INFO - - assistant: 10 sequences, 1.05 GB
2026-10-10 00:03:25,285 - INFO - - user: 0 sequences, 0.00 GB
2026-10-10 00:03:25,285 - INFO - - system: 0 sequences, 0.00 GB
2026-10-10 00:03:25,304 - INFO - Prompt processing progress: 0/80
2026-10-10 00:03:25,380 - INFO - Prompt processing progress: 79/80
2026-10-10 00:03:25,385 - INFO - Prompt processing progress: 80/80
127.0.0.1 - - [10/Oct/2026 00:03:33] "POST /v1/chat/completions HTTP/1.1" 200 -
2026-10-10 00:03:33,527 - INFO - Prompt Cache: 10 sequences, 1.00 GB
2026-10-10 00:03:33,527 - INFO - - assistant: 10 sequences, 1.00 GB
2026-10-10 00:03:33,527 - INFO - - user: 0 sequences, 0.00 GB
2026-10-10 00:03:33,527 - INFO - - system: 0 sequences, 0.00 GB
2026-10-10 00:03:33,540 - INFO - Prompt processing progress: 0/85
2026-10-10 00:03:33,618 - INFO - Prompt processing progress: 84/85
2026-10-10 00:03:33,624 - INFO - Prompt processing progress: 85/85
127.0.0.1 - - [10/Oct/2026 00:03:45] "POST /v1/chat/completions HTTP/1.1" 200 -
2026-10-10 00:03:45,171 - INFO - Prompt Cache: 10 sequences, 0.97 GB
2026-10-10 00:03:45,171 - INFO - - assistant: 10 sequences, 0.97 GB
2026-10-10 00:03:45,171 - INFO - - user: 0 sequences, 0.00 GB
2026-10-10 00:03:45,171 - INFO - - system: 0 sequences, 0.00 GB
2026-10-10 00:03:45,187 - INFO - Prompt processing progress: 0/71
2026-10-10 00:03:45,260 - INFO - Prompt processing progress: 70/71
2026-10-10 00:03:45,265 - INFO - Prompt processing progress: 71/71
127.0.0.1 - - [10/Oct/2026 00:03:59] "POST /v1/chat/completions HTTP/1.1" 200 -
2026-10-10 00:03:59,618 - INFO - Prompt Cache: 10 sequences, 0.98 GB
2026-10-10 00:03:59,618 - INFO - - assistant: 10 sequences, 0.98 GB
2026-10-10 00:03:59,618 - INFO - - user: 0 sequences, 0.00 GB
2026-10-10 00:03:59,618 - INFO - - system: 0 sequences, 0.00 GB
2026-10-10 00:03:59,637 - INFO - Prompt processing progress: 0/75
2026-10-10 00:03:59,712 - INFO - Prompt processing progress: 74/75
2026-10-10 00:03:59,717 - INFO - Prompt processing progress: 75/75
127.0.0.1 - - [10/Oct/2026 00:04:10] "POST /v1/chat/completions HTTP/1.1" 200 -
2026-10-10 00:04:10,208 - INFO - Prompt Cache: 10 sequences, 0.91 GB
2026-10-10 00:04:10,208 - INFO - - assistant: 10 sequences, 0.91 GB
2026-10-10 00:04:10,208 - INFO - - user: 0 sequences, 0.00 GB
2026-10-10 00:04:10,208 - INFO - - system: 0 sequences, 0.00 GB
2026-10-10 00:04:10,226 - INFO - Prompt processing progress: 0/78
2026-10-10 00:04:10,269 - INFO - Prompt processing progress: 77/78
2026-10-10 00:04:10,274 - INFO - Prompt processing progress: 78/78
127.0.0.1 - - [10/Oct/2026 00:04:22] "POST /v1/chat/completions HTTP/1.1" 200 -
2026-10-10 00:04:22,077 - INFO - Prompt Cache: 10 sequences, 0.92 GB
2026-10-10 00:04:22,078 - INFO - - assistant: 10 sequences, 0.92 GB
2026-10-10 00:04:22,078 - INFO - - user: 0 sequences, 0.00 GB
2026-10-10 00:04:22,078 - INFO - - system: 0 sequences, 0.00 GB
2026-10-10 00:04:22,097 - INFO - Prompt processing progress: 0/83
2026-10-10 00:04:22,175 - INFO - Prompt processing progress: 82/83
2026-10-10 00:04:22,180 - INFO - Prompt processing progress: 83/83
