{"memory_boundary": "after-model-only-load", "repeat": null, "active_bytes": 7100258816, "cached_bytes": 0, "allocator_peak_bytes": 7100258816, "device_memory": {"interface": "cudaMemGetInfo", "free_bytes": 25530531840, "total_bytes": 33647230976, "device_used_bytes": 8116699136, "measurement": "point sample; device-wide, not peak"}, "monotonic_s": 194992.183157638}
{"memory_boundary": "after-disposable-fresh-state", "repeat": null, "active_bytes": 11657632272, "cached_bytes": 0, "allocator_peak_bytes": 11657632272, "device_memory": {"interface": "cudaMemGetInfo", "free_bytes": 20948254720, "total_bytes": 33647230976, "device_used_bytes": 12698976256, "measurement": "point sample; device-wide, not peak"}, "monotonic_s": 194992.19870318}
{"memory_boundary": "after-restored-state-materialization", "repeat": null, "active_bytes": 11657632272, "cached_bytes": 0, "allocator_peak_bytes": 11657632272, "device_memory": {"interface": "cudaMemGetInfo", "free_bytes": 20948254720, "total_bytes": 33647230976, "device_used_bytes": 12698976256, "measurement": "point sample; device-wide, not peak"}, "monotonic_s": 194994.579675004}
{"memory_boundary": "before-backward", "repeat": 1, "active_bytes": 11657632272, "cached_bytes": 0, "allocator_peak_bytes": 11657632272, "device_memory": {"interface": "cudaMemGetInfo", "free_bytes": 20948254720, "total_bytes": 33647230976, "device_used_bytes": 12698976256, "measurement": "point sample; device-wide, not peak"}, "monotonic_s": 194994.595507366}
{"memory_boundary": "after-backward", "repeat": 1, "active_bytes": 13937237792, "cached_bytes": 0, "allocator_peak_bytes": 22056095088, "device_memory": {"interface": "cudaMemGetInfo", "free_bytes": 8421965824, "total_bytes": 33647230976, "device_used_bytes": 25225265152, "measurement": "point sample; device-wide, not peak"}, "monotonic_s": 194996.754347427}
{"memory_boundary": "before-update", "repeat": 1, "active_bytes": 13937237792, "cached_bytes": 0, "allocator_peak_bytes": 22056095088, "device_memory": {"interface": "cudaMemGetInfo", "free_bytes": 8421965824, "total_bytes": 33647230976, "device_used_bytes": 25225265152, "measurement": "point sample; device-wide, not peak"}, "monotonic_s": 194996.755447033}
{"memory_boundary": "after-update", "repeat": 1, "active_bytes": 18494611240, "cached_bytes": 0, "allocator_peak_bytes": 22056095088, "device_memory": {"interface": "cudaMemGetInfo", "free_bytes": 8061255680, "total_bytes": 33647230976, "device_used_bytes": 25585975296, "measurement": "point sample; device-wide, not peak"}, "monotonic_s": 194996.824881097}
{"memory_boundary": "after-release-diagnostic-temporaries", "repeat": 1, "active_bytes": 15456362264, "cached_bytes": 0, "allocator_peak_bytes": 22056095088, "device_memory": {"interface": "cudaMemGetInfo", "free_bytes": 13520142336, "total_bytes": 33647230976, "device_used_bytes": 20127088640, "measurement": "point sample; device-wide, not peak"}, "monotonic_s": 194996.846933236}
{"memory_boundary": "before-backward", "repeat": 2, "active_bytes": 15456362264, "cached_bytes": 0, "allocator_peak_bytes": 22056095088, "device_memory": {"interface": "cudaMemGetInfo", "free_bytes": 13520142336, "total_bytes": 33647230976, "device_used_bytes": 20127088640, "measurement": "point sample; device-wide, not peak"}, "monotonic_s": 194996.847098825}
Traceback (most recent call last):
  File "/home/imad/GitHub/personal/mellum-mlx/results/calibration-v2-restart-repair/runtime-code/legacy-instrumented.py", line 421, in <module>
    if __name__=='__main__':main()
                            ^^^^^^
  File "/home/imad/GitHub/personal/mellum-mlx/results/calibration-v2-restart-repair/runtime-code/legacy-instrumented.py", line 419, in main
    else:restart_restore(args)
         ^^^^^^^^^^^^^^^^^^^^^
  File "/home/imad/GitHub/personal/mellum-mlx/results/calibration-v2-restart-repair/runtime-code/legacy-instrumented.py", line 273, in restart_restore
    samples,gradient,delta=restart_samples(model,params,state,row,args.arm)
                           ^^^^^^^^^^^^^^^^^^^^^^^^^^^^^^^^^^^^^^^^^^^^^^^^
  File "/home/imad/GitHub/personal/mellum-mlx/results/calibration-v2-restart-repair/runtime-code/legacy-instrumented.py", line 223, in restart_samples
    gradient=base.gradient_receipt(loss,grads)
             ^^^^^^^^^^^^^^^^^^^^^^^^^^^^^^^^^
  File "/home/imad/GitHub/personal/mellum-mlx/scripts/calibration_v2_objective.py", line 197, in gradient_receipt
    flat = dict(tree_flatten(grads)); mx.eval(loss,flat)
                                      ^^^^^^^^^^^^^^^^^^
RuntimeError: cudaMallocAsync(&data, size, stream) failed: out of memory
