{"memory_boundary": {"phase": "after-model-only-load", "repeat": null, "active_bytes": 7100258816, "cached_bytes": 0, "mlx_peak_bytes": 7100258816, "device_memory": {"interface": "cudaMemGetInfo", "free_bytes": 25530597376, "total_bytes": 33647230976, "device_used_bytes": 8116633600, "measurement": "point sample; device-wide, not peak"}, "monotonic_s": 195202.260776453}}
{"memory_boundary": {"phase": "after-restored-state-materialization", "repeat": null, "active_bytes": 12418112016, "cached_bytes": 0, "mlx_peak_bytes": 12418112016, "device_memory": {"interface": "cudaMemGetInfo", "free_bytes": 20038156288, "total_bytes": 33647230976, "device_used_bytes": 13609074688, "measurement": "point sample; device-wide, not peak"}, "monotonic_s": 195204.644732268}}
{"memory_boundary": {"phase": "before-backward", "repeat": 1, "active_bytes": 12418112024, "cached_bytes": 0, "mlx_peak_bytes": 12418112024, "device_memory": {"interface": "cudaMemGetInfo", "free_bytes": 20038156288, "total_bytes": 33647230976, "device_used_bytes": 13609074688, "measurement": "point sample; device-wide, not peak"}, "monotonic_s": 195204.660891883}}
{"memory_boundary": {"phase": "after-backward", "repeat": 1, "active_bytes": 13937237792, "cached_bytes": 0, "mlx_peak_bytes": 22468556448, "device_memory": {"interface": "cudaMemGetInfo", "free_bytes": 7880966144, "total_bytes": 33647230976, "device_used_bytes": 25766264832, "measurement": "point sample; device-wide, not peak"}, "monotonic_s": 195206.798841651}}
{"memory_boundary": {"phase": "before-update", "repeat": 1, "active_bytes": 13937237792, "cached_bytes": 0, "mlx_peak_bytes": 22468556448, "device_memory": {"interface": "cudaMemGetInfo", "free_bytes": 6404571136, "total_bytes": 33647230976, "device_used_bytes": 27242659840, "measurement": "point sample; device-wide, not peak"}, "monotonic_s": 195207.28590504}}
{"memory_boundary": {"phase": "after-update", "repeat": 1, "active_bytes": 18494611240, "cached_bytes": 0, "mlx_peak_bytes": 22468556448, "device_memory": {"interface": "cudaMemGetInfo", "free_bytes": 6043860992, "total_bytes": 33647230976, "device_used_bytes": 27603369984, "measurement": "point sample; device-wide, not peak"}, "monotonic_s": 195207.478440395}}
{"memory_boundary": {"phase": "after-release-diagnostic-temporaries", "repeat": 1, "active_bytes": 12418113304, "cached_bytes": 0, "mlx_peak_bytes": 22468556448, "device_memory": {"interface": "cudaMemGetInfo", "free_bytes": 16907108352, "total_bytes": 33647230976, "device_used_bytes": 16740122624, "measurement": "point sample; device-wide, not peak"}, "monotonic_s": 195208.429340016}}
{"memory_boundary": {"phase": "before-backward", "repeat": 2, "active_bytes": 12418113304, "cached_bytes": 0, "mlx_peak_bytes": 22468556448, "device_memory": {"interface": "cudaMemGetInfo", "free_bytes": 16907108352, "total_bytes": 33647230976, "device_used_bytes": 16740122624, "measurement": "point sample; device-wide, not peak"}, "monotonic_s": 195208.429658795}}
{"memory_boundary": {"phase": "after-backward", "repeat": 2, "active_bytes": 13937237792, "cached_bytes": 0, "mlx_peak_bytes": 29244582584, "device_memory": {"interface": "cudaMemGetInfo", "free_bytes": 993918976, "total_bytes": 33647230976, "device_used_bytes": 32653312000, "measurement": "point sample; device-wide, not peak"}, "monotonic_s": 195210.274705703}}
{"memory_boundary": {"phase": "before-update", "repeat": 2, "active_bytes": 13937237792, "cached_bytes": 0, "mlx_peak_bytes": 29244582584, "device_memory": {"interface": "cudaMemGetInfo", "free_bytes": 33423360, "total_bytes": 33647230976, "device_used_bytes": 33613807616, "measurement": "point sample; device-wide, not peak"}, "monotonic_s": 195210.637397921}}
{"memory_boundary": {"phase": "after-update", "repeat": 2, "active_bytes": 18505555752, "cached_bytes": 0, "mlx_peak_bytes": 29244582584, "device_memory": {"interface": "cudaMemGetInfo", "free_bytes": 33423360, "total_bytes": 33647230976, "device_used_bytes": 33613807616, "measurement": "point sample; device-wide, not peak"}, "monotonic_s": 195210.850215853}}
{"memory_boundary": {"phase": "after-release-diagnostic-temporaries", "repeat": 2, "active_bytes": 12418113304, "cached_bytes": 0, "mlx_peak_bytes": 29244582584, "device_memory": {"interface": "cudaMemGetInfo", "free_bytes": 18274451456, "total_bytes": 33647230976, "device_used_bytes": 15372779520, "measurement": "point sample; device-wide, not peak"}, "monotonic_s": 195211.519924684}}
{"memory_boundary": {"phase": "before-backward", "repeat": 3, "active_bytes": 12418113304, "cached_bytes": 0, "mlx_peak_bytes": 29244582584, "device_memory": {"interface": "cudaMemGetInfo", "free_bytes": 18274451456, "total_bytes": 33647230976, "device_used_bytes": 15372779520, "measurement": "point sample; device-wide, not peak"}, "monotonic_s": 195211.520031063}}
{"memory_boundary": {"phase": "after-backward", "repeat": 3, "active_bytes": 13937237792, "cached_bytes": 0, "mlx_peak_bytes": 29244582584, "device_memory": {"interface": "cudaMemGetInfo", "free_bytes": 1411252224, "total_bytes": 33647230976, "device_used_bytes": 32235978752, "measurement": "point sample; device-wide, not peak"}, "monotonic_s": 195213.334195568}}
{"memory_boundary": {"phase": "before-update", "repeat": 3, "active_bytes": 13937237792, "cached_bytes": 0, "mlx_peak_bytes": 29244582584, "device_memory": {"interface": "cudaMemGetInfo", "free_bytes": 69074944, "total_bytes": 33647230976, "device_used_bytes": 33578156032, "measurement": "point sample; device-wide, not peak"}, "monotonic_s": 195213.692297203}}
{"memory_boundary": {"phase": "after-update", "repeat": 3, "active_bytes": 18494611240, "cached_bytes": 0, "mlx_peak_bytes": 29244582584, "device_memory": {"interface": "cudaMemGetInfo", "free_bytes": 33423360, "total_bytes": 33647230976, "device_used_bytes": 33613807616, "measurement": "point sample; device-wide, not peak"}, "monotonic_s": 195213.962206154}}
{"memory_boundary": {"phase": "after-release-diagnostic-temporaries", "repeat": 3, "active_bytes": 12418113304, "cached_bytes": 0, "mlx_peak_bytes": 29244582584, "device_memory": {"interface": "cudaMemGetInfo", "free_bytes": 17924227072, "total_bytes": 33647230976, "device_used_bytes": 15723003904, "measurement": "point sample; device-wide, not peak"}, "monotonic_s": 195214.608102548}}
{"memory_boundary": {"phase": "before-backward", "repeat": 4, "active_bytes": 12418113304, "cached_bytes": 0, "mlx_peak_bytes": 29244582584, "device_memory": {"interface": "cudaMemGetInfo", "free_bytes": 17924227072, "total_bytes": 33647230976, "device_used_bytes": 15723003904, "measurement": "point sample; device-wide, not peak"}, "monotonic_s": 195214.608189158}}
{"memory_boundary": {"phase": "after-backward", "repeat": 4, "active_bytes": 13937237792, "cached_bytes": 0, "mlx_peak_bytes": 29244582584, "device_memory": {"interface": "cudaMemGetInfo", "free_bytes": 1312686080, "total_bytes": 33647230976, "device_used_bytes": 32334544896, "measurement": "point sample; device-wide, not peak"}, "monotonic_s": 195216.440276423}}
{"memory_boundary": {"phase": "before-update", "repeat": 4, "active_bytes": 13937237792, "cached_bytes": 0, "mlx_peak_bytes": 29244582584, "device_memory": {"interface": "cudaMemGetInfo", "free_bytes": 33423360, "total_bytes": 33647230976, "device_used_bytes": 33613807616, "measurement": "point sample; device-wide, not peak"}, "monotonic_s": 195216.797133132}}
{"memory_boundary": {"phase": "after-update", "repeat": 4, "active_bytes": 18494693160, "cached_bytes": 0, "mlx_peak_bytes": 29244582584, "device_memory": {"interface": "cudaMemGetInfo", "free_bytes": 33423360, "total_bytes": 33647230976, "device_used_bytes": 33613807616, "measurement": "point sample; device-wide, not peak"}, "monotonic_s": 195217.113045546}}
{"memory_boundary": {"phase": "after-release-diagnostic-temporaries", "repeat": 4, "active_bytes": 12418113304, "cached_bytes": 0, "mlx_peak_bytes": 29244582584, "device_memory": {"interface": "cudaMemGetInfo", "free_bytes": 17821466624, "total_bytes": 33647230976, "device_used_bytes": 15825764352, "measurement": "point sample; device-wide, not peak"}, "monotonic_s": 195217.775038262}}
{"memory_boundary": {"phase": "before-backward", "repeat": 5, "active_bytes": 12418113304, "cached_bytes": 0, "mlx_peak_bytes": 29244582584, "device_memory": {"interface": "cudaMemGetInfo", "free_bytes": 17821466624, "total_bytes": 33647230976, "device_used_bytes": 15825764352, "measurement": "point sample; device-wide, not peak"}, "monotonic_s": 195217.775128602}}
{"memory_boundary": {"phase": "after-backward", "repeat": 5, "active_bytes": 13937238672, "cached_bytes": 0, "mlx_peak_bytes": 29244582584, "device_memory": {"interface": "cudaMemGetInfo", "free_bytes": 834535424, "total_bytes": 33647230976, "device_used_bytes": 32812695552, "measurement": "point sample; device-wide, not peak"}, "monotonic_s": 195219.597912657}}
{"memory_boundary": {"phase": "before-update", "repeat": 5, "active_bytes": 13937237792, "cached_bytes": 0, "mlx_peak_bytes": 29244582584, "device_memory": {"interface": "cudaMemGetInfo", "free_bytes": 33423360, "total_bytes": 33647230976, "device_used_bytes": 33613807616, "measurement": "point sample; device-wide, not peak"}, "monotonic_s": 195219.96838689}}
{"memory_boundary": {"phase": "after-update", "repeat": 5, "active_bytes": 18495954728, "cached_bytes": 0, "mlx_peak_bytes": 29244582584, "device_memory": {"interface": "cudaMemGetInfo", "free_bytes": 33423360, "total_bytes": 33647230976, "device_used_bytes": 33613807616, "measurement": "point sample; device-wide, not peak"}, "monotonic_s": 195220.308685664}}
{"memory_boundary": {"phase": "after-release-diagnostic-temporaries", "repeat": 5, "active_bytes": 12418113304, "cached_bytes": 0, "mlx_peak_bytes": 29244582584, "device_memory": {"interface": "cudaMemGetInfo", "free_bytes": 17695637504, "total_bytes": 33647230976, "device_used_bytes": 15951593472, "measurement": "point sample; device-wide, not peak"}, "monotonic_s": 195220.984395162}}
Traceback (most recent call last):
  File "/home/imad/GitHub/personal/mellum-mlx/scripts/calibration_v2_runtime.py", line 495, in <module>
    if __name__=='__main__':main()
                            ^^^^^^
  File "/home/imad/GitHub/personal/mellum-mlx/scripts/calibration_v2_runtime.py", line 493, in main
    else:restart_restore(args)
         ^^^^^^^^^^^^^^^^^^^^^
  File "/home/imad/GitHub/personal/mellum-mlx/scripts/calibration_v2_runtime.py", line 361, in restart_restore
    if grad_error>.05 or delta_error>.05 or loss_error>.005:raise ValueError('Restored next-update tolerance failed')
                                                            ^^^^^^^^^^^^^^^^^^^^^^^^^^^^^^^^^^^^^^^^^^^^^^^^^^^^^^^^^
ValueError: Restored next-update tolerance failed
